Archive member included to satisfy reference by file (symbol)

examples/libexamples.a(LCD_1in8_test.c.obj)
                              CMakeFiles/main.dir/main.c.obj (LCD_1in8_test)
lib/LCD/libLCD.a(LCD_1in8.c.obj)
                              examples/libexamples.a(LCD_1in8_test.c.obj) (LCD_1IN8_Init)
lib/GUI/libGUI.a(GUI_Paint.c.obj)
                              examples/libexamples.a(LCD_1in8_test.c.obj) (Paint_NewImage)
lib/Fonts/libFonts.a(font12.c.obj)
                              examples/libexamples.a(LCD_1in8_test.c.obj) (Font12)
lib/Config/libConfig.a(DEV_Config.c.obj)
                              lib/LCD/libLCD.a(LCD_1in8.c.obj) (DEV_Digital_Write)
/usr/lib/gcc/arm-none-eabi/9.2.1/thumb/v6-m/nofp/libgcc.a(_dvmd_tls.o)
                              CMakeFiles/main.dir/home/ghostrunner/virtual_pet/pico-sdk/src/rp2_common/pico_divider/divider.S.obj (__aeabi_idiv0)
/usr/lib/gcc/arm-none-eabi/9.2.1/../../../arm-none-eabi/lib/thumb/v6-m/nofp/libc.a(lib_a-atexit.o)
                              /usr/lib/gcc/arm-none-eabi/9.2.1/../../../arm-none-eabi/lib/thumb/v6-m/nofp/crt0.o (atexit)
/usr/lib/gcc/arm-none-eabi/9.2.1/../../../arm-none-eabi/lib/thumb/v6-m/nofp/libc.a(lib_a-calloc.o)
                              CMakeFiles/main.dir/home/ghostrunner/virtual_pet/pico-sdk/src/rp2_common/pico_malloc/pico_malloc.c.obj (calloc)
/usr/lib/gcc/arm-none-eabi/9.2.1/../../../arm-none-eabi/lib/thumb/v6-m/nofp/libc.a(lib_a-callocr.o)
                              /usr/lib/gcc/arm-none-eabi/9.2.1/../../../arm-none-eabi/lib/thumb/v6-m/nofp/libc.a(lib_a-calloc.o) (_calloc_r)
/usr/lib/gcc/arm-none-eabi/9.2.1/../../../arm-none-eabi/lib/thumb/v6-m/nofp/libc.a(lib_a-fini.o)
                              /usr/lib/gcc/arm-none-eabi/9.2.1/../../../arm-none-eabi/lib/thumb/v6-m/nofp/crt0.o (__libc_fini_array)
/usr/lib/gcc/arm-none-eabi/9.2.1/../../../arm-none-eabi/lib/thumb/v6-m/nofp/libc.a(lib_a-impure.o)
                              /usr/lib/gcc/arm-none-eabi/9.2.1/../../../arm-none-eabi/lib/thumb/v6-m/nofp/libc.a(lib_a-calloc.o) (_impure_ptr)
/usr/lib/gcc/arm-none-eabi/9.2.1/../../../arm-none-eabi/lib/thumb/v6-m/nofp/libc.a(lib_a-init.o)
                              /usr/lib/gcc/arm-none-eabi/9.2.1/../../../arm-none-eabi/lib/thumb/v6-m/nofp/crt0.o (__libc_init_array)
/usr/lib/gcc/arm-none-eabi/9.2.1/../../../arm-none-eabi/lib/thumb/v6-m/nofp/libc.a(lib_a-malloc.o)
                              CMakeFiles/main.dir/home/ghostrunner/virtual_pet/pico-sdk/src/rp2_common/pico_malloc/pico_malloc.c.obj (malloc)
/usr/lib/gcc/arm-none-eabi/9.2.1/../../../arm-none-eabi/lib/thumb/v6-m/nofp/libc.a(lib_a-mallocr.o)
                              /usr/lib/gcc/arm-none-eabi/9.2.1/../../../arm-none-eabi/lib/thumb/v6-m/nofp/libc.a(lib_a-callocr.o) (_malloc_r)
/usr/lib/gcc/arm-none-eabi/9.2.1/../../../arm-none-eabi/lib/thumb/v6-m/nofp/libc.a(lib_a-mlock.o)
                              /usr/lib/gcc/arm-none-eabi/9.2.1/../../../arm-none-eabi/lib/thumb/v6-m/nofp/libc.a(lib_a-mallocr.o) (__malloc_lock)
/usr/lib/gcc/arm-none-eabi/9.2.1/../../../arm-none-eabi/lib/thumb/v6-m/nofp/libc.a(lib_a-realloc.o)
                              CMakeFiles/main.dir/home/ghostrunner/virtual_pet/pico-sdk/src/rp2_common/pico_malloc/pico_malloc.c.obj (realloc)
/usr/lib/gcc/arm-none-eabi/9.2.1/../../../arm-none-eabi/lib/thumb/v6-m/nofp/libc.a(lib_a-reallocr.o)
                              /usr/lib/gcc/arm-none-eabi/9.2.1/../../../arm-none-eabi/lib/thumb/v6-m/nofp/libc.a(lib_a-realloc.o) (_realloc_r)
/usr/lib/gcc/arm-none-eabi/9.2.1/../../../arm-none-eabi/lib/thumb/v6-m/nofp/libc.a(lib_a-sbrkr.o)
                              /usr/lib/gcc/arm-none-eabi/9.2.1/../../../arm-none-eabi/lib/thumb/v6-m/nofp/libc.a(lib_a-mallocr.o) (_sbrk_r)
/usr/lib/gcc/arm-none-eabi/9.2.1/../../../arm-none-eabi/lib/thumb/v6-m/nofp/libc.a(lib_a-strlen-stub.o)
                              CMakeFiles/main.dir/home/ghostrunner/virtual_pet/pico-sdk/src/rp2_common/pico_stdio/stdio.c.obj (strlen)
/usr/lib/gcc/arm-none-eabi/9.2.1/../../../arm-none-eabi/lib/thumb/v6-m/nofp/libc.a(lib_a-__atexit.o)
                              /usr/lib/gcc/arm-none-eabi/9.2.1/../../../arm-none-eabi/lib/thumb/v6-m/nofp/libc.a(lib_a-atexit.o) (__register_exitproc)
/usr/lib/gcc/arm-none-eabi/9.2.1/../../../arm-none-eabi/lib/thumb/v6-m/nofp/libc.a(lib_a-freer.o)
                              /usr/lib/gcc/arm-none-eabi/9.2.1/../../../arm-none-eabi/lib/thumb/v6-m/nofp/libc.a(lib_a-malloc.o) (_free_r)
/usr/lib/gcc/arm-none-eabi/9.2.1/../../../arm-none-eabi/lib/thumb/v6-m/nofp/libc.a(lib_a-memmove.o)
                              /usr/lib/gcc/arm-none-eabi/9.2.1/../../../arm-none-eabi/lib/thumb/v6-m/nofp/libc.a(lib_a-reallocr.o) (memmove)
/usr/lib/gcc/arm-none-eabi/9.2.1/../../../arm-none-eabi/lib/thumb/v6-m/nofp/libc.a(lib_a-reent.o)
                              /usr/lib/gcc/arm-none-eabi/9.2.1/../../../arm-none-eabi/lib/thumb/v6-m/nofp/libc.a(lib_a-sbrkr.o) (errno)

Allocating common symbols
[...]
Memory Configuration

Name             Origin             Length             Attributes
FLASH            0x0000000010000000 0x0000000000200000 xr
RAM              0x0000000020000000 0x0000000000040000 xrw
SCRATCH_X        0x0000000020040000 0x0000000000001000 xrw
SCRATCH_Y        0x0000000020041000 0x0000000000001000 xrw
*default*        0x0000000000000000 0xffffffffffffffff

Linker script and memory map

LOAD /usr/lib/gcc/arm-none-eabi/9.2.1/thumb/v6-m/nofp/crti.o
LOAD /usr/lib/gcc/arm-none-eabi/9.2.1/thumb/v6-m/nofp/crtbegin.o
LOAD /usr/lib/gcc/arm-none-eabi/9.2.1/../../../arm-none-eabi/lib/thumb/v6-m/nofp/crt0.o

.flash_begin    0x0000000010000000        0x0
                0x0000000010000000                __flash_binary_start = .

.boot2          0x0000000010000000      0x100
                0x0000000010000000                __boot2_start__ = .
 *(.boot2)
 .boot2         0x0000000010000000      0x100 /tmp/ccbS5bTt.o
                0x0000000010000100                __boot2_end__ = .
                0x0000000000000001                ASSERT (((__boot2_end__ - __boot2_start__) == 0x100), ERROR: Pico second stage bootloader must be 256 bytes in size)

.text           0x0000000010000100     0x8de0
                0x0000000010000100                __logical_binary_start = .
 *(.vectors)
 .vectors       0x0000000010000100       0xd4 CMakeFiles/main.dir/home/ghostrunner/virtual_pet/pico-sdk/src/rp2_common/pico_standard_link/crt0.S.obj
                0x0000000010000100                __vectors
                0x0000000010000100                __VECTOR_TABLE
                0x00000000100001c0                isr_invalid
                0x00000000100001c0                __default_isrs_start
                0x00000000100001c2                isr_nmi
                0x00000000100001c4                isr_hardfault
                0x00000000100001c6                isr_svcall
                0x00000000100001c8                isr_pendsv
                0x00000000100001ca                isr_systick
                0x00000000100001cc                isr_irq30
                0x00000000100001cc                __unhandled_user_irq
                0x00000000100001cc                isr_irq13
                0x00000000100001cc                isr_irq27
                0x00000000100001cc                isr_irq31
                0x00000000100001cc                isr_irq5
                0x00000000100001cc                isr_irq11
                0x00000000100001cc                isr_irq23
                0x00000000100001cc                isr_irq18
                0x00000000100001cc                isr_irq28
                0x00000000100001cc                isr_irq19
                0x00000000100001cc                isr_irq0
                0x00000000100001cc                isr_irq6
                0x00000000100001cc                isr_irq22
                0x00000000100001cc                isr_irq17
                0x00000000100001cc                isr_irq14
                0x00000000100001cc                isr_irq2
                0x00000000100001cc                isr_irq10
                0x00000000100001cc                isr_irq8
                0x00000000100001cc                isr_irq24
                0x00000000100001cc                isr_irq1
                0x00000000100001cc                isr_irq7
                0x00000000100001cc                isr_irq21
                0x00000000100001cc                isr_irq20
                0x00000000100001cc                isr_irq15
                0x00000000100001cc                isr_irq25
                0x00000000100001cc                isr_irq4
                0x00000000100001cc                isr_irq16
                0x00000000100001cc                isr_irq29
                0x00000000100001cc                isr_irq26
                0x00000000100001cc                __default_isrs_end
                0x00000000100001cc                isr_irq3
                0x00000000100001cc                isr_irq12
                0x00000000100001cc                isr_irq9
                0x00000000100001d2                unhandled_user_irq_num_in_r0
 *(.binary_info_header)
 .binary_info_header
                0x00000000100001d4       0x14 CMakeFiles/main.dir/home/ghostrunner/virtual_pet/pico-sdk/src/rp2_common/pico_standard_link/crt0.S.obj
                0x00000000100001e8                __binary_info_header_end = .
 *(.reset)
 .reset         0x00000000100001e8       0xa0 CMakeFiles/main.dir/home/ghostrunner/virtual_pet/pico-sdk/src/rp2_common/pico_standard_link/crt0.S.obj
                0x00000000100001e8                _entry_point
 .reset         0x0000000010000288       0x30 CMakeFiles/main.dir/home/ghostrunner/virtual_pet/pico-sdk/src/rp2_common/pico_standard_link/binary_info.c.obj
 *(.init)
 .init          0x00000000100002b8        0x4 /usr/lib/gcc/arm-none-eabi/9.2.1/thumb/v6-m/nofp/crti.o
                0x00000000100002b8                _init
 *(EXCLUDE_FILE(*libm.a: *libc.a:*lib_a-mem*.o *libgcc.a:) .text*)
 .text          0x00000000100002bc       0x98 /usr/lib/gcc/arm-none-eabi/9.2.1/thumb/v6-m/nofp/crtbegin.o
 .text.startup.main
                0x0000000010000354        0xc CMakeFiles/main.dir/main.c.obj
                0x0000000010000354                main
 .text.gpio_set_function
                0x0000000010000360       0x30 CMakeFiles/main.dir/home/ghostrunner/virtual_pet/pico-sdk/src/rp2_common/hardware_gpio/gpio.c.obj
                0x0000000010000360                gpio_set_function
 .text.gpio_set_pulls
                0x0000000010000390       0x30 CMakeFiles/main.dir/home/ghostrunner/virtual_pet/pico-sdk/src/rp2_common/hardware_gpio/gpio.c.obj
                0x0000000010000390                gpio_set_pulls
 .text.gpio_init
                0x00000000100003c0       0x3c CMakeFiles/main.dir/home/ghostrunner/virtual_pet/pico-sdk/src/rp2_common/hardware_gpio/gpio.c.obj
                0x00000000100003c0                gpio_init
 .text.running_on_fpga
                0x00000000100003fc       0x10 CMakeFiles/main.dir/home/ghostrunner/virtual_pet/pico-sdk/src/rp2_common/pico_platform/platform.c.obj
                0x00000000100003fc                running_on_fpga
 .text.hw_claim_or_assert
                0x000000001000040c       0x48 CMakeFiles/main.dir/home/ghostrunner/virtual_pet/pico-sdk/src/rp2_common/hardware_claim/claim.c.obj
                0x000000001000040c                hw_claim_or_assert
 .text.hw_claim_unused_from_range
                0x0000000010000454       0x9c CMakeFiles/main.dir/home/ghostrunner/virtual_pet/pico-sdk/src/rp2_common/hardware_claim/claim.c.obj
                0x0000000010000454                hw_claim_unused_from_range
 .text.spin_locks_reset
                0x00000000100004f0       0x1c CMakeFiles/main.dir/home/ghostrunner/virtual_pet/pico-sdk/src/rp2_common/hardware_sync/sync.c.obj
                0x00000000100004f0                spin_locks_reset
 .text.next_striped_spin_lock_num
                0x000000001000050c       0x18 CMakeFiles/main.dir/home/ghostrunner/virtual_pet/pico-sdk/src/rp2_common/hardware_sync/sync.c.obj
                0x000000001000050c                next_striped_spin_lock_num
 .text.spin_lock_claim_unused
                0x0000000010000524       0x20 CMakeFiles/main.dir/home/ghostrunner/virtual_pet/pico-sdk/src/rp2_common/hardware_sync/sync.c.obj
                0x0000000010000524                spin_lock_claim_unused
 .text.irq_set_enabled
                0x0000000010000544       0x24 CMakeFiles/main.dir/home/ghostrunner/virtual_pet/pico-sdk/src/rp2_common/hardware_irq/irq.c.obj
                0x0000000010000544                irq_set_enabled
 .text.irq_set_pending
                0x0000000010000568       0x10 CMakeFiles/main.dir/home/ghostrunner/virtual_pet/pico-sdk/src/rp2_common/hardware_irq/irq.c.obj
                0x0000000010000568                irq_set_pending
 .text.irq_has_shared_handler
                0x0000000010000578       0x2c CMakeFiles/main.dir/home/ghostrunner/virtual_pet/pico-sdk/src/rp2_common/hardware_irq/irq.c.obj
                0x0000000010000578                irq_has_shared_handler
 .text.irq_get_vtable_handler
                0x00000000100005a4       0x10 CMakeFiles/main.dir/home/ghostrunner/virtual_pet/pico-sdk/src/rp2_common/hardware_irq/irq.c.obj
                0x00000000100005a4                irq_get_vtable_handler
 .text.irq_set_exclusive_handler
                0x00000000100005b4       0x54 CMakeFiles/main.dir/home/ghostrunner/virtual_pet/pico-sdk/src/rp2_common/hardware_irq/irq.c.obj
                0x00000000100005b4                irq_set_exclusive_handler
 .text.irq_add_shared_handler
                0x0000000010000608      0x1c0 CMakeFiles/main.dir/home/ghostrunner/virtual_pet/pico-sdk/src/rp2_common/hardware_irq/irq.c.obj
                0x0000000010000608                irq_add_shared_handler
 .text.irq_remove_handler
                0x00000000100007c8      0x1b4 CMakeFiles/main.dir/home/ghostrunner/virtual_pet/pico-sdk/src/rp2_common/hardware_irq/irq.c.obj
                0x00000000100007c8                irq_remove_handler
 .text.irq_add_tail_to_free_list
                0x000000001000097c       0xb4 CMakeFiles/main.dir/home/ghostrunner/virtual_pet/pico-sdk/src/rp2_common/hardware_irq/irq.c.obj
                0x000000001000097c                irq_add_tail_to_free_list
 .text.irq_init_priorities
                0x0000000010000a30       0x24 CMakeFiles/main.dir/home/ghostrunner/virtual_pet/pico-sdk/src/rp2_common/hardware_irq/irq.c.obj
                0x0000000010000a30                irq_init_priorities
 .text.user_irq_claim_unused
                0x0000000010000a54       0x28 CMakeFiles/main.dir/home/ghostrunner/virtual_pet/pico-sdk/src/rp2_common/hardware_irq/irq.c.obj
                0x0000000010000a54                user_irq_claim_unused
 .text.lock_init
                0x0000000010000a7c       0x10 CMakeFiles/main.dir/home/ghostrunner/virtual_pet/pico-sdk/src/common/pico_sync/lock_core.c.obj
                0x0000000010000a7c                lock_init
 .text.mutex_init
                0x0000000010000a8c       0x1c CMakeFiles/main.dir/home/ghostrunner/virtual_pet/pico-sdk/src/common/pico_sync/mutex.c.obj
                0x0000000010000a8c                mutex_init
 .text.recursive_mutex_init
                0x0000000010000aa8       0x1c CMakeFiles/main.dir/home/ghostrunner/virtual_pet/pico-sdk/src/common/pico_sync/mutex.c.obj
                0x0000000010000aa8                recursive_mutex_init
 .text.critical_section_init
                0x0000000010000ac4       0x1c CMakeFiles/main.dir/home/ghostrunner/virtual_pet/pico-sdk/src/common/pico_sync/critical_section.c.obj
                0x0000000010000ac4                critical_section_init
 .text.critical_section_init_with_lock_num
                0x0000000010000ae0       0x14 CMakeFiles/main.dir/home/ghostrunner/virtual_pet/pico-sdk/src/common/pico_sync/critical_section.c.obj
                0x0000000010000ae0                critical_section_init_with_lock_num
 .text.timer_pool_entry_comparator
                0x0000000010000af4       0x34 CMakeFiles/main.dir/home/ghostrunner/virtual_pet/pico-sdk/src/common/pico_time/time.c.obj
                0x0000000010000af4                timer_pool_entry_comparator
 .text.sleep_until_callback
                0x0000000010000b28       0x30 CMakeFiles/main.dir/home/ghostrunner/virtual_pet/pico-sdk/src/common/pico_time/time.c.obj
 .text.add_alarm_under_lock
                0x0000000010000b58      0x108 CMakeFiles/main.dir/home/ghostrunner/virtual_pet/pico-sdk/src/common/pico_time/time.c.obj
 .text.alarm_pool_alarm_callback
                0x0000000010000c60      0x1b8 CMakeFiles/main.dir/home/ghostrunner/virtual_pet/pico-sdk/src/common/pico_time/time.c.obj
 .text.alarm_pool_init_default
                0x0000000010000e18       0x6c CMakeFiles/main.dir/home/ghostrunner/virtual_pet/pico-sdk/src/common/pico_time/time.c.obj
                0x0000000010000e18                alarm_pool_init_default
 .text.alarm_pool_get_default
                0x0000000010000e84        0x8 CMakeFiles/main.dir/home/ghostrunner/virtual_pet/pico-sdk/src/common/pico_time/time.c.obj
                0x0000000010000e84                alarm_pool_get_default
 .text.alarm_pool_add_alarm_at
                0x0000000010000e8c      0x190 CMakeFiles/main.dir/home/ghostrunner/virtual_pet/pico-sdk/src/common/pico_time/time.c.obj
                0x0000000010000e8c                alarm_pool_add_alarm_at
 .text.alarm_pool_cancel_alarm
                0x000000001000101c       0x70 CMakeFiles/main.dir/home/ghostrunner/virtual_pet/pico-sdk/src/common/pico_time/time.c.obj
                0x000000001000101c                alarm_pool_cancel_alarm
 .text.alarm_pool_core_num
                0x000000001000108c        0x4 CMakeFiles/main.dir/home/ghostrunner/virtual_pet/pico-sdk/src/common/pico_time/time.c.obj
                0x000000001000108c                alarm_pool_core_num
 .text.sleep_until
                0x0000000010001090       0xc4 CMakeFiles/main.dir/home/ghostrunner/virtual_pet/pico-sdk/src/common/pico_time/time.c.obj
                0x0000000010001090                sleep_until
 .text.sleep_ms
                0x0000000010001154       0x34 CMakeFiles/main.dir/home/ghostrunner/virtual_pet/pico-sdk/src/common/pico_time/time.c.obj
                0x0000000010001154                sleep_ms
 .text.best_effort_wfe_or_timeout
                0x0000000010001188       0x60 CMakeFiles/main.dir/home/ghostrunner/virtual_pet/pico-sdk/src/common/pico_time/time.c.obj
                0x0000000010001188                best_effort_wfe_or_timeout
 .text.hardware_alarm_irq_handler
                0x00000000100011e8       0xbc CMakeFiles/main.dir/home/ghostrunner/virtual_pet/pico-sdk/src/rp2_common/hardware_timer/timer.c.obj
 .text.hardware_alarm_claim
                0x00000000100012a4       0x18 CMakeFiles/main.dir/home/ghostrunner/virtual_pet/pico-sdk/src/rp2_common/hardware_timer/timer.c.obj
                0x00000000100012a4                hardware_alarm_claim
 .text.time_us_64
                0x00000000100012bc       0x14 CMakeFiles/main.dir/home/ghostrunner/virtual_pet/pico-sdk/src/rp2_common/hardware_timer/timer.c.obj
                0x00000000100012bc                time_us_64
 .text.busy_wait_until
                0x00000000100012d0       0x20 CMakeFiles/main.dir/home/ghostrunner/virtual_pet/pico-sdk/src/rp2_common/hardware_timer/timer.c.obj
                0x00000000100012d0                busy_wait_until
 .text.hardware_alarm_set_callback
                0x00000000100012f0       0x8c CMakeFiles/main.dir/home/ghostrunner/virtual_pet/pico-sdk/src/rp2_common/hardware_timer/timer.c.obj
                0x00000000100012f0                hardware_alarm_set_callback
 .text.hardware_alarm_set_target
                0x000000001000137c       0xe4 CMakeFiles/main.dir/home/ghostrunner/virtual_pet/pico-sdk/src/rp2_common/hardware_timer/timer.c.obj
                0x000000001000137c                hardware_alarm_set_target
 .text.hardware_alarm_cancel
                0x0000000010001460       0x40 CMakeFiles/main.dir/home/ghostrunner/virtual_pet/pico-sdk/src/rp2_common/hardware_timer/timer.c.obj
                0x0000000010001460                hardware_alarm_cancel
 .text.ph_merge_nodes
                0x00000000100014a0       0x68 CMakeFiles/main.dir/home/ghostrunner/virtual_pet/pico-sdk/src/common/pico_util/pheap.c.obj
 .text.ph_post_alloc_init
                0x0000000010001508       0x3c CMakeFiles/main.dir/home/ghostrunner/virtual_pet/pico-sdk/src/common/pico_util/pheap.c.obj
                0x0000000010001508                ph_post_alloc_init
 .text.ph_merge_two_pass
                0x0000000010001544       0x90 CMakeFiles/main.dir/home/ghostrunner/virtual_pet/pico-sdk/src/common/pico_util/pheap.c.obj
                0x0000000010001544                ph_merge_two_pass
 .text.ph_remove_any_head
                0x00000000100015d4      0x100 CMakeFiles/main.dir/home/ghostrunner/virtual_pet/pico-sdk/src/common/pico_util/pheap.c.obj
 .text.ph_remove_head
                0x00000000100016d4      0x144 CMakeFiles/main.dir/home/ghostrunner/virtual_pet/pico-sdk/src/common/pico_util/pheap.c.obj
                0x00000000100016d4                ph_remove_head
 .text.ph_remove_and_free_node
                0x0000000010001818       0x7c CMakeFiles/main.dir/home/ghostrunner/virtual_pet/pico-sdk/src/common/pico_util/pheap.c.obj
                0x0000000010001818                ph_remove_and_free_node
 .text.uart_init
                0x0000000010001894       0xe4 CMakeFiles/main.dir/home/ghostrunner/virtual_pet/pico-sdk/src/rp2_common/hardware_uart/uart.c.obj
                0x0000000010001894                uart_init
 .text.clocks_init
                0x0000000010001978      0x2bc CMakeFiles/main.dir/home/ghostrunner/virtual_pet/pico-sdk/src/rp2_common/hardware_clocks/clocks.c.obj
                0x0000000010001978                clocks_init
 .text.clock_get_hz
                0x0000000010001c34        0xc CMakeFiles/main.dir/home/ghostrunner/virtual_pet/pico-sdk/src/rp2_common/hardware_clocks/clocks.c.obj
                0x0000000010001c34                clock_get_hz
 .text.pll_init
                0x0000000010001c40       0xa8 CMakeFiles/main.dir/home/ghostrunner/virtual_pet/pico-sdk/src/rp2_common/hardware_pll/pll.c.obj
                0x0000000010001c40                pll_init
 .text.watchdog_start_tick
                0x0000000010001ce8       0x10 CMakeFiles/main.dir/home/ghostrunner/virtual_pet/pico-sdk/src/rp2_common/hardware_watchdog/watchdog.c.obj
                0x0000000010001ce8                watchdog_start_tick
 .text.watchdog_reboot
                0x0000000010001cf8       0x98 CMakeFiles/main.dir/home/ghostrunner/virtual_pet/pico-sdk/src/rp2_common/hardware_watchdog/watchdog.c.obj
                0x0000000010001cf8                watchdog_reboot
 .text.xosc_init
                0x0000000010001d90       0x28 CMakeFiles/main.dir/home/ghostrunner/virtual_pet/pico-sdk/src/rp2_common/hardware_xosc/xosc.c.obj
                0x0000000010001d90                xosc_init
 .text.runtime_init
                0x0000000010001db8       0xf0 CMakeFiles/main.dir/home/ghostrunner/virtual_pet/pico-sdk/src/rp2_common/pico_runtime/runtime.c.obj
                0x0000000010001db8                runtime_init
 .text._exit    0x0000000010001ea8        0x4 CMakeFiles/main.dir/home/ghostrunner/virtual_pet/pico-sdk/src/rp2_common/pico_runtime/runtime.c.obj
                0x0000000010001ea8                _exit
 .text._sbrk    0x0000000010001eac       0x34 CMakeFiles/main.dir/home/ghostrunner/virtual_pet/pico-sdk/src/rp2_common/pico_runtime/runtime.c.obj
                0x0000000010001eac                _sbrk
 .text.exit     0x0000000010001ee0        0x8 CMakeFiles/main.dir/home/ghostrunner/virtual_pet/pico-sdk/src/rp2_common/pico_runtime/runtime.c.obj
                0x0000000010001ee0                exit
 .text.panic    0x0000000010001ee8       0x30 CMakeFiles/main.dir/home/ghostrunner/virtual_pet/pico-sdk/src/rp2_common/pico_runtime/runtime.c.obj
                0x0000000010001ee8                panic
 .text.hard_assertion_failure
                0x0000000010001f18        0xc CMakeFiles/main.dir/home/ghostrunner/virtual_pet/pico-sdk/src/rp2_common/pico_runtime/runtime.c.obj
                0x0000000010001f18                hard_assertion_failure
 .text._out_null
                0x0000000010001f24        0x4 CMakeFiles/main.dir/home/ghostrunner/virtual_pet/pico-sdk/src/rp2_common/pico_printf/printf.c.obj
 .text._out_rev
                0x0000000010001f28       0xd0 CMakeFiles/main.dir/home/ghostrunner/virtual_pet/pico-sdk/src/rp2_common/pico_printf/printf.c.obj
 .text._ntoa_format
                0x0000000010001ff8      0x1d0 CMakeFiles/main.dir/home/ghostrunner/virtual_pet/pico-sdk/src/rp2_common/pico_printf/printf.c.obj
 .text._out_char
                0x00000000100021c8       0x10 CMakeFiles/main.dir/home/ghostrunner/virtual_pet/pico-sdk/src/rp2_common/pico_printf/printf.c.obj
 .text._out_fct
                0x00000000100021d8       0x10 CMakeFiles/main.dir/home/ghostrunner/virtual_pet/pico-sdk/src/rp2_common/pico_printf/printf.c.obj
 .text._etoa    0x00000000100021e8      0x478 CMakeFiles/main.dir/home/ghostrunner/virtual_pet/pico-sdk/src/rp2_common/pico_printf/printf.c.obj
 .text._ftoa    0x0000000010002660      0x3e0 CMakeFiles/main.dir/home/ghostrunner/virtual_pet/pico-sdk/src/rp2_common/pico_printf/printf.c.obj
 .text._vsnprintf
                0x0000000010002a40      0xb08 CMakeFiles/main.dir/home/ghostrunner/virtual_pet/pico-sdk/src/rp2_common/pico_printf/printf.c.obj
 .text.vfctprintf
                0x0000000010003548       0x20 CMakeFiles/main.dir/home/ghostrunner/virtual_pet/pico-sdk/src/rp2_common/pico_printf/printf.c.obj
                0x0000000010003548                vfctprintf
 .text.weak_raw_vprintf
                0x0000000010003568       0x30 CMakeFiles/main.dir/home/ghostrunner/virtual_pet/pico-sdk/src/rp2_common/pico_printf/printf.c.obj
                0x0000000010003568                weak_raw_vprintf
 .text          0x0000000010003598       0x10 CMakeFiles/main.dir/home/ghostrunner/virtual_pet/pico-sdk/src/rp2_common/pico_bit_ops/bit_ops_aeabi.S.obj
 .text.rom_func_lookup
                0x00000000100035a8       0x10 CMakeFiles/main.dir/home/ghostrunner/virtual_pet/pico-sdk/src/rp2_common/pico_bootrom/bootrom.c.obj
                0x00000000100035a8                rom_func_lookup
 .text.rom_data_lookup
                0x00000000100035b8       0x10 CMakeFiles/main.dir/home/ghostrunner/virtual_pet/pico-sdk/src/rp2_common/pico_bootrom/bootrom.c.obj
                0x00000000100035b8                rom_data_lookup
 .text.rom_funcs_lookup
                0x00000000100035c8       0x3c CMakeFiles/main.dir/home/ghostrunner/virtual_pet/pico-sdk/src/rp2_common/pico_bootrom/bootrom.c.obj
                0x00000000100035c8                rom_funcs_lookup
 .text.__wrap___aeabi_idiv
                0x0000000010003604       0x50 CMakeFiles/main.dir/home/ghostrunner/virtual_pet/pico-sdk/src/rp2_common/pico_divider/divider.S.obj
                0x0000000010003604                __wrap___aeabi_idivmod
                0x0000000010003604                divmod_s32s32
                0x0000000010003604                div_s32s32
                0x0000000010003604                __wrap___aeabi_idiv
                0x000000001000360c                divmod_s32s32_unsafe
                0x0000000010003638                divmod_s32s32_savestate
 .text.__wrap___aeabi_uidiv
                0x0000000010003654       0x4c CMakeFiles/main.dir/home/ghostrunner/virtual_pet/pico-sdk/src/rp2_common/pico_divider/divider.S.obj
                0x0000000010003654                __wrap___aeabi_uidiv
                0x0000000010003654                __wrap___aeabi_uidivmod
                0x0000000010003654                div_u32u32
                0x0000000010003654                divmod_u32u32
                0x000000001000365c                divmod_u32u32_unsafe
                0x0000000010003684                divmod_u32u32_savestate
 .text.__wrap___aeabi_ldiv
                0x00000000100036a0      0x424 CMakeFiles/main.dir/home/ghostrunner/virtual_pet/pico-sdk/src/rp2_common/pico_divider/divider.S.obj
                0x00000000100036a0                div_s64s64
                0x00000000100036a0                divmod_s64s64
                0x00000000100036a0                __wrap___aeabi_ldivmod
                0x00000000100036d0                div_u64u64
                0x00000000100036d0                divmod_u64u64
                0x00000000100036d0                __wrap___aeabi_uldivmod
                0x00000000100036e0                divmod_u64u64_savestate
                0x0000000010003700                divmod_s64s64_unsafe
                0x0000000010003788                divmod_u64u64_unsafe
 .text.__wrap___aeabi_darithmetic
                0x0000000010003ac4       0x80 CMakeFiles/main.dir/home/ghostrunner/virtual_pet/pico-sdk/src/rp2_common/pico_double/double_aeabi.S.obj
                0x0000000010003ac4                __wrap___aeabi_drsub
                0x0000000010003aca                __wrap___aeabi_dsub
                0x0000000010003adc                __wrap___aeabi_dadd
                0x0000000010003aee                __wrap___aeabi_ddiv
                0x0000000010003b2a                __wrap___aeabi_dmul
 .text.__wrap___aeabi_cdcmple
                0x0000000010003b44       0x6c CMakeFiles/main.dir/home/ghostrunner/virtual_pet/pico-sdk/src/rp2_common/pico_double/double_aeabi.S.obj
                0x0000000010003b44                __wrap___aeabi_cdrcmple
                0x0000000010003b54                __wrap___aeabi_cdcmple
                0x0000000010003b54                __wrap___aeabi_cdcmpeq
 .text.__wrap___aeabi_dcmplt
                0x0000000010003bb0        0xc CMakeFiles/main.dir/home/ghostrunner/virtual_pet/pico-sdk/src/rp2_common/pico_double/double_aeabi.S.obj
                0x0000000010003bb0                __wrap___aeabi_dcmplt
 .text.__wrap___aeabi_dcmple
                0x0000000010003bbc       0x10 CMakeFiles/main.dir/home/ghostrunner/virtual_pet/pico-sdk/src/rp2_common/pico_double/double_aeabi.S.obj
                0x0000000010003bbc                __wrap___aeabi_dcmple
 .text.__wrap___aeabi_dcmpge
                0x0000000010003bcc       0x10 CMakeFiles/main.dir/home/ghostrunner/virtual_pet/pico-sdk/src/rp2_common/pico_double/double_aeabi.S.obj
                0x0000000010003bcc                __wrap___aeabi_dcmpge
 .text.__wrap___aeabi_dcmpgt
                0x0000000010003bdc        0xa CMakeFiles/main.dir/home/ghostrunner/virtual_pet/pico-sdk/src/rp2_common/pico_double/double_aeabi.S.obj
                0x0000000010003bdc                __wrap___aeabi_dcmpgt
 .text.__wrap___aeabi_dcmpun
                0x0000000010003be6       0x1c CMakeFiles/main.dir/home/ghostrunner/virtual_pet/pico-sdk/src/rp2_common/pico_double/double_aeabi.S.obj
                0x0000000010003be6                __wrap___aeabi_dcmpun
 *fill*         0x0000000010003c02        0x2 
 .text.__wrap___aeabi_i2d
                0x0000000010003c04       0x38 CMakeFiles/main.dir/home/ghostrunner/virtual_pet/pico-sdk/src/rp2_common/pico_double/double_aeabi.S.obj
                0x0000000010003c04                __wrap___aeabi_ui2d
                0x0000000010003c0c                __wrap___aeabi_i2d
 .text.__wrap___aeabi_d2iz
                0x0000000010003c3c       0x48 CMakeFiles/main.dir/home/ghostrunner/virtual_pet/pico-sdk/src/rp2_common/pico_double/double_aeabi.S.obj
                0x0000000010003c3c                __wrap___aeabi_d2iz
                0x0000000010003c3c                double2int_z
 .text.__wrap___aeabi_d2uiz
                0x0000000010003c84       0x18 CMakeFiles/main.dir/home/ghostrunner/virtual_pet/pico-sdk/src/rp2_common/pico_double/double_aeabi.S.obj
                0x0000000010003c84                double2uint
                0x0000000010003c84                __wrap___aeabi_d2uiz
 .text.__aeabi_double_init
                0x0000000010003c9c       0xc0 CMakeFiles/main.dir/home/ghostrunner/virtual_pet/pico-sdk/src/rp2_common/pico_double/double_init_rom.c.obj
                0x0000000010003c9c                __aeabi_double_init
 .text.double_table_shim_on_use_helper
                0x0000000010003d5c       0x2c CMakeFiles/main.dir/home/ghostrunner/virtual_pet/pico-sdk/src/rp2_common/pico_double/double_v1_rom_shim.S.obj
                0x0000000010003d5c                double_table_shim_on_use_helper
 .text.__wrap___aeabi_dsub
                0x0000000010003d88       0x10 CMakeFiles/main.dir/home/ghostrunner/virtual_pet/pico-sdk/src/rp2_common/pico_double/double_v1_rom_shim.S.obj
                0x0000000010003d88                drsub_shim
                0x0000000010003d8e                dsub_shim
 .text.dadd_shim
                0x0000000010003d98      0x15c CMakeFiles/main.dir/home/ghostrunner/virtual_pet/pico-sdk/src/rp2_common/pico_double/double_v1_rom_shim.S.obj
                0x0000000010003d98                dadd_shim
 .text.dmul_shim
                0x0000000010003ef4      0x15c CMakeFiles/main.dir/home/ghostrunner/virtual_pet/pico-sdk/src/rp2_common/pico_double/double_v1_rom_shim.S.obj
                0x0000000010003ef4                dmul_shim
 .text.ddiv_shim
                0x0000000010004050      0x1b0 CMakeFiles/main.dir/home/ghostrunner/virtual_pet/pico-sdk/src/rp2_common/pico_double/double_v1_rom_shim.S.obj
                0x0000000010004050                ddiv_shim
 .text.double2uint_shim
                0x0000000010004200        0xe CMakeFiles/main.dir/home/ghostrunner/virtual_pet/pico-sdk/src/rp2_common/pico_double/double_v1_rom_shim.S.obj
                0x0000000010004200                double2uint_shim
                0x0000000010004202                double2ufix_shim
 *fill*         0x000000001000420e        0x2 
 .text.double2uint64_shim
                0x0000000010004210       0x70 CMakeFiles/main.dir/home/ghostrunner/virtual_pet/pico-sdk/src/rp2_common/pico_double/double_v1_rom_shim.S.obj
                0x0000000010004210                double2uint64_shim
                0x0000000010004212                double2ufix64_shim
                0x0000000010004232                d2fix_a
 .text.dunpacks
                0x0000000010004280       0x3c CMakeFiles/main.dir/home/ghostrunner/virtual_pet/pico-sdk/src/rp2_common/pico_double/double_v1_rom_shim.S.obj
                0x0000000010004280                dunpacks
 .text.__aeabi_lmul
                0x00000000100042bc       0x32 CMakeFiles/main.dir/home/ghostrunner/virtual_pet/pico-sdk/src/rp2_common/pico_int64_ops/pico_int64_ops_aeabi.S.obj
                0x00000000100042bc                __wrap___aeabi_lmul
 *fill*         0x00000000100042ee        0x2 
 .text.__aeabi_float_init
                0x00000000100042f0       0x64 CMakeFiles/main.dir/home/ghostrunner/virtual_pet/pico-sdk/src/rp2_common/pico_float/float_init_rom.c.obj
                0x00000000100042f0                __aeabi_float_init
 .text.float_table_shim_on_use_helper
                0x0000000010004354       0x2c CMakeFiles/main.dir/home/ghostrunner/virtual_pet/pico-sdk/src/rp2_common/pico_float/float_v1_rom_shim.S.obj
                0x0000000010004354                float_table_shim_on_use_helper
 .text.__wrap_malloc
                0x0000000010004380       0x24 CMakeFiles/main.dir/home/ghostrunner/virtual_pet/pico-sdk/src/rp2_common/pico_malloc/pico_malloc.c.obj
                0x0000000010004380                __wrap_malloc
 .text          0x00000000100043a4       0x10 CMakeFiles/main.dir/home/ghostrunner/virtual_pet/pico-sdk/src/rp2_common/pico_mem_ops/mem_ops_aeabi.S.obj
                0x00000000100043a4                __aeabi_mem_init
 .text.memset   0x00000000100043b4        0xc CMakeFiles/main.dir/home/ghostrunner/virtual_pet/pico-sdk/src/rp2_common/pico_mem_ops/mem_ops_aeabi.S.obj
                0x00000000100043b4                __wrap_memset
 .text.memcpy   0x00000000100043c0        0xc CMakeFiles/main.dir/home/ghostrunner/virtual_pet/pico-sdk/src/rp2_common/pico_mem_ops/mem_ops_aeabi.S.obj
                0x00000000100043c0                __wrap___aeabi_memcpy
                0x00000000100043c0                __wrap_memcpy
 .text.stdio_out_chars_no_crlf
                0x00000000100043cc       0x10 CMakeFiles/main.dir/home/ghostrunner/virtual_pet/pico-sdk/src/rp2_common/pico_stdio/stdio.c.obj
 .text.stdio_out_chars_crlf
                0x00000000100043dc       0x94 CMakeFiles/main.dir/home/ghostrunner/virtual_pet/pico-sdk/src/rp2_common/pico_stdio/stdio.c.obj
 .text.stdio_buffered_printer
                0x0000000010004470       0x64 CMakeFiles/main.dir/home/ghostrunner/virtual_pet/pico-sdk/src/rp2_common/pico_stdio/stdio.c.obj
 .text.stdio_put_string
                0x00000000100044d4      0x104 CMakeFiles/main.dir/home/ghostrunner/virtual_pet/pico-sdk/src/rp2_common/pico_stdio/stdio.c.obj
 .text.__wrap_putchar
                0x00000000100045d8       0x98 CMakeFiles/main.dir/home/ghostrunner/virtual_pet/pico-sdk/src/rp2_common/pico_stdio/stdio.c.obj
                0x00000000100045d8                __wrap_putchar
 .text.__wrap_puts
                0x0000000010004670       0x3c CMakeFiles/main.dir/home/ghostrunner/virtual_pet/pico-sdk/src/rp2_common/pico_stdio/stdio.c.obj
                0x0000000010004670                __wrap_puts
 .text.stdio_set_driver_enabled
                0x00000000100046ac       0x30 CMakeFiles/main.dir/home/ghostrunner/virtual_pet/pico-sdk/src/rp2_common/pico_stdio/stdio.c.obj
                0x00000000100046ac                stdio_set_driver_enabled
 .text.__wrap_vprintf
                0x00000000100046dc       0xd8 CMakeFiles/main.dir/home/ghostrunner/virtual_pet/pico-sdk/src/rp2_common/pico_stdio/stdio.c.obj
                0x00000000100046dc                __wrap_vprintf
 .text.__wrap_printf
                0x00000000100047b4       0x18 CMakeFiles/main.dir/home/ghostrunner/virtual_pet/pico-sdk/src/rp2_common/pico_stdio/stdio.c.obj
                0x00000000100047b4                __wrap_printf
 .text.stdio_init_all
                0x00000000100047cc       0x10 CMakeFiles/main.dir/home/ghostrunner/virtual_pet/pico-sdk/src/rp2_common/pico_stdio/stdio.c.obj
                0x00000000100047cc                stdio_init_all
 .text.stdio_uart_out_chars
                0x00000000100047dc       0x4c CMakeFiles/main.dir/home/ghostrunner/virtual_pet/pico-sdk/src/rp2_common/pico_stdio_uart/stdio_uart.c.obj
 .text.stdio_uart_in_chars
                0x0000000010004828       0x84 CMakeFiles/main.dir/home/ghostrunner/virtual_pet/pico-sdk/src/rp2_common/pico_stdio_uart/stdio_uart.c.obj
                0x0000000010004828                stdio_uart_in_chars
 .text.on_uart_rx
                0x00000000100048ac       0x28 CMakeFiles/main.dir/home/ghostrunner/virtual_pet/pico-sdk/src/rp2_common/pico_stdio_uart/stdio_uart.c.obj
 .text.stdio_uart_set_chars_available_callback
                0x00000000100048d4       0x8c CMakeFiles/main.dir/home/ghostrunner/virtual_pet/pico-sdk/src/rp2_common/pico_stdio_uart/stdio_uart.c.obj
 .text.stdio_uart_init
                0x0000000010004960       0x48 CMakeFiles/main.dir/home/ghostrunner/virtual_pet/pico-sdk/src/rp2_common/pico_stdio_uart/stdio_uart.c.obj
                0x0000000010004960                stdio_uart_init
 .text.resetd_init
                0x00000000100049a8        0x4 CMakeFiles/main.dir/home/ghostrunner/virtual_pet/pico-sdk/src/rp2_common/pico_stdio_usb/reset_interface.c.obj
 .text.resetd_reset
                0x00000000100049ac        0xc CMakeFiles/main.dir/home/ghostrunner/virtual_pet/pico-sdk/src/rp2_common/pico_stdio_usb/reset_interface.c.obj
 .text.resetd_open
                0x00000000100049b8       0x28 CMakeFiles/main.dir/home/ghostrunner/virtual_pet/pico-sdk/src/rp2_common/pico_stdio_usb/reset_interface.c.obj
 .text.resetd_xfer_cb
                0x00000000100049e0        0x4 CMakeFiles/main.dir/home/ghostrunner/virtual_pet/pico-sdk/src/rp2_common/pico_stdio_usb/reset_interface.c.obj
 .text.resetd_control_xfer_cb
                0x00000000100049e4       0x64 CMakeFiles/main.dir/home/ghostrunner/virtual_pet/pico-sdk/src/rp2_common/pico_stdio_usb/reset_interface.c.obj
 .text.usbd_app_driver_get_cb
                0x0000000010004a48        0xc CMakeFiles/main.dir/home/ghostrunner/virtual_pet/pico-sdk/src/rp2_common/pico_stdio_usb/reset_interface.c.obj
                0x0000000010004a48                usbd_app_driver_get_cb
 .text.tud_cdc_line_coding_cb
                0x0000000010004a54       0x34 CMakeFiles/main.dir/home/ghostrunner/virtual_pet/pico-sdk/src/rp2_common/pico_stdio_usb/reset_interface.c.obj
                0x0000000010004a54                tud_cdc_line_coding_cb
 .text.stdio_usb_set_chars_available_callback
                0x0000000010004a88       0x14 CMakeFiles/main.dir/home/ghostrunner/virtual_pet/pico-sdk/src/rp2_common/pico_stdio_usb/stdio_usb.c.obj
                0x0000000010004a88                stdio_usb_set_chars_available_callback
 .text.usb_irq  0x0000000010004a9c       0x10 CMakeFiles/main.dir/home/ghostrunner/virtual_pet/pico-sdk/src/rp2_common/pico_stdio_usb/stdio_usb.c.obj
 .text.timer_task
                0x0000000010004aac       0x54 CMakeFiles/main.dir/home/ghostrunner/virtual_pet/pico-sdk/src/rp2_common/pico_stdio_usb/stdio_usb.c.obj
 .text.stdio_usb_in_chars
                0x0000000010004b00       0x90 CMakeFiles/main.dir/home/ghostrunner/virtual_pet/pico-sdk/src/rp2_common/pico_stdio_usb/stdio_usb.c.obj
                0x0000000010004b00                stdio_usb_in_chars
 .text.stdio_usb_out_chars
                0x0000000010004b90      0x100 CMakeFiles/main.dir/home/ghostrunner/virtual_pet/pico-sdk/src/rp2_common/pico_stdio_usb/stdio_usb.c.obj
 .text.low_priority_worker_irq
                0x0000000010004c90       0xa8 CMakeFiles/main.dir/home/ghostrunner/virtual_pet/pico-sdk/src/rp2_common/pico_stdio_usb/stdio_usb.c.obj
 .text.tud_cdc_rx_cb
                0x0000000010004d38       0x20 CMakeFiles/main.dir/home/ghostrunner/virtual_pet/pico-sdk/src/rp2_common/pico_stdio_usb/stdio_usb.c.obj
                0x0000000010004d38                tud_cdc_rx_cb
 .text.stdio_usb_init
                0x0000000010004d58       0xdc CMakeFiles/main.dir/home/ghostrunner/virtual_pet/pico-sdk/src/rp2_common/pico_stdio_usb/stdio_usb.c.obj
                0x0000000010004d58                stdio_usb_init
 .text.tud_descriptor_device_cb
                0x0000000010004e34        0x8 CMakeFiles/main.dir/home/ghostrunner/virtual_pet/pico-sdk/src/rp2_common/pico_stdio_usb/stdio_usb_descriptors.c.obj
                0x0000000010004e34                tud_descriptor_device_cb
 .text.tud_descriptor_configuration_cb
                0x0000000010004e3c        0x8 CMakeFiles/main.dir/home/ghostrunner/virtual_pet/pico-sdk/src/rp2_common/pico_stdio_usb/stdio_usb_descriptors.c.obj
                0x0000000010004e3c                tud_descriptor_configuration_cb
 .text.tud_descriptor_string_cb
                0x0000000010004e44       0x70 CMakeFiles/main.dir/home/ghostrunner/virtual_pet/pico-sdk/src/rp2_common/pico_stdio_usb/stdio_usb_descriptors.c.obj
                0x0000000010004e44                tud_descriptor_string_cb
 .text.startup._retrieve_unique_id_on_boot
                0x0000000010004eb4       0x10 CMakeFiles/main.dir/home/ghostrunner/virtual_pet/pico-sdk/src/rp2_common/pico_unique_id/unique_id.c.obj
 .text.pico_get_unique_board_id_string
                0x0000000010004ec4      0x1bc CMakeFiles/main.dir/home/ghostrunner/virtual_pet/pico-sdk/src/rp2_common/pico_unique_id/unique_id.c.obj
                0x0000000010004ec4                pico_get_unique_board_id_string
 .text.flash_get_unique_id
                0x0000000010005080       0x40 CMakeFiles/main.dir/home/ghostrunner/virtual_pet/pico-sdk/src/rp2_common/hardware_flash/flash.c.obj
                0x0000000010005080                flash_get_unique_id
 .text.dcd_int_enable
                0x00000000100050c0        0xc CMakeFiles/main.dir/home/ghostrunner/virtual_pet/pico-sdk/lib/tinyusb/src/portable/raspberrypi/rp2040/dcd_rp2040.c.obj
                0x00000000100050c0                dcd_int_enable
 .text.dcd_set_address
                0x00000000100050cc       0x14 CMakeFiles/main.dir/home/ghostrunner/virtual_pet/pico-sdk/lib/tinyusb/src/portable/raspberrypi/rp2040/dcd_rp2040.c.obj
                0x00000000100050cc                dcd_set_address
 .text.dcd_connect
                0x00000000100050e0       0x10 CMakeFiles/main.dir/home/ghostrunner/virtual_pet/pico-sdk/lib/tinyusb/src/portable/raspberrypi/rp2040/dcd_rp2040.c.obj
                0x00000000100050e0                dcd_connect
 .text.dcd_init
                0x00000000100050f0       0x9c CMakeFiles/main.dir/home/ghostrunner/virtual_pet/pico-sdk/lib/tinyusb/src/portable/raspberrypi/rp2040/dcd_rp2040.c.obj
                0x00000000100050f0                dcd_init
 .text.dcd_edpt0_status_complete
                0x000000001000518c       0x1c CMakeFiles/main.dir/home/ghostrunner/virtual_pet/pico-sdk/lib/tinyusb/src/portable/raspberrypi/rp2040/dcd_rp2040.c.obj
                0x000000001000518c                dcd_edpt0_status_complete
 .text.dcd_edpt_open
                0x00000000100051a8      0x108 CMakeFiles/main.dir/home/ghostrunner/virtual_pet/pico-sdk/lib/tinyusb/src/portable/raspberrypi/rp2040/dcd_rp2040.c.obj
                0x00000000100051a8                dcd_edpt_open
 .text.dcd_edpt_close_all
                0x00000000100052b0        0x8 CMakeFiles/main.dir/home/ghostrunner/virtual_pet/pico-sdk/lib/tinyusb/src/portable/raspberrypi/rp2040/dcd_rp2040.c.obj
                0x00000000100052b0                dcd_edpt_close_all
 .text.dcd_edpt_xfer
                0x00000000100052b8       0x24 CMakeFiles/main.dir/home/ghostrunner/virtual_pet/pico-sdk/lib/tinyusb/src/portable/raspberrypi/rp2040/dcd_rp2040.c.obj
                0x00000000100052b8                dcd_edpt_xfer
 .text.dcd_edpt_stall
                0x00000000100052dc       0x38 CMakeFiles/main.dir/home/ghostrunner/virtual_pet/pico-sdk/lib/tinyusb/src/portable/raspberrypi/rp2040/dcd_rp2040.c.obj
                0x00000000100052dc                dcd_edpt_stall
 .text.dcd_edpt_clear_stall
                0x0000000010005314       0x30 CMakeFiles/main.dir/home/ghostrunner/virtual_pet/pico-sdk/lib/tinyusb/src/portable/raspberrypi/rp2040/dcd_rp2040.c.obj
                0x0000000010005314                dcd_edpt_clear_stall
 .text.rp2040_usb_init
                0x0000000010005344       0x4c CMakeFiles/main.dir/home/ghostrunner/virtual_pet/pico-sdk/lib/tinyusb/src/portable/raspberrypi/rp2040/rp2040_usb.c.obj
                0x0000000010005344                rp2040_usb_init
 .text.hw_endpoint_xfer_start
                0x0000000010005390       0x54 CMakeFiles/main.dir/home/ghostrunner/virtual_pet/pico-sdk/lib/tinyusb/src/portable/raspberrypi/rp2040/rp2040_usb.c.obj
                0x0000000010005390                hw_endpoint_xfer_start
 .text.tud_mounted
                0x00000000100053e4       0x10 CMakeFiles/main.dir/home/ghostrunner/virtual_pet/pico-sdk/lib/tinyusb/src/device/usbd.c.obj
                0x00000000100053e4                tud_mounted
 .text.tud_suspended
                0x00000000100053f4       0x10 CMakeFiles/main.dir/home/ghostrunner/virtual_pet/pico-sdk/lib/tinyusb/src/device/usbd.c.obj
                0x00000000100053f4                tud_suspended
 .text.tud_inited
                0x0000000010005404       0x14 CMakeFiles/main.dir/home/ghostrunner/virtual_pet/pico-sdk/lib/tinyusb/src/device/usbd.c.obj
                0x0000000010005404                tud_inited
 .text.tud_init
                0x0000000010005418       0xe4 CMakeFiles/main.dir/home/ghostrunner/virtual_pet/pico-sdk/lib/tinyusb/src/device/usbd.c.obj
                0x0000000010005418                tud_init
 .text.tud_task_ext
                0x00000000100054fc      0x858 CMakeFiles/main.dir/home/ghostrunner/virtual_pet/pico-sdk/lib/tinyusb/src/device/usbd.c.obj
                0x00000000100054fc                tud_task_ext
 .text.usbd_open_edpt_pair
                0x0000000010005d54       0x9c CMakeFiles/main.dir/home/ghostrunner/virtual_pet/pico-sdk/lib/tinyusb/src/device/usbd.c.obj
                0x0000000010005d54                usbd_open_edpt_pair
 .text.usbd_defer_func
                0x0000000010005df0       0x4c CMakeFiles/main.dir/home/ghostrunner/virtual_pet/pico-sdk/lib/tinyusb/src/device/usbd.c.obj
                0x0000000010005df0                usbd_defer_func
 .text.usbd_edpt_open
                0x0000000010005e3c       0x34 CMakeFiles/main.dir/home/ghostrunner/virtual_pet/pico-sdk/lib/tinyusb/src/device/usbd.c.obj
                0x0000000010005e3c                usbd_edpt_open
 .text.usbd_edpt_claim
                0x0000000010005e70       0x28 CMakeFiles/main.dir/home/ghostrunner/virtual_pet/pico-sdk/lib/tinyusb/src/device/usbd.c.obj
                0x0000000010005e70                usbd_edpt_claim
 .text.usbd_edpt_release
                0x0000000010005e98       0x28 CMakeFiles/main.dir/home/ghostrunner/virtual_pet/pico-sdk/lib/tinyusb/src/device/usbd.c.obj
                0x0000000010005e98                usbd_edpt_release
 .text.usbd_edpt_xfer
                0x0000000010005ec0       0x4c CMakeFiles/main.dir/home/ghostrunner/virtual_pet/pico-sdk/lib/tinyusb/src/device/usbd.c.obj
                0x0000000010005ec0                usbd_edpt_xfer
 .text.tud_control_status
                0x0000000010005f0c       0x30 CMakeFiles/main.dir/home/ghostrunner/virtual_pet/pico-sdk/lib/tinyusb/src/device/usbd_control.c.obj
                0x0000000010005f0c                tud_control_status
 .text.tud_control_xfer
                0x0000000010005f3c       0xb8 CMakeFiles/main.dir/home/ghostrunner/virtual_pet/pico-sdk/lib/tinyusb/src/device/usbd_control.c.obj
                0x0000000010005f3c                tud_control_xfer
 .text.usbd_control_reset
                0x0000000010005ff4       0x14 CMakeFiles/main.dir/home/ghostrunner/virtual_pet/pico-sdk/lib/tinyusb/src/device/usbd_control.c.obj
                0x0000000010005ff4                usbd_control_reset
 .text.usbd_control_set_complete_callback
                0x0000000010006008        0xc CMakeFiles/main.dir/home/ghostrunner/virtual_pet/pico-sdk/lib/tinyusb/src/device/usbd_control.c.obj
                0x0000000010006008                usbd_control_set_complete_callback
 .text.usbd_control_set_request
                0x0000000010006014       0x1c CMakeFiles/main.dir/home/ghostrunner/virtual_pet/pico-sdk/lib/tinyusb/src/device/usbd_control.c.obj
                0x0000000010006014                usbd_control_set_request
 .text.usbd_control_xfer_cb
                0x0000000010006030       0xf8 CMakeFiles/main.dir/home/ghostrunner/virtual_pet/pico-sdk/lib/tinyusb/src/device/usbd_control.c.obj
                0x0000000010006030                usbd_control_xfer_cb
 .text.tud_cdc_n_connected
                0x0000000010006128       0x30 CMakeFiles/main.dir/home/ghostrunner/virtual_pet/pico-sdk/lib/tinyusb/src/class/cdc/cdc_device.c.obj
                0x0000000010006128                tud_cdc_n_connected
 .text.tud_cdc_n_available
                0x0000000010006158       0x18 CMakeFiles/main.dir/home/ghostrunner/virtual_pet/pico-sdk/lib/tinyusb/src/class/cdc/cdc_device.c.obj
                0x0000000010006158                tud_cdc_n_available
 .text.tud_cdc_n_read
                0x0000000010006170       0x70 CMakeFiles/main.dir/home/ghostrunner/virtual_pet/pico-sdk/lib/tinyusb/src/class/cdc/cdc_device.c.obj
                0x0000000010006170                tud_cdc_n_read
 .text.tud_cdc_n_write_flush
                0x00000000100061e0       0x78 CMakeFiles/main.dir/home/ghostrunner/virtual_pet/pico-sdk/lib/tinyusb/src/class/cdc/cdc_device.c.obj
                0x00000000100061e0                tud_cdc_n_write_flush
 .text.tud_cdc_n_write
                0x0000000010006258       0x34 CMakeFiles/main.dir/home/ghostrunner/virtual_pet/pico-sdk/lib/tinyusb/src/class/cdc/cdc_device.c.obj
                0x0000000010006258                tud_cdc_n_write
 .text.tud_cdc_n_write_available
                0x000000001000628c       0x18 CMakeFiles/main.dir/home/ghostrunner/virtual_pet/pico-sdk/lib/tinyusb/src/class/cdc/cdc_device.c.obj
                0x000000001000628c                tud_cdc_n_write_available
 .text.cdcd_init
                0x00000000100062a4       0x7c CMakeFiles/main.dir/home/ghostrunner/virtual_pet/pico-sdk/lib/tinyusb/src/class/cdc/cdc_device.c.obj
                0x00000000100062a4                cdcd_init
 .text.cdcd_reset
                0x0000000010006320       0x2c CMakeFiles/main.dir/home/ghostrunner/virtual_pet/pico-sdk/lib/tinyusb/src/class/cdc/cdc_device.c.obj
                0x0000000010006320                cdcd_reset
 .text.cdcd_open
                0x000000001000634c       0xe8 CMakeFiles/main.dir/home/ghostrunner/virtual_pet/pico-sdk/lib/tinyusb/src/class/cdc/cdc_device.c.obj
                0x000000001000634c                cdcd_open
 .text.cdcd_control_xfer_cb
                0x0000000010006434       0xe4 CMakeFiles/main.dir/home/ghostrunner/virtual_pet/pico-sdk/lib/tinyusb/src/class/cdc/cdc_device.c.obj
                0x0000000010006434                cdcd_control_xfer_cb
 .text.cdcd_xfer_cb
                0x0000000010006518      0x198 CMakeFiles/main.dir/home/ghostrunner/virtual_pet/pico-sdk/lib/tinyusb/src/class/cdc/cdc_device.c.obj
                0x0000000010006518                cdcd_xfer_cb
 .text.tusb_init
                0x00000000100066b0        0xc CMakeFiles/main.dir/home/ghostrunner/virtual_pet/pico-sdk/lib/tinyusb/src/tusb.c.obj
                0x00000000100066b0                tusb_init
 .text.tusb_inited
                0x00000000100066bc        0x8 CMakeFiles/main.dir/home/ghostrunner/virtual_pet/pico-sdk/lib/tinyusb/src/tusb.c.obj
                0x00000000100066bc                tusb_inited
 .text.tu_edpt_claim
                0x00000000100066c4       0x50 CMakeFiles/main.dir/home/ghostrunner/virtual_pet/pico-sdk/lib/tinyusb/src/tusb.c.obj
                0x00000000100066c4                tu_edpt_claim
 .text.tu_edpt_release
                0x0000000010006714       0x38 CMakeFiles/main.dir/home/ghostrunner/virtual_pet/pico-sdk/lib/tinyusb/src/tusb.c.obj
                0x0000000010006714                tu_edpt_release
 .text.tu_edpt_validate
                0x000000001000674c       0x78 CMakeFiles/main.dir/home/ghostrunner/virtual_pet/pico-sdk/lib/tinyusb/src/tusb.c.obj
                0x000000001000674c                tu_edpt_validate
 .text.tu_edpt_bind_driver
                0x00000000100067c4       0x34 CMakeFiles/main.dir/home/ghostrunner/virtual_pet/pico-sdk/lib/tinyusb/src/tusb.c.obj
                0x00000000100067c4                tu_edpt_bind_driver
 .text.tu_fifo_config
                0x00000000100067f8       0x70 CMakeFiles/main.dir/home/ghostrunner/virtual_pet/pico-sdk/lib/tinyusb/src/common/tusb_fifo.c.obj
                0x00000000100067f8                tu_fifo_config
 .text.tu_fifo_count
                0x0000000010006868       0x2c CMakeFiles/main.dir/home/ghostrunner/virtual_pet/pico-sdk/lib/tinyusb/src/common/tusb_fifo.c.obj
                0x0000000010006868                tu_fifo_count
 .text.tu_fifo_empty
                0x0000000010006894       0x10 CMakeFiles/main.dir/home/ghostrunner/virtual_pet/pico-sdk/lib/tinyusb/src/common/tusb_fifo.c.obj
                0x0000000010006894                tu_fifo_empty
 .text.tu_fifo_remaining
                0x00000000100068a4       0x2c CMakeFiles/main.dir/home/ghostrunner/virtual_pet/pico-sdk/lib/tinyusb/src/common/tusb_fifo.c.obj
                0x00000000100068a4                tu_fifo_remaining
 .text.tu_fifo_read
                0x00000000100068d0       0x9c CMakeFiles/main.dir/home/ghostrunner/virtual_pet/pico-sdk/lib/tinyusb/src/common/tusb_fifo.c.obj
                0x00000000100068d0                tu_fifo_read
 .text.tu_fifo_read_n
                0x000000001000696c       0xf0 CMakeFiles/main.dir/home/ghostrunner/virtual_pet/pico-sdk/lib/tinyusb/src/common/tusb_fifo.c.obj
                0x000000001000696c                tu_fifo_read_n
 .text.tu_fifo_write
                0x0000000010006a5c       0x88 CMakeFiles/main.dir/home/ghostrunner/virtual_pet/pico-sdk/lib/tinyusb/src/common/tusb_fifo.c.obj
                0x0000000010006a5c                tu_fifo_write
 .text.tu_fifo_write_n
                0x0000000010006ae4      0x158 CMakeFiles/main.dir/home/ghostrunner/virtual_pet/pico-sdk/lib/tinyusb/src/common/tusb_fifo.c.obj
                0x0000000010006ae4                tu_fifo_write_n
 .text.tu_fifo_clear
                0x0000000010006c3c       0x40 CMakeFiles/main.dir/home/ghostrunner/virtual_pet/pico-sdk/lib/tinyusb/src/common/tusb_fifo.c.obj
                0x0000000010006c3c                tu_fifo_clear
 .text.tu_fifo_set_overwritable
                0x0000000010006c7c       0x48 CMakeFiles/main.dir/home/ghostrunner/virtual_pet/pico-sdk/lib/tinyusb/src/common/tusb_fifo.c.obj
                0x0000000010006c7c                tu_fifo_set_overwritable
 .text.spi_init
                0x0000000010006cc4       0xf4 CMakeFiles/main.dir/home/ghostrunner/virtual_pet/pico-sdk/src/rp2_common/hardware_spi/spi.c.obj
                0x0000000010006cc4                spi_init
 .text.i2c_set_baudrate
                0x0000000010006db8       0xc4 CMakeFiles/main.dir/home/ghostrunner/virtual_pet/pico-sdk/src/rp2_common/hardware_i2c/i2c.c.obj
                0x0000000010006db8                i2c_set_baudrate
 .text.i2c_init
                0x0000000010006e7c       0x54 CMakeFiles/main.dir/home/ghostrunner/virtual_pet/pico-sdk/src/rp2_common/hardware_i2c/i2c.c.obj
                0x0000000010006e7c                i2c_init
 .text.LCD_1in8_test
                0x0000000010006ed0       0xf8 examples/libexamples.a(LCD_1in8_test.c.obj)
                0x0000000010006ed0                LCD_1in8_test
 .text.LCD_1IN8_Init
                0x0000000010006fc8      0x98c lib/LCD/libLCD.a(LCD_1in8.c.obj)
                0x0000000010006fc8                LCD_1IN8_Init
 .text.LCD_1IN8_Clear
                0x0000000010007954      0x1d0 lib/LCD/libLCD.a(LCD_1in8.c.obj)
                0x0000000010007954                LCD_1IN8_Clear
 .text.LCD_1IN8_Display
                0x0000000010007b24      0x1b0 lib/LCD/libLCD.a(LCD_1in8.c.obj)
                0x0000000010007b24                LCD_1IN8_Display
 .text.Paint_SetPixel.part.0
                0x0000000010007cd4      0x12c lib/GUI/libGUI.a(GUI_Paint.c.obj)
 .text.Paint_DrawChar.part.0
                0x0000000010007e00       0xe4 lib/GUI/libGUI.a(GUI_Paint.c.obj)
 .text.Paint_NewImage
                0x0000000010007ee4       0x44 lib/GUI/libGUI.a(GUI_Paint.c.obj)
                0x0000000010007ee4                Paint_NewImage
 .text.Paint_SetRotate
                0x0000000010007f28       0x20 lib/GUI/libGUI.a(GUI_Paint.c.obj)
                0x0000000010007f28                Paint_SetRotate
 .text.Paint_SetScale
                0x0000000010007f48       0x6c lib/GUI/libGUI.a(GUI_Paint.c.obj)
                0x0000000010007f48                Paint_SetScale
 .text.Paint_Clear
                0x0000000010007fb4       0xd8 lib/GUI/libGUI.a(GUI_Paint.c.obj)
                0x0000000010007fb4                Paint_Clear
 .text.Paint_DrawPoint
                0x000000001000808c      0x278 lib/GUI/libGUI.a(GUI_Paint.c.obj)
                0x000000001000808c                Paint_DrawPoint
 .text.Paint_DrawString_EN
                0x0000000010008304       0xa4 lib/GUI/libGUI.a(GUI_Paint.c.obj)
                0x0000000010008304                Paint_DrawString_EN
 .text.DEV_Digital_Write
                0x00000000100083a8       0x14 lib/Config/libConfig.a(DEV_Config.c.obj)
                0x00000000100083a8                DEV_Digital_Write
 .text.DEV_SPI_WriteByte
                0x00000000100083bc       0x1c lib/Config/libConfig.a(DEV_Config.c.obj)
                0x00000000100083bc                DEV_SPI_WriteByte
 .text.DEV_SPI_Write_nByte
                0x00000000100083d8       0x14 lib/Config/libConfig.a(DEV_Config.c.obj)
                0x00000000100083d8                DEV_SPI_Write_nByte
 .text.DEV_Delay_ms
                0x00000000100083ec        0x8 lib/Config/libConfig.a(DEV_Config.c.obj)
                0x00000000100083ec                DEV_Delay_ms
 .text.DEV_Module_Init
                0x00000000100083f4      0x104 lib/Config/libConfig.a(DEV_Config.c.obj)
                0x00000000100083f4                DEV_Module_Init
 .text.DEV_SET_PWM
                0x00000000100084f8       0x40 lib/Config/libConfig.a(DEV_Config.c.obj)
                0x00000000100084f8                DEV_SET_PWM
 .text          0x0000000010008538       0x28 /usr/lib/gcc/arm-none-eabi/9.2.1/../../../arm-none-eabi/lib/thumb/v6-m/nofp/libc.a(lib_a-malloc.o)
                0x0000000010008538                malloc
                0x000000001000854c                free
 .text          0x0000000010008560      0x58c /usr/lib/gcc/arm-none-eabi/9.2.1/../../../arm-none-eabi/lib/thumb/v6-m/nofp/libc.a(lib_a-mallocr.o)
                0x0000000010008560                _malloc_r
 .text          0x0000000010008aec        0x8 /usr/lib/gcc/arm-none-eabi/9.2.1/../../../arm-none-eabi/lib/thumb/v6-m/nofp/libc.a(lib_a-mlock.o)
                0x0000000010008aec                __malloc_lock
                0x0000000010008af0                __malloc_unlock
 .text          0x0000000010008af4       0x24 /usr/lib/gcc/arm-none-eabi/9.2.1/../../../arm-none-eabi/lib/thumb/v6-m/nofp/libc.a(lib_a-sbrkr.o)
                0x0000000010008af4                _sbrk_r
 .text          0x0000000010008b18       0x68 /usr/lib/gcc/arm-none-eabi/9.2.1/../../../arm-none-eabi/lib/thumb/v6-m/nofp/libc.a(lib_a-strlen-stub.o)
                0x0000000010008b18                strlen
 .text          0x0000000010008b80      0x27c /usr/lib/gcc/arm-none-eabi/9.2.1/../../../arm-none-eabi/lib/thumb/v6-m/nofp/libc.a(lib_a-freer.o)
                0x0000000010008b80                _malloc_trim_r
                0x0000000010008c20                _free_r
 *(.fini)
 .fini          0x0000000010008dfc        0x4 /usr/lib/gcc/arm-none-eabi/9.2.1/thumb/v6-m/nofp/crti.o
                0x0000000010008dfc                _fini
 .fini.__stub   0x0000000010008e00       0xe0 linker stubs
 *crtbegin.o(.ctors)
 *crtbegin?.o(.ctors)
 *(EXCLUDE_FILE(*crtend.o *crtend?.o) .ctors)
 *(SORT_BY_NAME(.ctors.*))
 *(.ctors)
 *crtbegin.o(.dtors)
 *crtbegin?.o(.dtors)
 *(EXCLUDE_FILE(*crtend.o *crtend?.o) .dtors)
 *(SORT_BY_NAME(.dtors.*))
 *(.dtors)
 *(.eh_frame*)
 .eh_frame      0x0000000010008ee0        0x0 /usr/lib/gcc/arm-none-eabi/9.2.1/thumb/v6-m/nofp/crtbegin.o
                0x0000000010008ee0                . = ALIGN (0x4)

.glue_7         0x0000000010008ee0        0x0
 .glue_7        0x0000000010008ee0        0x0 linker stubs

.glue_7t        0x0000000010008ee0        0x0
 .glue_7t       0x0000000010008ee0        0x0 linker stubs

.vfp11_veneer   0x0000000010008ee0        0x0
 .vfp11_veneer  0x0000000010008ee0        0x0 linker stubs

.v4_bx          0x0000000010008ee0        0x0
 .v4_bx         0x0000000010008ee0        0x0 linker stubs

.iplt           0x0000000010008ee0        0x0
 .iplt          0x0000000010008ee0        0x0 /usr/lib/gcc/arm-none-eabi/9.2.1/thumb/v6-m/nofp/crtbegin.o

.rodata         0x0000000010008ee0      0xac0
 *(EXCLUDE_FILE(*libm.a: *libc.a:*lib_a-mem*.o *libgcc.a:) .rodata*)
 .rodata.spin_lock_claim_unused.str1.4
                0x0000000010008ee0       0x1b CMakeFiles/main.dir/home/ghostrunner/virtual_pet/pico-sdk/src/rp2_common/hardware_sync/sync.c.obj
 *fill*         0x0000000010008efb        0x1 
 .rodata.user_irq_claim_unused.str1.4
                0x0000000010008efc       0x1b CMakeFiles/main.dir/home/ghostrunner/virtual_pet/pico-sdk/src/rp2_common/hardware_irq/irq.c.obj
 *fill*         0x0000000010008f17        0x1 
 .rodata.hardware_alarm_claim.str1.4
                0x0000000010008f18       0x22 CMakeFiles/main.dir/home/ghostrunner/virtual_pet/pico-sdk/src/rp2_common/hardware_timer/timer.c.obj
 *fill*         0x0000000010008f3a        0x2 
 .rodata.panic.str1.4
                0x0000000010008f3c       0x12 CMakeFiles/main.dir/home/ghostrunner/virtual_pet/pico-sdk/src/rp2_common/pico_runtime/runtime.c.obj
 *fill*         0x0000000010008f4e        0x2 
 .rodata.hard_assertion_failure.str1.4
                0x0000000010008f50        0xc CMakeFiles/main.dir/home/ghostrunner/virtual_pet/pico-sdk/src/rp2_common/pico_runtime/runtime.c.obj
 .rodata._ftoa.str1.4
                0x0000000010008f5c       0x15 CMakeFiles/main.dir/home/ghostrunner/virtual_pet/pico-sdk/src/rp2_common/pico_printf/printf.c.obj
 *fill*         0x0000000010008f71        0x3 
 .rodata._vsnprintf
                0x0000000010008f74      0x1e0 CMakeFiles/main.dir/home/ghostrunner/virtual_pet/pico-sdk/src/rp2_common/pico_printf/printf.c.obj
 *fill*         0x0000000010009154        0x4 
 .rodata.pow10.5452
                0x0000000010009158       0x50 CMakeFiles/main.dir/home/ghostrunner/virtual_pet/pico-sdk/src/rp2_common/pico_printf/printf.c.obj
 .rodata.__wrap_malloc.str1.4
                0x00000000100091a8        0xe CMakeFiles/main.dir/home/ghostrunner/virtual_pet/pico-sdk/src/rp2_common/pico_malloc/pico_malloc.c.obj
 *fill*         0x00000000100091b6        0x2 
 .rodata.str1.4
                0x00000000100091b8       0x3c CMakeFiles/main.dir/home/ghostrunner/virtual_pet/pico-sdk/src/rp2_common/pico_standard_link/binary_info.c.obj
 .rodata.__bi_44
                0x00000000100091f4        0xc CMakeFiles/main.dir/home/ghostrunner/virtual_pet/pico-sdk/src/rp2_common/pico_standard_link/binary_info.c.obj
 .rodata.__bi_75
                0x0000000010009200        0xc CMakeFiles/main.dir/home/ghostrunner/virtual_pet/pico-sdk/src/rp2_common/pico_standard_link/binary_info.c.obj
 .rodata.__bi_81
                0x000000001000920c        0xc CMakeFiles/main.dir/home/ghostrunner/virtual_pet/pico-sdk/src/rp2_common/pico_standard_link/binary_info.c.obj
 .rodata.crlf_str.6238
                0x0000000010009218        0x2 CMakeFiles/main.dir/home/ghostrunner/virtual_pet/pico-sdk/src/rp2_common/pico_stdio/stdio.c.obj
 *fill*         0x000000001000921a        0x2 
 .rodata.str1.4
                0x000000001000921c       0x2c CMakeFiles/main.dir/home/ghostrunner/virtual_pet/pico-sdk/src/rp2_common/pico_stdio_uart/stdio_uart.c.obj
 .rodata.__bi_33.4878
                0x0000000010009248        0xc CMakeFiles/main.dir/home/ghostrunner/virtual_pet/pico-sdk/src/rp2_common/pico_stdio_uart/stdio_uart.c.obj
 .rodata.__bi_34.4882
                0x0000000010009254        0x8 CMakeFiles/main.dir/home/ghostrunner/virtual_pet/pico-sdk/src/rp2_common/pico_stdio_uart/stdio_uart.c.obj
 .rodata._resetd_driver
                0x000000001000925c       0x18 CMakeFiles/main.dir/home/ghostrunner/virtual_pet/pico-sdk/src/rp2_common/pico_stdio_usb/reset_interface.c.obj
 .rodata.str1.4
                0x0000000010009274       0x13 CMakeFiles/main.dir/home/ghostrunner/virtual_pet/pico-sdk/src/rp2_common/pico_stdio_usb/stdio_usb.c.obj
 *fill*         0x0000000010009287        0x1 
 .rodata.__bi_188.7657
                0x0000000010009288        0xc CMakeFiles/main.dir/home/ghostrunner/virtual_pet/pico-sdk/src/rp2_common/pico_stdio_usb/stdio_usb.c.obj
 .rodata.str1.4
                0x0000000010009294       0x2a CMakeFiles/main.dir/home/ghostrunner/virtual_pet/pico-sdk/src/rp2_common/pico_stdio_usb/stdio_usb_descriptors.c.obj
 *fill*         0x00000000100092be        0x2 
 .rodata.usbd_desc_cfg
                0x00000000100092c0       0x54 CMakeFiles/main.dir/home/ghostrunner/virtual_pet/pico-sdk/src/rp2_common/pico_stdio_usb/stdio_usb_descriptors.c.obj
 .rodata.usbd_desc_device
                0x0000000010009314       0x12 CMakeFiles/main.dir/home/ghostrunner/virtual_pet/pico-sdk/src/rp2_common/pico_stdio_usb/stdio_usb_descriptors.c.obj
 *fill*         0x0000000010009326        0x2 
 .rodata.usbd_desc_str
                0x0000000010009328       0x18 CMakeFiles/main.dir/home/ghostrunner/virtual_pet/pico-sdk/src/rp2_common/pico_stdio_usb/stdio_usb_descriptors.c.obj
 .rodata.str1.4
                0x0000000010009340       0x14 CMakeFiles/main.dir/home/ghostrunner/virtual_pet/pico-sdk/lib/tinyusb/src/portable/raspberrypi/rp2040/dcd_rp2040.c.obj
 .rodata.str1.4
                0x0000000010009354       0x49 CMakeFiles/main.dir/home/ghostrunner/virtual_pet/pico-sdk/lib/tinyusb/src/portable/raspberrypi/rp2040/rp2040_usb.c.obj
                                         0x53 (size before relaxing)
 *fill*         0x000000001000939d        0x3 
 .rodata.tud_task_ext
                0x00000000100093a0       0x8c CMakeFiles/main.dir/home/ghostrunner/virtual_pet/pico-sdk/lib/tinyusb/src/device/usbd.c.obj
 .rodata._usbd_driver
                0x000000001000942c       0x18 CMakeFiles/main.dir/home/ghostrunner/virtual_pet/pico-sdk/lib/tinyusb/src/device/usbd.c.obj
 .rodata.LCD_1in8_test.str1.4
                0x0000000010009444       0x6f examples/libexamples.a(LCD_1in8_test.c.obj)
 *fill*         0x00000000100094b3        0x1 
 .rodata.Paint_DrawLine.constprop.0.str1.4
                0x00000000100094b4       0x49 lib/GUI/libGUI.a(GUI_Paint.c.obj)
 *fill*         0x00000000100094fd        0x3 
 .rodata        0x0000000010009500      0x474 lib/Fonts/libFonts.a(font12.c.obj)
                0x0000000010009500                Font12_Table
 .rodata.DEV_Module_Init.str1.4
                0x0000000010009974       0x15 lib/Config/libConfig.a(DEV_Config.c.obj)
 *fill*         0x0000000010009989        0x3 
 .rodata.DEV_SET_PWM.str1.4
                0x000000001000998c       0x14 lib/Config/libConfig.a(DEV_Config.c.obj)
                0x00000000100099a0                . = ALIGN (0x4)
 *(SORT_BY_ALIGNMENT(SORT_BY_NAME(.flashdata*)))
                0x00000000100099a0                . = ALIGN (0x4)

.rel.dyn        0x00000000100099a0        0x0
 .rel.iplt      0x00000000100099a0        0x0 /usr/lib/gcc/arm-none-eabi/9.2.1/thumb/v6-m/nofp/crtbegin.o

.ARM.extab
 *(.ARM.extab* .gnu.linkonce.armextab.*)
                0x00000000100099a0                __exidx_start = .

.ARM.exidx
 *(.ARM.exidx* .gnu.linkonce.armexidx.*)
                0x00000000100099a0                __exidx_end = .
                0x00000000100099a0                . = ALIGN (0x4)
                0x00000000100099a0                __binary_info_start = .

.binary_info    0x00000000100099a0       0x28
 *(.binary_info.keep.*)
 .binary_info.keep.__bi_ptr22
                0x00000000100099a0        0x4 CMakeFiles/main.dir/home/ghostrunner/virtual_pet/pico-sdk/src/rp2_common/pico_standard_link/binary_info.c.obj
 .binary_info.keep.__bi_ptr30
                0x00000000100099a4        0x4 CMakeFiles/main.dir/home/ghostrunner/virtual_pet/pico-sdk/src/rp2_common/pico_standard_link/binary_info.c.obj
 .binary_info.keep.__bi_ptr38
                0x00000000100099a8        0x4 CMakeFiles/main.dir/home/ghostrunner/virtual_pet/pico-sdk/src/rp2_common/pico_standard_link/binary_info.c.obj
 .binary_info.keep.__bi_ptr44
                0x00000000100099ac        0x4 CMakeFiles/main.dir/home/ghostrunner/virtual_pet/pico-sdk/src/rp2_common/pico_standard_link/binary_info.c.obj
 .binary_info.keep.__bi_ptr50
                0x00000000100099b0        0x4 CMakeFiles/main.dir/home/ghostrunner/virtual_pet/pico-sdk/src/rp2_common/pico_standard_link/binary_info.c.obj
 .binary_info.keep.__bi_ptr75
                0x00000000100099b4        0x4 CMakeFiles/main.dir/home/ghostrunner/virtual_pet/pico-sdk/src/rp2_common/pico_standard_link/binary_info.c.obj
 .binary_info.keep.__bi_ptr81
                0x00000000100099b8        0x4 CMakeFiles/main.dir/home/ghostrunner/virtual_pet/pico-sdk/src/rp2_common/pico_standard_link/binary_info.c.obj
 *(.binary_info.*)
 .binary_info.__bi_ptr33
                0x00000000100099bc        0x4 CMakeFiles/main.dir/home/ghostrunner/virtual_pet/pico-sdk/src/rp2_common/pico_stdio_uart/stdio_uart.c.obj
 .binary_info.__bi_ptr34
                0x00000000100099c0        0x4 CMakeFiles/main.dir/home/ghostrunner/virtual_pet/pico-sdk/src/rp2_common/pico_stdio_uart/stdio_uart.c.obj
 .binary_info.__bi_ptr188
                0x00000000100099c4        0x4 CMakeFiles/main.dir/home/ghostrunner/virtual_pet/pico-sdk/src/rp2_common/pico_stdio_usb/stdio_usb.c.obj
                0x00000000100099c8                __binary_info_end = .
                0x00000000100099c8                . = ALIGN (0x4)
                0x00000000100099c8                __etext = .

.ram_vector_table
                0x0000000020000000       0xc0
 *(.ram_vector_table)
 .ram_vector_table
                0x0000000020000000       0xc0 CMakeFiles/main.dir/home/ghostrunner/virtual_pet/pico-sdk/src/rp2_common/pico_runtime/runtime.c.obj
                0x0000000020000000                ram_vector_table

.data           0x00000000200000c0     0x1750 load address 0x00000000100099c8
                0x00000000200000c0                __data_start__ = .
 *(vtable)
 *(.time_critical*)
 .time_critical.mutex_try_enter
                0x00000000200000c0       0x48 CMakeFiles/main.dir/home/ghostrunner/virtual_pet/pico-sdk/src/common/pico_sync/mutex.c.obj
                0x00000000200000c0                mutex_try_enter
 .time_critical.mutex_try_enter_block_until
                0x0000000020000108       0xb0 CMakeFiles/main.dir/home/ghostrunner/virtual_pet/pico-sdk/src/common/pico_sync/mutex.c.obj
                0x0000000020000108                mutex_try_enter_block_until
 .time_critical.mutex_enter_timeout_ms
                0x00000000200001b8       0x90 CMakeFiles/main.dir/home/ghostrunner/virtual_pet/pico-sdk/src/common/pico_sync/mutex.c.obj
                0x00000000200001b8                mutex_enter_timeout_ms
 .time_critical.mutex_exit
                0x0000000020000248       0x28 CMakeFiles/main.dir/home/ghostrunner/virtual_pet/pico-sdk/src/common/pico_sync/mutex.c.obj
                0x0000000020000248                mutex_exit
 .time_critical.flash_init_boot2_copyout
                0x0000000020000270       0x30 CMakeFiles/main.dir/home/ghostrunner/virtual_pet/pico-sdk/src/rp2_common/hardware_flash/flash.c.obj
 .time_critical.flash_enable_xip_via_boot2
                0x00000000200002a0       0x10 CMakeFiles/main.dir/home/ghostrunner/virtual_pet/pico-sdk/src/rp2_common/hardware_flash/flash.c.obj
 .time_critical.flash_cs_force
                0x00000000200002b0       0x38 CMakeFiles/main.dir/home/ghostrunner/virtual_pet/pico-sdk/src/rp2_common/hardware_flash/flash.c.obj
 .time_critical.flash_do_cmd
                0x00000000200002e8       0xc4 CMakeFiles/main.dir/home/ghostrunner/virtual_pet/pico-sdk/src/rp2_common/hardware_flash/flash.c.obj
                0x00000000200002e8                flash_do_cmd
 .time_critical.reset_non_control_endpoints
                0x00000000200003ac       0xbc CMakeFiles/main.dir/home/ghostrunner/virtual_pet/pico-sdk/lib/tinyusb/src/portable/raspberrypi/rp2040/dcd_rp2040.c.obj
 .time_critical.hw_handle_buff_status
                0x0000000020000468       0xb4 CMakeFiles/main.dir/home/ghostrunner/virtual_pet/pico-sdk/lib/tinyusb/src/portable/raspberrypi/rp2040/dcd_rp2040.c.obj
 .time_critical.dcd_rp2040_irq
                0x000000002000051c      0x4f4 CMakeFiles/main.dir/home/ghostrunner/virtual_pet/pico-sdk/lib/tinyusb/src/portable/raspberrypi/rp2040/dcd_rp2040.c.obj
 .time_critical.prepare_ep_buffer
                0x0000000020000a10       0x70 CMakeFiles/main.dir/home/ghostrunner/virtual_pet/pico-sdk/lib/tinyusb/src/portable/raspberrypi/rp2040/rp2040_usb.c.obj
 .time_critical.sync_ep_buffer
                0x0000000020000a80       0x4c CMakeFiles/main.dir/home/ghostrunner/virtual_pet/pico-sdk/lib/tinyusb/src/portable/raspberrypi/rp2040/rp2040_usb.c.obj
 .time_critical._hw_endpoint_xfer_sync
                0x0000000020000acc       0x28 CMakeFiles/main.dir/home/ghostrunner/virtual_pet/pico-sdk/lib/tinyusb/src/portable/raspberrypi/rp2040/rp2040_usb.c.obj
 .time_critical.e15_is_bulkin_ep
                0x0000000020000af4       0x28 CMakeFiles/main.dir/home/ghostrunner/virtual_pet/pico-sdk/lib/tinyusb/src/portable/raspberrypi/rp2040/rp2040_usb.c.obj
 .time_critical.e15_is_critical_frame_period
                0x0000000020000b1c       0x38 CMakeFiles/main.dir/home/ghostrunner/virtual_pet/pico-sdk/lib/tinyusb/src/portable/raspberrypi/rp2040/rp2040_usb.c.obj
 .time_critical.hw_endpoint_reset_transfer
                0x0000000020000b54        0xc CMakeFiles/main.dir/home/ghostrunner/virtual_pet/pico-sdk/lib/tinyusb/src/portable/raspberrypi/rp2040/rp2040_usb.c.obj
                0x0000000020000b54                hw_endpoint_reset_transfer
 .time_critical._hw_endpoint_buffer_control_update32
                0x0000000020000b60       0x58 CMakeFiles/main.dir/home/ghostrunner/virtual_pet/pico-sdk/lib/tinyusb/src/portable/raspberrypi/rp2040/rp2040_usb.c.obj
                0x0000000020000b60                _hw_endpoint_buffer_control_update32
 .time_critical.hw_endpoint_start_next_buffer
                0x0000000020000bb8       0x6c CMakeFiles/main.dir/home/ghostrunner/virtual_pet/pico-sdk/lib/tinyusb/src/portable/raspberrypi/rp2040/rp2040_usb.c.obj
                0x0000000020000bb8                hw_endpoint_start_next_buffer
 .time_critical.hw_endpoint_xfer_continue
                0x0000000020000c24       0x50 CMakeFiles/main.dir/home/ghostrunner/virtual_pet/pico-sdk/lib/tinyusb/src/portable/raspberrypi/rp2040/rp2040_usb.c.obj
                0x0000000020000c24                hw_endpoint_xfer_continue
 .time_critical.tinyusb
                0x0000000020000c74      0x170 CMakeFiles/main.dir/home/ghostrunner/virtual_pet/pico-sdk/lib/tinyusb/src/device/usbd.c.obj
                0x0000000020000c74                dcd_event_handler
 .time_critical.spi_write_blocking
                0x0000000020000de4       0x4c CMakeFiles/main.dir/home/ghostrunner/virtual_pet/pico-sdk/src/rp2_common/hardware_spi/spi.c.obj
                0x0000000020000de4                spi_write_blocking
 *(.text*)
 .text          0x0000000020000e30        0x4 /usr/lib/gcc/arm-none-eabi/9.2.1/thumb/v6-m/nofp/libgcc.a(_dvmd_tls.o)
                0x0000000020000e30                __aeabi_ldiv0
                0x0000000020000e30                __aeabi_idiv0
 *fill*         0x0000000020000e34        0x4 
 .text.__stub   0x0000000020000e38       0x70 linker stubs
                0x0000000020000ea8                . = ALIGN (0x4)
 *(.rodata*)
                0x0000000020000ea8                . = ALIGN (0x4)
 *(.data*)
 .data.striped_spin_lock_num
                0x0000000020000ea8        0x1 CMakeFiles/main.dir/home/ghostrunner/virtual_pet/pico-sdk/src/rp2_common/hardware_sync/sync.c.obj
 *fill*         0x0000000020000ea9        0x3 
 .data          0x0000000020000eac       0x48 CMakeFiles/main.dir/home/ghostrunner/virtual_pet/pico-sdk/src/rp2_common/hardware_irq/irq_handler_chain.S.obj
                0x0000000020000eac                irq_handler_chain_slots
                0x0000000020000edc                irq_handler_chain_first_slot
                0x0000000020000ee6                irq_handler_chain_remove_tail
 .data.default_alarm_pool
                0x0000000020000ef4       0x18 CMakeFiles/main.dir/home/ghostrunner/virtual_pet/pico-sdk/src/common/pico_time/time.c.obj
 .data.default_alarm_pool_heap
                0x0000000020000f0c       0x10 CMakeFiles/main.dir/home/ghostrunner/virtual_pet/pico-sdk/src/common/pico_time/time.c.obj
 *fill*         0x0000000020000f1c        0x4 
 .data.aeabi_bits_funcs
                0x0000000020000f20       0x10 CMakeFiles/main.dir/home/ghostrunner/virtual_pet/pico-sdk/src/rp2_common/pico_bit_ops/bit_ops_aeabi.S.obj
                0x0000000020000f20                aeabi_bits_funcs
                0x0000000020000f30                aeabi_bits_funcs_end
 .data.aeabi_mem_funcs
                0x0000000020000f30       0x10 CMakeFiles/main.dir/home/ghostrunner/virtual_pet/pico-sdk/src/rp2_common/pico_mem_ops/mem_ops_aeabi.S.obj
                0x0000000020000f30                aeabi_mem_funcs
                0x0000000020000f40                aeabi_mem_funcs_end
 .data.stdio_uart
                0x0000000020000f40       0x18 CMakeFiles/main.dir/home/ghostrunner/virtual_pet/pico-sdk/src/rp2_common/pico_stdio_uart/stdio_uart.c.obj
                0x0000000020000f40                stdio_uart
 .data.stdio_usb
                0x0000000020000f58       0x18 CMakeFiles/main.dir/home/ghostrunner/virtual_pet/pico-sdk/src/rp2_common/pico_stdio_usb/stdio_usb.c.obj
                0x0000000020000f58                stdio_usb
 .data.ep_dir_string
                0x0000000020000f70        0x8 CMakeFiles/main.dir/home/ghostrunner/virtual_pet/pico-sdk/lib/tinyusb/src/portable/raspberrypi/rp2040/rp2040_usb.c.obj
                0x0000000020000f70                ep_dir_string
 .data._usbd_qdef
                0x0000000020000f78       0x1c CMakeFiles/main.dir/home/ghostrunner/virtual_pet/pico-sdk/lib/tinyusb/src/device/usbd.c.obj
                0x0000000020000f78                _usbd_qdef
 .data._usbd_rhport
                0x0000000020000f94        0x1 CMakeFiles/main.dir/home/ghostrunner/virtual_pet/pico-sdk/lib/tinyusb/src/device/usbd.c.obj
 *fill*         0x0000000020000f95        0x3 
 .data.i2c0_inst
                0x0000000020000f98        0x8 CMakeFiles/main.dir/home/ghostrunner/virtual_pet/pico-sdk/src/rp2_common/hardware_i2c/i2c.c.obj
                0x0000000020000f98                i2c0_inst
 .data.i2c1_inst
                0x0000000020000fa0        0x8 CMakeFiles/main.dir/home/ghostrunner/virtual_pet/pico-sdk/src/rp2_common/hardware_i2c/i2c.c.obj
                0x0000000020000fa0                i2c1_inst
 .data          0x0000000020000fa8        0x8 lib/Fonts/libFonts.a(font12.c.obj)
                0x0000000020000fa8                Font12
 .data          0x0000000020000fb0      0x430 /usr/lib/gcc/arm-none-eabi/9.2.1/../../../arm-none-eabi/lib/thumb/v6-m/nofp/libc.a(lib_a-impure.o)
                0x0000000020000fb0                _impure_ptr
 .data          0x00000000200013e0      0x410 /usr/lib/gcc/arm-none-eabi/9.2.1/../../../arm-none-eabi/lib/thumb/v6-m/nofp/libc.a(lib_a-mallocr.o)
                0x00000000200013e0                __malloc_sbrk_base
                0x00000000200013e4                __malloc_trim_threshold
                0x00000000200013e8                __malloc_av_
                0x00000000200017f0                . = ALIGN (0x4)
 *(.after_data.*)
                0x00000000200017f0                . = ALIGN (0x4)
                0x00000000200017f0                PROVIDE (__mutex_array_start = .)
 *(SORT_BY_NAME(.mutex_array.*))
 *(.mutex_array)
 .mutex_array   0x00000000200017f0        0x8 CMakeFiles/main.dir/home/ghostrunner/virtual_pet/pico-sdk/src/rp2_common/pico_stdio/stdio.c.obj
                0x00000000200017f8                PROVIDE (__mutex_array_end = .)
                0x00000000200017f8                . = ALIGN (0x4)
                0x00000000200017f8                PROVIDE (__preinit_array_start = .)
 *(SORT_BY_NAME(.preinit_array.*))
 .preinit_array.00001
                0x00000000200017f8        0x4 CMakeFiles/main.dir/home/ghostrunner/virtual_pet/pico-sdk/src/rp2_common/pico_mem_ops/mem_ops_aeabi.S.obj
 .preinit_array.00010
                0x00000000200017fc        0x4 CMakeFiles/main.dir/home/ghostrunner/virtual_pet/pico-sdk/src/rp2_common/pico_bit_ops/bit_ops_aeabi.S.obj
 .preinit_array.00020
                0x0000000020001800        0x4 CMakeFiles/main.dir/home/ghostrunner/virtual_pet/pico-sdk/src/rp2_common/pico_double/double_aeabi.S.obj
 .preinit_array.00020
                0x0000000020001804        0x4 CMakeFiles/main.dir/home/ghostrunner/virtual_pet/pico-sdk/src/rp2_common/pico_float/float_aeabi.S.obj
 *(.preinit_array)
                0x0000000020001808                PROVIDE (__preinit_array_end = .)
                0x0000000020001808                . = ALIGN (0x4)
                0x0000000020001808                PROVIDE (__init_array_start = .)
 *(SORT_BY_NAME(.init_array.*))
 *(.init_array)
 .init_array    0x0000000020001808        0x4 /usr/lib/gcc/arm-none-eabi/9.2.1/thumb/v6-m/nofp/crtbegin.o
 .init_array    0x000000002000180c        0x4 CMakeFiles/main.dir/home/ghostrunner/virtual_pet/pico-sdk/src/rp2_common/pico_unique_id/unique_id.c.obj
                0x0000000020001810                PROVIDE (__init_array_end = .)
                0x0000000020001810                . = ALIGN (0x4)
                0x0000000020001810                PROVIDE (__fini_array_start = .)
 *(SORT_BY_NAME(.fini_array.*))
 *(.fini_array)
                0x0000000020001810                PROVIDE (__fini_array_end = .)
 *(.jcr)
                0x0000000020001810                . = ALIGN (0x4)
                0x0000000020001810                __data_end__ = .

.tm_clone_table
                0x0000000020001810        0x0 load address 0x000000001000b118
 .tm_clone_table
                0x0000000020001810        0x0 /usr/lib/gcc/arm-none-eabi/9.2.1/thumb/v6-m/nofp/crtbegin.o
 .tm_clone_table
                0x0000000020001810        0x0 /usr/lib/gcc/arm-none-eabi/9.2.1/thumb/v6-m/nofp/crtend.o

.igot.plt       0x0000000020001810        0x0 load address 0x000000001000b118
 .igot.plt      0x0000000020001810        0x0 /usr/lib/gcc/arm-none-eabi/9.2.1/thumb/v6-m/nofp/crtbegin.o

.uninitialized_data
                0x0000000020001810        0x0 load address 0x000000001000b118
                0x0000000020001810                . = ALIGN (0x4)
 *(.uninitialized_data*)

.scratch_x      0x0000000020040000        0x0 load address 0x000000001000b118
                0x0000000020040000                __scratch_x_start__ = .
 *(.scratch_x.*)
                0x0000000020040000                . = ALIGN (0x4)
                0x0000000020040000                __scratch_x_end__ = .
                0x000000001000b118                __scratch_x_source__ = LOADADDR (.scratch_x)

.scratch_y      0x0000000020041000        0x0 load address 0x000000001000b118
                0x0000000020041000                __scratch_y_start__ = .
 *(.scratch_y.*)
                0x0000000020041000                . = ALIGN (0x4)
                0x0000000020041000                __scratch_y_end__ = .
                0x000000001000b118                __scratch_y_source__ = LOADADDR (.scratch_y)

.bss            0x0000000020001810      0xdf8
                0x0000000020001810                . = ALIGN (0x4)
                0x0000000020001810                __bss_start__ = .
 *(SORT_BY_ALIGNMENT(SORT_BY_NAME(.bss*)))
 .bss.default_alarm_pool_entries
                0x0000000020001810      0x100 CMakeFiles/main.dir/home/ghostrunner/virtual_pet/pico-sdk/src/common/pico_time/time.c.obj
 .bss.last_avail_time.7630
                0x0000000020001910        0x8 CMakeFiles/main.dir/home/ghostrunner/virtual_pet/pico-sdk/src/rp2_common/pico_stdio_usb/stdio_usb.c.obj
 .bss           0x0000000020001918       0x1c /usr/lib/gcc/arm-none-eabi/9.2.1/thumb/v6-m/nofp/crtbegin.o
 .bss           0x0000000020001934       0x34 /usr/lib/gcc/arm-none-eabi/9.2.1/../../../arm-none-eabi/lib/thumb/v6-m/nofp/libc.a(lib_a-mallocr.o)
                0x0000000020001934                __malloc_top_pad
                0x0000000020001938                __malloc_current_mallinfo
                0x0000000020001960                __malloc_max_sbrked_mem
                0x0000000020001964                __malloc_max_total_mem
 .bss._app_driver
                0x0000000020001968        0x4 CMakeFiles/main.dir/home/ghostrunner/virtual_pet/pico-sdk/lib/tinyusb/src/device/usbd.c.obj
 .bss._cdcd_itf
                0x000000002000196c      0x2c8 CMakeFiles/main.dir/home/ghostrunner/virtual_pet/pico-sdk/lib/tinyusb/src/class/cdc/cdc_device.c.obj
 .bss._ctrl_xfer
                0x0000000020001c34       0x14 CMakeFiles/main.dir/home/ghostrunner/virtual_pet/pico-sdk/lib/tinyusb/src/device/usbd_control.c.obj
 .bss._ubsd_mutexdef
                0x0000000020001c48        0x8 CMakeFiles/main.dir/home/ghostrunner/virtual_pet/pico-sdk/lib/tinyusb/src/device/usbd.c.obj
 .bss._usbd_ctrl_buf
                0x0000000020001c50       0x40 CMakeFiles/main.dir/home/ghostrunner/virtual_pet/pico-sdk/lib/tinyusb/src/device/usbd_control.c.obj
 .bss._usbd_dev
                0x0000000020001c90       0x53 CMakeFiles/main.dir/home/ghostrunner/virtual_pet/pico-sdk/lib/tinyusb/src/device/usbd.c.obj
 *fill*         0x0000000020001ce3        0x1 
 .bss._usbd_mutex
                0x0000000020001ce4        0x4 CMakeFiles/main.dir/home/ghostrunner/virtual_pet/pico-sdk/lib/tinyusb/src/device/usbd.c.obj
 .bss._usbd_q   0x0000000020001ce8        0x4 CMakeFiles/main.dir/home/ghostrunner/virtual_pet/pico-sdk/lib/tinyusb/src/device/usbd.c.obj
 .bss.alarm_callbacks
                0x0000000020001cec       0x10 CMakeFiles/main.dir/home/ghostrunner/virtual_pet/pico-sdk/src/rp2_common/hardware_timer/timer.c.obj
 .bss.boot2_copyout
                0x0000000020001cfc      0x100 CMakeFiles/main.dir/home/ghostrunner/virtual_pet/pico-sdk/src/rp2_common/hardware_flash/flash.c.obj
 .bss.chars_available_callback
                0x0000000020001dfc        0x4 CMakeFiles/main.dir/home/ghostrunner/virtual_pet/pico-sdk/src/rp2_common/pico_stdio_uart/stdio_uart.c.obj
 .bss.chars_available_callback
                0x0000000020001e00        0x4 CMakeFiles/main.dir/home/ghostrunner/virtual_pet/pico-sdk/src/rp2_common/pico_stdio_usb/stdio_usb.c.obj
 .bss.chars_available_param
                0x0000000020001e04        0x4 CMakeFiles/main.dir/home/ghostrunner/virtual_pet/pico-sdk/src/rp2_common/pico_stdio_uart/stdio_uart.c.obj
 .bss.chars_available_param
                0x0000000020001e08        0x4 CMakeFiles/main.dir/home/ghostrunner/virtual_pet/pico-sdk/src/rp2_common/pico_stdio_usb/stdio_usb.c.obj
 .bss.claimed   0x0000000020001e0c        0x4 CMakeFiles/main.dir/home/ghostrunner/virtual_pet/pico-sdk/src/rp2_common/hardware_sync/sync.c.obj
 .bss.configured_freq
                0x0000000020001e10       0x28 CMakeFiles/main.dir/home/ghostrunner/virtual_pet/pico-sdk/src/rp2_common/hardware_clocks/clocks.c.obj
 .bss.default_alarm_pool_entry_ids_high
                0x0000000020001e38       0x10 CMakeFiles/main.dir/home/ghostrunner/virtual_pet/pico-sdk/src/common/pico_time/time.c.obj
 .bss.default_alarm_pool_heap_nodes
                0x0000000020001e48       0x30 CMakeFiles/main.dir/home/ghostrunner/virtual_pet/pico-sdk/src/common/pico_time/time.c.obj
 .bss.desc_str.7422
                0x0000000020001e78       0x28 CMakeFiles/main.dir/home/ghostrunner/virtual_pet/pico-sdk/src/rp2_common/pico_stdio_usb/stdio_usb_descriptors.c.obj
 .bss.drivers   0x0000000020001ea0        0x4 CMakeFiles/main.dir/home/ghostrunner/virtual_pet/pico-sdk/src/rp2_common/pico_stdio/stdio.c.obj
 .bss.e15_last_sof
                0x0000000020001ea4        0x4 CMakeFiles/main.dir/home/ghostrunner/virtual_pet/pico-sdk/lib/tinyusb/src/portable/raspberrypi/rp2040/rp2040_usb.c.obj
                0x0000000020001ea4                e15_last_sof
 .bss.filter    0x0000000020001ea8        0x4 CMakeFiles/main.dir/home/ghostrunner/virtual_pet/pico-sdk/src/rp2_common/pico_stdio/stdio.c.obj
 .bss.heap_end.6415
                0x0000000020001eac        0x4 CMakeFiles/main.dir/home/ghostrunner/virtual_pet/pico-sdk/src/rp2_common/pico_runtime/runtime.c.obj
 .bss.hw_endpoints
                0x0000000020001eb0      0x400 CMakeFiles/main.dir/home/ghostrunner/virtual_pet/pico-sdk/lib/tinyusb/src/portable/raspberrypi/rp2040/dcd_rp2040.c.obj
 .bss.lazy_vsnprintf
                0x00000000200022b0        0x4 CMakeFiles/main.dir/home/ghostrunner/virtual_pet/pico-sdk/src/rp2_common/pico_printf/printf.c.obj
 .bss.load_value
                0x00000000200022b4        0x4 CMakeFiles/main.dir/home/ghostrunner/virtual_pet/pico-sdk/src/rp2_common/hardware_watchdog/watchdog.c.obj
 .bss.next_buffer_ptr
                0x00000000200022b8        0x4 CMakeFiles/main.dir/home/ghostrunner/virtual_pet/pico-sdk/lib/tinyusb/src/portable/raspberrypi/rp2040/dcd_rp2040.c.obj
 .bss.one_shot_timer_crit_sec
                0x00000000200022bc        0x8 CMakeFiles/main.dir/home/ghostrunner/virtual_pet/pico-sdk/src/rp2_common/pico_stdio_usb/stdio_usb.c.obj
 .bss.pools     0x00000000200022c4       0x10 CMakeFiles/main.dir/home/ghostrunner/virtual_pet/pico-sdk/src/common/pico_time/time.c.obj
 .bss.retrieved_id
                0x00000000200022d4        0x8 CMakeFiles/main.dir/home/ghostrunner/virtual_pet/pico-sdk/src/rp2_common/pico_unique_id/unique_id.c.obj
 .bss.sf_clz_func
                0x00000000200022dc        0x4 CMakeFiles/main.dir/home/ghostrunner/virtual_pet/pico-sdk/src/rp2_common/pico_double/double_init_rom.c.obj
                0x00000000200022dc                sf_clz_func
 .bss.sleep_notifier
                0x00000000200022e0        0x4 CMakeFiles/main.dir/home/ghostrunner/virtual_pet/pico-sdk/src/common/pico_time/time.c.obj
 .bss.stdio_usb_mutex
                0x00000000200022e4        0x8 CMakeFiles/main.dir/home/ghostrunner/virtual_pet/pico-sdk/src/rp2_common/pico_stdio_usb/stdio_usb.c.obj
 .bss.target_hi
                0x00000000200022ec       0x10 CMakeFiles/main.dir/home/ghostrunner/virtual_pet/pico-sdk/src/rp2_common/hardware_timer/timer.c.obj
 .bss.uart_instance
                0x00000000200022fc        0x4 CMakeFiles/main.dir/home/ghostrunner/virtual_pet/pico-sdk/src/rp2_common/pico_stdio_uart/stdio_uart.c.obj
 .bss.usbd_serial_str
                0x0000000020002300       0x11 CMakeFiles/main.dir/home/ghostrunner/virtual_pet/pico-sdk/src/rp2_common/pico_stdio_usb/stdio_usb_descriptors.c.obj
 .bss._app_driver_count
                0x0000000020002311        0x1 CMakeFiles/main.dir/home/ghostrunner/virtual_pet/pico-sdk/lib/tinyusb/src/device/usbd.c.obj
 .bss._sof_enable
                0x0000000020002312        0x1 CMakeFiles/main.dir/home/ghostrunner/virtual_pet/pico-sdk/lib/tinyusb/src/portable/raspberrypi/rp2040/dcd_rp2040.c.obj
 .bss.boot2_copyout_valid
                0x0000000020002313        0x1 CMakeFiles/main.dir/home/ghostrunner/virtual_pet/pico-sdk/src/rp2_common/hardware_flash/flash.c.obj
 .bss.claimed   0x0000000020002314        0x1 CMakeFiles/main.dir/home/ghostrunner/virtual_pet/pico-sdk/src/rp2_common/hardware_timer/timer.c.obj
 .bss.irq_hander_chain_free_slot_head
                0x0000000020002315        0x1 CMakeFiles/main.dir/home/ghostrunner/virtual_pet/pico-sdk/src/rp2_common/hardware_irq/irq.c.obj
 .bss.itf_num   0x0000000020002316        0x1 CMakeFiles/main.dir/home/ghostrunner/virtual_pet/pico-sdk/src/rp2_common/pico_stdio_usb/reset_interface.c.obj
 .bss.low_priority_irq_num
                0x0000000020002317        0x1 CMakeFiles/main.dir/home/ghostrunner/virtual_pet/pico-sdk/src/rp2_common/pico_stdio_usb/stdio_usb.c.obj
 .bss.one_shot_timer_pending
                0x0000000020002318        0x1 CMakeFiles/main.dir/home/ghostrunner/virtual_pet/pico-sdk/src/rp2_common/pico_stdio_usb/stdio_usb.c.obj
 .bss.timer_callbacks_pending
                0x0000000020002319        0x1 CMakeFiles/main.dir/home/ghostrunner/virtual_pet/pico-sdk/src/rp2_common/hardware_timer/timer.c.obj
 .bss.user_irq_claimed
                0x000000002000231a        0x1 CMakeFiles/main.dir/home/ghostrunner/virtual_pet/pico-sdk/src/rp2_common/hardware_irq/irq.c.obj
 *(COMMON)
 *fill*         0x000000002000231b        0x1 
 COMMON         0x000000002000231c        0x4 CMakeFiles/main.dir/home/ghostrunner/virtual_pet/pico-sdk/src/rp2_common/hardware_uart/uart.c.obj
                0x000000002000231c                uart_char_to_line_feed
 COMMON         0x0000000020002320      0x100 CMakeFiles/main.dir/home/ghostrunner/virtual_pet/pico-sdk/src/rp2_common/pico_double/double_init_rom.c.obj
                0x0000000020002320                sd_table
 COMMON         0x0000000020002420      0x100 CMakeFiles/main.dir/home/ghostrunner/virtual_pet/pico-sdk/src/rp2_common/pico_float/float_init_rom.c.obj
                0x0000000020002420                sf_table
 COMMON         0x0000000020002520       0xc0 CMakeFiles/main.dir/home/ghostrunner/virtual_pet/pico-sdk/lib/tinyusb/src/device/usbd.c.obj
                0x0000000020002520                _usbd_qdef_buf
 COMMON         0x00000000200025e0        0x6 lib/LCD/libLCD.a(LCD_1in8.c.obj)
                0x00000000200025e0                LCD_1IN8
 *fill*         0x00000000200025e6        0x2 
 COMMON         0x00000000200025e8       0x18 lib/GUI/libGUI.a(GUI_Paint.c.obj)
                0x00000000200025e8                Paint
 COMMON         0x0000000020002600        0x4 lib/Config/libConfig.a(DEV_Config.c.obj)
                0x0000000020002600                slice_num
 COMMON         0x0000000020002604        0x4 /usr/lib/gcc/arm-none-eabi/9.2.1/../../../arm-none-eabi/lib/thumb/v6-m/nofp/libc.a(lib_a-reent.o)
                0x0000000020002604                errno
                0x0000000020002608                . = ALIGN (0x4)
                0x0000000020002608                __bss_end__ = .

.heap           0x0000000020002608      0x800
                0x0000000020002608                __end__ = .
                0x0000000020002608                end = __end__
 *(.heap*)
 .heap          0x0000000020002608      0x800 CMakeFiles/main.dir/home/ghostrunner/virtual_pet/pico-sdk/src/rp2_common/pico_standard_link/crt0.S.obj
                0x0000000020002e08                __HeapLimit = .

.stack1_dummy   0x0000000020040000        0x0
 *(.stack1*)

.stack_dummy    0x0000000020041000      0x800
 *(.stack*)
 .stack         0x0000000020041000      0x800 CMakeFiles/main.dir/home/ghostrunner/virtual_pet/pico-sdk/src/rp2_common/pico_standard_link/crt0.S.obj

.flash_end      0x000000001000b118        0x0
                0x000000001000b118                __flash_binary_end = .
                0x0000000020040000                __StackLimit = (ORIGIN (RAM) + LENGTH (RAM))
                0x0000000020041000                __StackOneTop = (ORIGIN (SCRATCH_X) + LENGTH (SCRATCH_X))
                0x0000000020042000                __StackTop = (ORIGIN (SCRATCH_Y) + LENGTH (SCRATCH_Y))
                0x0000000020041000                __StackOneBottom = (__StackOneTop - SIZEOF (.stack1_dummy))
                0x0000000020041800                __StackBottom = (__StackTop - SIZEOF (.stack_dummy))
                0x0000000020042000                PROVIDE (__stack = __StackTop)
                0x0000000000000001                ASSERT ((__StackLimit >= __HeapLimit), region RAM overflowed)
                0x0000000000000001                ASSERT (((__binary_info_header_end - __logical_binary_start) <= 0x100), Binary info must be in first 256 bytes of the binary)
LOAD CMakeFiles/main.dir/main.c.obj
LOAD CMakeFiles/main.dir/home/ghostrunner/virtual_pet/pico-sdk/src/rp2_common/pico_stdlib/stdlib.c.obj
LOAD CMakeFiles/main.dir/home/ghostrunner/virtual_pet/pico-sdk/src/rp2_common/hardware_gpio/gpio.c.obj
LOAD CMakeFiles/main.dir/home/ghostrunner/virtual_pet/pico-sdk/src/rp2_common/pico_platform/platform.c.obj
LOAD CMakeFiles/main.dir/home/ghostrunner/virtual_pet/pico-sdk/src/rp2_common/hardware_claim/claim.c.obj
LOAD CMakeFiles/main.dir/home/ghostrunner/virtual_pet/pico-sdk/src/rp2_common/hardware_sync/sync.c.obj
LOAD CMakeFiles/main.dir/home/ghostrunner/virtual_pet/pico-sdk/src/rp2_common/hardware_irq/irq.c.obj
LOAD CMakeFiles/main.dir/home/ghostrunner/virtual_pet/pico-sdk/src/rp2_common/hardware_irq/irq_handler_chain.S.obj