Archive member included to satisfy reference by file (symbol)

examples/libexamples.a(ImageData.c.obj)
                              CMakeFiles/PocketPet.dir/PocketPet.c.obj (gImage_1inch8_1)
lib/LCD/libLCD.a(LCD_1in8.c.obj)
                              CMakeFiles/PocketPet.dir/PocketPet.c.obj (LCD_1IN8_Init)
lib/GUI/libGUI.a(GUI_Paint.c.obj)
                              CMakeFiles/PocketPet.dir/PocketPet.c.obj (Paint_NewImage)
lib/Fonts/libFonts.a(font12.c.obj)
                              CMakeFiles/PocketPet.dir/PocketPet.c.obj (Font12)
lib/Fonts/libFonts.a(font24CN.c.obj)
                              CMakeFiles/PocketPet.dir/PocketPet.c.obj (Font24CN)
lib/Config/libConfig.a(DEV_Config.c.obj)
                              lib/LCD/libLCD.a(LCD_1in8.c.obj) (DEV_Digital_Write)
/usr/lib/gcc/arm-none-eabi/9.2.1/thumb/v6-m/nofp/libgcc.a(_dvmd_tls.o)
                              CMakeFiles/PocketPet.dir/home/ghostrunner/virtual_pet/pico-sdk/src/rp2_common/pico_divider/divider.S.obj (__aeabi_idiv0)
/usr/lib/gcc/arm-none-eabi/9.2.1/../../../arm-none-eabi/lib/thumb/v6-m/nofp/libc.a(lib_a-atexit.o)
                              /usr/lib/gcc/arm-none-eabi/9.2.1/../../../arm-none-eabi/lib/thumb/v6-m/nofp/crt0.o (atexit)
/usr/lib/gcc/arm-none-eabi/9.2.1/../../../arm-none-eabi/lib/thumb/v6-m/nofp/libc.a(lib_a-calloc.o)
                              CMakeFiles/PocketPet.dir/home/ghostrunner/virtual_pet/pico-sdk/src/rp2_common/pico_malloc/pico_malloc.c.obj (calloc)
/usr/lib/gcc/arm-none-eabi/9.2.1/../../../arm-none-eabi/lib/thumb/v6-m/nofp/libc.a(lib_a-callocr.o)
                              /usr/lib/gcc/arm-none-eabi/9.2.1/../../../arm-none-eabi/lib/thumb/v6-m/nofp/libc.a(lib_a-calloc.o) (_calloc_r)
/usr/lib/gcc/arm-none-eabi/9.2.1/../../../arm-none-eabi/lib/thumb/v6-m/nofp/libc.a(lib_a-fini.o)
                              /usr/lib/gcc/arm-none-eabi/9.2.1/../../../arm-none-eabi/lib/thumb/v6-m/nofp/crt0.o (__libc_fini_array)
/usr/lib/gcc/arm-none-eabi/9.2.1/../../../arm-none-eabi/lib/thumb/v6-m/nofp/libc.a(lib_a-impure.o)
                              /usr/lib/gcc/arm-none-eabi/9.2.1/../../../arm-none-eabi/lib/thumb/v6-m/nofp/libc.a(lib_a-calloc.o) (_impure_ptr)
/usr/lib/gcc/arm-none-eabi/9.2.1/../../../arm-none-eabi/lib/thumb/v6-m/nofp/libc.a(lib_a-init.o)
                              /usr/lib/gcc/arm-none-eabi/9.2.1/../../../arm-none-eabi/lib/thumb/v6-m/nofp/crt0.o (__libc_init_array)
/usr/lib/gcc/arm-none-eabi/9.2.1/../../../arm-none-eabi/lib/thumb/v6-m/nofp/libc.a(lib_a-malloc.o)
                              CMakeFiles/PocketPet.dir/home/ghostrunner/virtual_pet/pico-sdk/src/rp2_common/pico_malloc/pico_malloc.c.obj (malloc)
/usr/lib/gcc/arm-none-eabi/9.2.1/../../../arm-none-eabi/lib/thumb/v6-m/nofp/libc.a(lib_a-mallocr.o)
                              /usr/lib/gcc/arm-none-eabi/9.2.1/../../../arm-none-eabi/lib/thumb/v6-m/nofp/libc.a(lib_a-callocr.o) (_malloc_r)
/usr/lib/gcc/arm-none-eabi/9.2.1/../../../arm-none-eabi/lib/thumb/v6-m/nofp/libc.a(lib_a-mlock.o)
                              /usr/lib/gcc/arm-none-eabi/9.2.1/../../../arm-none-eabi/lib/thumb/v6-m/nofp/libc.a(lib_a-mallocr.o) (__malloc_lock)
/usr/lib/gcc/arm-none-eabi/9.2.1/../../../arm-none-eabi/lib/thumb/v6-m/nofp/libc.a(lib_a-realloc.o)
                              CMakeFiles/PocketPet.dir/home/ghostrunner/virtual_pet/pico-sdk/src/rp2_common/pico_malloc/pico_malloc.c.obj (realloc)
/usr/lib/gcc/arm-none-eabi/9.2.1/../../../arm-none-eabi/lib/thumb/v6-m/nofp/libc.a(lib_a-reallocr.o)
                              /usr/lib/gcc/arm-none-eabi/9.2.1/../../../arm-none-eabi/lib/thumb/v6-m/nofp/libc.a(lib_a-realloc.o) (_realloc_r)
/usr/lib/gcc/arm-none-eabi/9.2.1/../../../arm-none-eabi/lib/thumb/v6-m/nofp/libc.a(lib_a-sbrkr.o)
                              /usr/lib/gcc/arm-none-eabi/9.2.1/../../../arm-none-eabi/lib/thumb/v6-m/nofp/libc.a(lib_a-mallocr.o) (_sbrk_r)
/usr/lib/gcc/arm-none-eabi/9.2.1/../../../arm-none-eabi/lib/thumb/v6-m/nofp/libc.a(lib_a-strlen-stub.o)
                              CMakeFiles/PocketPet.dir/home/ghostrunner/virtual_pet/pico-sdk/src/rp2_common/pico_stdio/stdio.c.obj (strlen)
/usr/lib/gcc/arm-none-eabi/9.2.1/../../../arm-none-eabi/lib/thumb/v6-m/nofp/libc.a(lib_a-__atexit.o)
                              /usr/lib/gcc/arm-none-eabi/9.2.1/../../../arm-none-eabi/lib/thumb/v6-m/nofp/libc.a(lib_a-atexit.o) (__register_exitproc)
/usr/lib/gcc/arm-none-eabi/9.2.1/../../../arm-none-eabi/lib/thumb/v6-m/nofp/libc.a(lib_a-freer.o)
                              /usr/lib/gcc/arm-none-eabi/9.2.1/../../../arm-none-eabi/lib/thumb/v6-m/nofp/libc.a(lib_a-malloc.o) (_free_r)
/usr/lib/gcc/arm-none-eabi/9.2.1/../../../arm-none-eabi/lib/thumb/v6-m/nofp/libc.a(lib_a-memmove.o)
                              /usr/lib/gcc/arm-none-eabi/9.2.1/../../../arm-none-eabi/lib/thumb/v6-m/nofp/libc.a(lib_a-reallocr.o) (memmove)
/usr/lib/gcc/arm-none-eabi/9.2.1/../../../arm-none-eabi/lib/thumb/v6-m/nofp/libc.a(lib_a-reent.o)
[...]
Memory Configuration

Name             Origin             Length             Attributes
FLASH            0x0000000010000000 0x0000000000200000 xr
RAM              0x0000000020000000 0x0000000000040000 xrw
SCRATCH_X        0x0000000020040000 0x0000000000001000 xrw
SCRATCH_Y        0x0000000020041000 0x0000000000001000 xrw
*default*        0x0000000000000000 0xffffffffffffffff

Linker script and memory map

LOAD /usr/lib/gcc/arm-none-eabi/9.2.1/thumb/v6-m/nofp/crti.o
LOAD /usr/lib/gcc/arm-none-eabi/9.2.1/thumb/v6-m/nofp/crtbegin.o
LOAD /usr/lib/gcc/arm-none-eabi/9.2.1/../../../arm-none-eabi/lib/thumb/v6-m/nofp/crt0.o

.flash_begin    0x0000000010000000        0x0
                0x0000000010000000                __flash_binary_start = .

.boot2          0x0000000010000000      0x100
                0x0000000010000000                __boot2_start__ = .
 *(.boot2)
 .boot2         0x0000000010000000      0x100 /tmp/ccRQbHyc.o
                0x0000000010000100                __boot2_end__ = .
                0x0000000000000001                ASSERT (((__boot2_end__ - __boot2_start__) == 0x100), ERROR: Pico second stage bootloader must be 256 bytes in size)

.text           0x0000000010000100     0xa500
                0x0000000010000100                __logical_binary_start = .
 *(.vectors)
 .vectors       0x0000000010000100       0xd4 CMakeFiles/PocketPet.dir/home/ghostrunner/virtual_pet/pico-sdk/src/rp2_common/pico_standard_link/crt0.S.obj
                0x0000000010000100                __vectors
                0x0000000010000100                __VECTOR_TABLE
                0x00000000100001c0                isr_invalid
                0x00000000100001c0                __default_isrs_start
                0x00000000100001c2                isr_nmi
                0x00000000100001c4                isr_hardfault
                0x00000000100001c6                isr_svcall
                0x00000000100001c8                isr_pendsv
                0x00000000100001ca                isr_systick
                0x00000000100001cc                isr_irq30
                0x00000000100001cc                __unhandled_user_irq
                0x00000000100001cc                isr_irq13
                0x00000000100001cc                isr_irq27
                0x00000000100001cc                isr_irq31
                0x00000000100001cc                isr_irq5
                0x00000000100001cc                isr_irq11
                0x00000000100001cc                isr_irq23
                0x00000000100001cc                isr_irq18
                0x00000000100001cc                isr_irq28
                0x00000000100001cc                isr_irq19
                0x00000000100001cc                isr_irq0
                0x00000000100001cc                isr_irq6
                0x00000000100001cc                isr_irq22
                0x00000000100001cc                isr_irq17
                0x00000000100001cc                isr_irq14
                0x00000000100001cc                isr_irq2
                0x00000000100001cc                isr_irq10
                0x00000000100001cc                isr_irq8
                0x00000000100001cc                isr_irq24
                0x00000000100001cc                isr_irq1
                0x00000000100001cc                isr_irq7
                0x00000000100001cc                isr_irq21
                0x00000000100001cc                isr_irq20
                0x00000000100001cc                isr_irq15
                0x00000000100001cc                isr_irq25
                0x00000000100001cc                isr_irq4
                0x00000000100001cc                isr_irq16
                0x00000000100001cc                isr_irq29
                0x00000000100001cc                isr_irq26
                0x00000000100001cc                __default_isrs_end
                0x00000000100001cc                isr_irq3
                0x00000000100001cc                isr_irq12
                0x00000000100001cc                isr_irq9
                0x00000000100001d2                unhandled_user_irq_num_in_r0
 *(.binary_info_header)
 .binary_info_header
                0x00000000100001d4       0x14 CMakeFiles/PocketPet.dir/home/ghostrunner/virtual_pet/pico-sdk/src/rp2_common/pico_standard_link/crt0.S.obj
                0x00000000100001e8                __binary_info_header_end = .
 *(.reset)
 .reset         0x00000000100001e8       0xa0 CMakeFiles/PocketPet.dir/home/ghostrunner/virtual_pet/pico-sdk/src/rp2_common/pico_standard_link/crt0.S.obj
                0x00000000100001e8                _entry_point
 .reset         0x0000000010000288       0x30 CMakeFiles/PocketPet.dir/home/ghostrunner/virtual_pet/pico-sdk/src/rp2_common/pico_standard_link/binary_info.c.obj
 *(.init)
 .init          0x00000000100002b8        0x4 /usr/lib/gcc/arm-none-eabi/9.2.1/thumb/v6-m/nofp/crti.o
                0x00000000100002b8                _init
 *(EXCLUDE_FILE(*libm.a: *libc.a:*lib_a-mem*.o *libgcc.a:) .text*)
 .text          0x00000000100002bc       0x98 /usr/lib/gcc/arm-none-eabi/9.2.1/thumb/v6-m/nofp/crtbegin.o
 .text.startup.main
                0x0000000010000354      0x23c CMakeFiles/PocketPet.dir/PocketPet.c.obj
                0x0000000010000354                main
 .text.gpio_set_function
                0x0000000010000590       0x30 CMakeFiles/PocketPet.dir/home/ghostrunner/virtual_pet/pico-sdk/src/rp2_common/hardware_gpio/gpio.c.obj
                0x0000000010000590                gpio_set_function
 .text.gpio_set_pulls
                0x00000000100005c0       0x30 CMakeFiles/PocketPet.dir/home/ghostrunner/virtual_pet/pico-sdk/src/rp2_common/hardware_gpio/gpio.c.obj
                0x00000000100005c0                gpio_set_pulls
 .text.gpio_init
                0x00000000100005f0       0x3c CMakeFiles/PocketPet.dir/home/ghostrunner/virtual_pet/pico-sdk/src/rp2_common/hardware_gpio/gpio.c.obj
                0x00000000100005f0                gpio_init
 .text.running_on_fpga
                0x000000001000062c       0x10 CMakeFiles/PocketPet.dir/home/ghostrunner/virtual_pet/pico-sdk/src/rp2_common/pico_platform/platform.c.obj
                0x000000001000062c                running_on_fpga
 .text.hw_claim_or_assert
                0x000000001000063c       0x48 CMakeFiles/PocketPet.dir/home/ghostrunner/virtual_pet/pico-sdk/src/rp2_common/hardware_claim/claim.c.obj
                0x000000001000063c                hw_claim_or_assert
 .text.hw_claim_unused_from_range
                0x0000000010000684       0x9c CMakeFiles/PocketPet.dir/home/ghostrunner/virtual_pet/pico-sdk/src/rp2_common/hardware_claim/claim.c.obj
                0x0000000010000684                hw_claim_unused_from_range
 .text.spin_locks_reset
                0x0000000010000720       0x1c CMakeFiles/PocketPet.dir/home/ghostrunner/virtual_pet/pico-sdk/src/rp2_common/hardware_sync/sync.c.obj
                0x0000000010000720                spin_locks_reset
 .text.next_striped_spin_lock_num
                0x000000001000073c       0x18 CMakeFiles/PocketPet.dir/home/ghostrunner/virtual_pet/pico-sdk/src/rp2_common/hardware_sync/sync.c.obj
                0x000000001000073c                next_striped_spin_lock_num
 .text.spin_lock_claim_unused
                0x0000000010000754       0x20 CMakeFiles/PocketPet.dir/home/ghostrunner/virtual_pet/pico-sdk/src/rp2_common/hardware_sync/sync.c.obj
                0x0000000010000754                spin_lock_claim_unused
 .text.irq_set_enabled
                0x0000000010000774       0x24 CMakeFiles/PocketPet.dir/home/ghostrunner/virtual_pet/pico-sdk/src/rp2_common/hardware_irq/irq.c.obj
                0x0000000010000774                irq_set_enabled
 .text.irq_set_pending
                0x0000000010000798       0x10 CMakeFiles/PocketPet.dir/home/ghostrunner/virtual_pet/pico-sdk/src/rp2_common/hardware_irq/irq.c.obj
                0x0000000010000798                irq_set_pending
 .text.irq_has_shared_handler
                0x00000000100007a8       0x2c CMakeFiles/PocketPet.dir/home/ghostrunner/virtual_pet/pico-sdk/src/rp2_common/hardware_irq/irq.c.obj
                0x00000000100007a8                irq_has_shared_handler
 .text.irq_get_vtable_handler
                0x00000000100007d4       0x10 CMakeFiles/PocketPet.dir/home/ghostrunner/virtual_pet/pico-sdk/src/rp2_common/hardware_irq/irq.c.obj
                0x00000000100007d4                irq_get_vtable_handler
 .text.irq_set_exclusive_handler
                0x00000000100007e4       0x54 CMakeFiles/PocketPet.dir/home/ghostrunner/virtual_pet/pico-sdk/src/rp2_common/hardware_irq/irq.c.obj
                0x00000000100007e4                irq_set_exclusive_handler
 .text.irq_add_shared_handler
                0x0000000010000838      0x1c0 CMakeFiles/PocketPet.dir/home/ghostrunner/virtual_pet/pico-sdk/src/rp2_common/hardware_irq/irq.c.obj
                0x0000000010000838                irq_add_shared_handler
 .text.irq_remove_handler
                0x00000000100009f8      0x1b4 CMakeFiles/PocketPet.dir/home/ghostrunner/virtual_pet/pico-sdk/src/rp2_common/hardware_irq/irq.c.obj
                0x00000000100009f8                irq_remove_handler
 .text.irq_add_tail_to_free_list
                0x0000000010000bac       0xb4 CMakeFiles/PocketPet.dir/home/ghostrunner/virtual_pet/pico-sdk/src/rp2_common/hardware_irq/irq.c.obj
                0x0000000010000bac                irq_add_tail_to_free_list
 .text.irq_init_priorities
                0x0000000010000c60       0x24 CMakeFiles/PocketPet.dir/home/ghostrunner/virtual_pet/pico-sdk/src/rp2_common/hardware_irq/irq.c.obj
                0x0000000010000c60                irq_init_priorities
 .text.user_irq_claim_unused
                0x0000000010000c84       0x28 CMakeFiles/PocketPet.dir/home/ghostrunner/virtual_pet/pico-sdk/src/rp2_common/hardware_irq/irq.c.obj
                0x0000000010000c84                user_irq_claim_unused
 .text.lock_init
                0x0000000010000cac       0x10 CMakeFiles/PocketPet.dir/home/ghostrunner/virtual_pet/pico-sdk/src/common/pico_sync/lock_core.c.obj
                0x0000000010000cac                lock_init
 .text.mutex_init
                0x0000000010000cbc       0x1c CMakeFiles/PocketPet.dir/home/ghostrunner/virtual_pet/pico-sdk/src/common/pico_sync/mutex.c.obj
                0x0000000010000cbc                mutex_init
 .text.recursive_mutex_init
                0x0000000010000cd8       0x1c CMakeFiles/PocketPet.dir/home/ghostrunner/virtual_pet/pico-sdk/src/common/pico_sync/mutex.c.obj
                0x0000000010000cd8                recursive_mutex_init
 .text.critical_section_init
                0x0000000010000cf4       0x1c CMakeFiles/PocketPet.dir/home/ghostrunner/virtual_pet/pico-sdk/src/common/pico_sync/critical_section.c.obj
                0x0000000010000cf4                critical_section_init
 .text.critical_section_init_with_lock_num
                0x0000000010000d10       0x14 CMakeFiles/PocketPet.dir/home/ghostrunner/virtual_pet/pico-sdk/src/common/pico_sync/critical_section.c.obj
                0x0000000010000d10                critical_section_init_with_lock_num
 .text.timer_pool_entry_comparator
                0x0000000010000d24       0x34 CMakeFiles/PocketPet.dir/home/ghostrunner/virtual_pet/pico-sdk/src/common/pico_time/time.c.obj
                0x0000000010000d24                timer_pool_entry_comparator
 .text.sleep_until_callback
                0x0000000010000d58       0x30 CMakeFiles/PocketPet.dir/home/ghostrunner/virtual_pet/pico-sdk/src/common/pico_time/time.c.obj
 .text.add_alarm_under_lock
                0x0000000010000d88      0x108 CMakeFiles/PocketPet.dir/home/ghostrunner/virtual_pet/pico-sdk/src/common/pico_time/time.c.obj
 .text.alarm_pool_alarm_callback
                0x0000000010000e90      0x1b8 CMakeFiles/PocketPet.dir/home/ghostrunner/virtual_pet/pico-sdk/src/common/pico_time/time.c.obj
 .text.alarm_pool_init_default
                0x0000000010001048       0x6c CMakeFiles/PocketPet.dir/home/ghostrunner/virtual_pet/pico-sdk/src/common/pico_time/time.c.obj
                0x0000000010001048                alarm_pool_init_default
 .text.alarm_pool_get_default
                0x00000000100010b4        0x8 CMakeFiles/PocketPet.dir/home/ghostrunner/virtual_pet/pico-sdk/src/common/pico_time/time.c.obj
                0x00000000100010b4                alarm_pool_get_default
 .text.alarm_pool_add_alarm_at
                0x00000000100010bc      0x190 CMakeFiles/PocketPet.dir/home/ghostrunner/virtual_pet/pico-sdk/src/common/pico_time/time.c.obj
                0x00000000100010bc                alarm_pool_add_alarm_at
 .text.alarm_pool_cancel_alarm
                0x000000001000124c       0x70 CMakeFiles/PocketPet.dir/home/ghostrunner/virtual_pet/pico-sdk/src/common/pico_time/time.c.obj
                0x000000001000124c                alarm_pool_cancel_alarm
 .text.alarm_pool_core_num
                0x00000000100012bc        0x4 CMakeFiles/PocketPet.dir/home/ghostrunner/virtual_pet/pico-sdk/src/common/pico_time/time.c.obj
                0x00000000100012bc                alarm_pool_core_num
 .text.sleep_until
                0x00000000100012c0       0xc4 CMakeFiles/PocketPet.dir/home/ghostrunner/virtual_pet/pico-sdk/src/common/pico_time/time.c.obj
                0x00000000100012c0                sleep_until
 .text.sleep_ms
                0x0000000010001384       0x34 CMakeFiles/PocketPet.dir/home/ghostrunner/virtual_pet/pico-sdk/src/common/pico_time/time.c.obj
                0x0000000010001384                sleep_ms
 .text.best_effort_wfe_or_timeout
                0x00000000100013b8       0x60 CMakeFiles/PocketPet.dir/home/ghostrunner/virtual_pet/pico-sdk/src/common/pico_time/time.c.obj
                0x00000000100013b8                best_effort_wfe_or_timeout
 .text.hardware_alarm_irq_handler
                0x0000000010001418       0xbc CMakeFiles/PocketPet.dir/home/ghostrunner/virtual_pet/pico-sdk/src/rp2_common/hardware_timer/timer.c.obj
 .text.hardware_alarm_claim
                0x00000000100014d4       0x18 CMakeFiles/PocketPet.dir/home/ghostrunner/virtual_pet/pico-sdk/src/rp2_common/hardware_timer/timer.c.obj
                0x00000000100014d4                hardware_alarm_claim
 .text.time_us_64
                0x00000000100014ec       0x14 CMakeFiles/PocketPet.dir/home/ghostrunner/virtual_pet/pico-sdk/src/rp2_common/hardware_timer/timer.c.obj
                0x00000000100014ec                time_us_64
 .text.busy_wait_until
                0x0000000010001500       0x20 CMakeFiles/PocketPet.dir/home/ghostrunner/virtual_pet/pico-sdk/src/rp2_common/hardware_timer/timer.c.obj
                0x0000000010001500                busy_wait_until
 .text.hardware_alarm_set_callback
                0x0000000010001520       0x8c CMakeFiles/PocketPet.dir/home/ghostrunner/virtual_pet/pico-sdk/src/rp2_common/hardware_timer/timer.c.obj
                0x0000000010001520                hardware_alarm_set_callback
 .text.hardware_alarm_set_target
                0x00000000100015ac       0xe4 CMakeFiles/PocketPet.dir/home/ghostrunner/virtual_pet/pico-sdk/src/rp2_common/hardware_timer/timer.c.obj
                0x00000000100015ac                hardware_alarm_set_target
 .text.hardware_alarm_cancel
                0x0000000010001690       0x40 CMakeFiles/PocketPet.dir/home/ghostrunner/virtual_pet/pico-sdk/src/rp2_common/hardware_timer/timer.c.obj
                0x0000000010001690                hardware_alarm_cancel
 .text.ph_merge_nodes
                0x00000000100016d0       0x68 CMakeFiles/PocketPet.dir/home/ghostrunner/virtual_pet/pico-sdk/src/common/pico_util/pheap.c.obj
 .text.ph_post_alloc_init
                0x0000000010001738       0x3c CMakeFiles/PocketPet.dir/home/ghostrunner/virtual_pet/pico-sdk/src/common/pico_util/pheap.c.obj
                0x0000000010001738                ph_post_alloc_init
 .text.ph_merge_two_pass
                0x0000000010001774       0x90 CMakeFiles/PocketPet.dir/home/ghostrunner/virtual_pet/pico-sdk/src/common/pico_util/pheap.c.obj
                0x0000000010001774                ph_merge_two_pass
 .text.ph_remove_any_head
                0x0000000010001804      0x100 CMakeFiles/PocketPet.dir/home/ghostrunner/virtual_pet/pico-sdk/src/common/pico_util/pheap.c.obj
 .text.ph_remove_head
                0x0000000010001904      0x144 CMakeFiles/PocketPet.dir/home/ghostrunner/virtual_pet/pico-sdk/src/common/pico_util/pheap.c.obj
                0x0000000010001904                ph_remove_head
 .text.ph_remove_and_free_node
                0x0000000010001a48       0x7c CMakeFiles/PocketPet.dir/home/ghostrunner/virtual_pet/pico-sdk/src/common/pico_util/pheap.c.obj
                0x0000000010001a48                ph_remove_and_free_node
 .text.uart_init
                0x0000000010001ac4       0xe4 CMakeFiles/PocketPet.dir/home/ghostrunner/virtual_pet/pico-sdk/src/rp2_common/hardware_uart/uart.c.obj
                0x0000000010001ac4                uart_init
 .text.clocks_init
                0x0000000010001ba8      0x2bc CMakeFiles/PocketPet.dir/home/ghostrunner/virtual_pet/pico-sdk/src/rp2_common/hardware_clocks/clocks.c.obj
                0x0000000010001ba8                clocks_init
 .text.clock_get_hz
                0x0000000010001e64        0xc CMakeFiles/PocketPet.dir/home/ghostrunner/virtual_pet/pico-sdk/src/rp2_common/hardware_clocks/clocks.c.obj
                0x0000000010001e64                clock_get_hz
 .text.pll_init
                0x0000000010001e70       0xa8 CMakeFiles/PocketPet.dir/home/ghostrunner/virtual_pet/pico-sdk/src/rp2_common/hardware_pll/pll.c.obj
                0x0000000010001e70                pll_init
 .text.watchdog_start_tick
                0x0000000010001f18       0x10 CMakeFiles/PocketPet.dir/home/ghostrunner/virtual_pet/pico-sdk/src/rp2_common/hardware_watchdog/watchdog.c.obj
                0x0000000010001f18                watchdog_start_tick
 .text.watchdog_reboot
                0x0000000010001f28       0x98 CMakeFiles/PocketPet.dir/home/ghostrunner/virtual_pet/pico-sdk/src/rp2_common/hardware_watchdog/watchdog.c.obj
                0x0000000010001f28                watchdog_reboot
 .text.xosc_init
                0x0000000010001fc0       0x28 CMakeFiles/PocketPet.dir/home/ghostrunner/virtual_pet/pico-sdk/src/rp2_common/hardware_xosc/xosc.c.obj
                0x0000000010001fc0                xosc_init
 .text.runtime_init
                0x0000000010001fe8       0xf0 CMakeFiles/PocketPet.dir/home/ghostrunner/virtual_pet/pico-sdk/src/rp2_common/pico_runtime/runtime.c.obj
                0x0000000010001fe8                runtime_init
 .text._exit    0x00000000100020d8        0x4 CMakeFiles/PocketPet.dir/home/ghostrunner/virtual_pet/pico-sdk/src/rp2_common/pico_runtime/runtime.c.obj
                0x00000000100020d8                _exit
 .text._sbrk    0x00000000100020dc       0x34 CMakeFiles/PocketPet.dir/home/ghostrunner/virtual_pet/pico-sdk/src/rp2_common/pico_runtime/runtime.c.obj
                0x00000000100020dc                _sbrk
 .text.exit     0x0000000010002110        0x8 CMakeFiles/PocketPet.dir/home/ghostrunner/virtual_pet/pico-sdk/src/rp2_common/pico_runtime/runtime.c.obj
                0x0000000010002110                exit
 .text.panic    0x0000000010002118       0x30 CMakeFiles/PocketPet.dir/home/ghostrunner/virtual_pet/pico-sdk/src/rp2_common/pico_runtime/runtime.c.obj
                0x0000000010002118                panic
 .text.hard_assertion_failure
                0x0000000010002148        0xc CMakeFiles/PocketPet.dir/home/ghostrunner/virtual_pet/pico-sdk/src/rp2_common/pico_runtime/runtime.c.obj
                0x0000000010002148                hard_assertion_failure
 .text._out_null
                0x0000000010002154        0x4 CMakeFiles/PocketPet.dir/home/ghostrunner/virtual_pet/pico-sdk/src/rp2_common/pico_printf/printf.c.obj
 .text._out_rev
                0x0000000010002158       0xd0 CMakeFiles/PocketPet.dir/home/ghostrunner/virtual_pet/pico-sdk/src/rp2_common/pico_printf/printf.c.obj
 .text._ntoa_format
                0x0000000010002228      0x1d0 CMakeFiles/PocketPet.dir/home/ghostrunner/virtual_pet/pico-sdk/src/rp2_common/pico_printf/printf.c.obj
 .text._out_char
                0x00000000100023f8       0x10 CMakeFiles/PocketPet.dir/home/ghostrunner/virtual_pet/pico-sdk/src/rp2_common/pico_printf/printf.c.obj
 .text._out_fct
                0x0000000010002408       0x10 CMakeFiles/PocketPet.dir/home/ghostrunner/virtual_pet/pico-sdk/src/rp2_common/pico_printf/printf.c.obj
 .text._etoa    0x0000000010002418      0x478 CMakeFiles/PocketPet.dir/home/ghostrunner/virtual_pet/pico-sdk/src/rp2_common/pico_printf/printf.c.obj
 .text._ftoa    0x0000000010002890      0x3e0 CMakeFiles/PocketPet.dir/home/ghostrunner/virtual_pet/pico-sdk/src/rp2_common/pico_printf/printf.c.obj
 .text._vsnprintf
                0x0000000010002c70      0xb08 CMakeFiles/PocketPet.dir/home/ghostrunner/virtual_pet/pico-sdk/src/rp2_common/pico_printf/printf.c.obj
 .text.vfctprintf
                0x0000000010003778       0x20 CMakeFiles/PocketPet.dir/home/ghostrunner/virtual_pet/pico-sdk/src/rp2_common/pico_printf/printf.c.obj
                0x0000000010003778                vfctprintf
 .text.weak_raw_vprintf
                0x0000000010003798       0x30 CMakeFiles/PocketPet.dir/home/ghostrunner/virtual_pet/pico-sdk/src/rp2_common/pico_printf/printf.c.obj
                0x0000000010003798                weak_raw_vprintf
 .text          0x00000000100037c8       0x10 CMakeFiles/PocketPet.dir/home/ghostrunner/virtual_pet/pico-sdk/src/rp2_common/pico_bit_ops/bit_ops_aeabi.S.obj
 .text.rom_func_lookup
                0x00000000100037d8       0x10 CMakeFiles/PocketPet.dir/home/ghostrunner/virtual_pet/pico-sdk/src/rp2_common/pico_bootrom/bootrom.c.obj
                0x00000000100037d8                rom_func_lookup
 .text.rom_data_lookup
                0x00000000100037e8       0x10 CMakeFiles/PocketPet.dir/home/ghostrunner/virtual_pet/pico-sdk/src/rp2_common/pico_bootrom/bootrom.c.obj
                0x00000000100037e8                rom_data_lookup
 .text.rom_funcs_lookup
                0x00000000100037f8       0x3c CMakeFiles/PocketPet.dir/home/ghostrunner/virtual_pet/pico-sdk/src/rp2_common/pico_bootrom/bootrom.c.obj
                0x00000000100037f8                rom_funcs_lookup
 .text.__wrap___aeabi_idiv
                0x0000000010003834       0x50 CMakeFiles/PocketPet.dir/home/ghostrunner/virtual_pet/pico-sdk/src/rp2_common/pico_divider/divider.S.obj
                0x0000000010003834                __wrap___aeabi_idivmod
                0x0000000010003834                divmod_s32s32
                0x0000000010003834                div_s32s32
                0x0000000010003834                __wrap___aeabi_idiv
                0x000000001000383c                divmod_s32s32_unsafe
                0x0000000010003868                divmod_s32s32_savestate
 .text.__wrap___aeabi_uidiv
                0x0000000010003884       0x4c CMakeFiles/PocketPet.dir/home/ghostrunner/virtual_pet/pico-sdk/src/rp2_common/pico_divider/divider.S.obj
                0x0000000010003884                __wrap___aeabi_uidiv
                0x0000000010003884                __wrap___aeabi_uidivmod
                0x0000000010003884                div_u32u32
                0x0000000010003884                divmod_u32u32
                0x000000001000388c                divmod_u32u32_unsafe
                0x00000000100038b4                divmod_u32u32_savestate
 .text.__wrap___aeabi_ldiv
                0x00000000100038d0      0x424 CMakeFiles/PocketPet.dir/home/ghostrunner/virtual_pet/pico-sdk/src/rp2_common/pico_divider/divider.S.obj
                0x00000000100038d0                div_s64s64
                0x00000000100038d0                divmod_s64s64
                0x00000000100038d0                __wrap___aeabi_ldivmod
                0x0000000010003900                div_u64u64
                0x0000000010003900                divmod_u64u64
                0x0000000010003900                __wrap___aeabi_uldivmod
                0x0000000010003910                divmod_u64u64_savestate
                0x0000000010003930                divmod_s64s64_unsafe
                0x00000000100039b8                divmod_u64u64_unsafe
 .text.__wrap___aeabi_darithmetic
                0x0000000010003cf4       0x80 CMakeFiles/PocketPet.dir/home/ghostrunner/virtual_pet/pico-sdk/src/rp2_common/pico_double/double_aeabi.S.obj
                0x0000000010003cf4                __wrap___aeabi_drsub
                0x0000000010003cfa                __wrap___aeabi_dsub
                0x0000000010003d0c                __wrap___aeabi_dadd
                0x0000000010003d1e                __wrap___aeabi_ddiv
                0x0000000010003d5a                __wrap___aeabi_dmul
 .text.__wrap___aeabi_cdcmple
                0x0000000010003d74       0x6c CMakeFiles/PocketPet.dir/home/ghostrunner/virtual_pet/pico-sdk/src/rp2_common/pico_double/double_aeabi.S.obj
                0x0000000010003d74                __wrap___aeabi_cdrcmple
                0x0000000010003d84                __wrap___aeabi_cdcmple
                0x0000000010003d84                __wrap___aeabi_cdcmpeq
 .text.__wrap___aeabi_dcmplt
                0x0000000010003de0        0xc CMakeFiles/PocketPet.dir/home/ghostrunner/virtual_pet/pico-sdk/src/rp2_common/pico_double/double_aeabi.S.obj
                0x0000000010003de0                __wrap___aeabi_dcmplt
 .text.__wrap___aeabi_dcmple
                0x0000000010003dec       0x10 CMakeFiles/PocketPet.dir/home/ghostrunner/virtual_pet/pico-sdk/src/rp2_common/pico_double/double_aeabi.S.obj
                0x0000000010003dec                __wrap___aeabi_dcmple
 .text.__wrap___aeabi_dcmpge
                0x0000000010003dfc       0x10 CMakeFiles/PocketPet.dir/home/ghostrunner/virtual_pet/pico-sdk/src/rp2_common/pico_double/double_aeabi.S.obj
                0x0000000010003dfc                __wrap___aeabi_dcmpge
 .text.__wrap___aeabi_dcmpgt
                0x0000000010003e0c        0xa CMakeFiles/PocketPet.dir/home/ghostrunner/virtual_pet/pico-sdk/src/rp2_common/pico_double/double_aeabi.S.obj
                0x0000000010003e0c                __wrap___aeabi_dcmpgt
 .text.__wrap___aeabi_dcmpun
                0x0000000010003e16       0x1c CMakeFiles/PocketPet.dir/home/ghostrunner/virtual_pet/pico-sdk/src/rp2_common/pico_double/double_aeabi.S.obj
                0x0000000010003e16                __wrap___aeabi_dcmpun
 *fill*         0x0000000010003e32        0x2 
 .text.__wrap___aeabi_i2d
                0x0000000010003e34       0x38 CMakeFiles/PocketPet.dir/home/ghostrunner/virtual_pet/pico-sdk/src/rp2_common/pico_double/double_aeabi.S.obj
                0x0000000010003e34                __wrap___aeabi_ui2d
                0x0000000010003e3c                __wrap___aeabi_i2d
 .text.__wrap___aeabi_d2iz
                0x0000000010003e6c       0x48 CMakeFiles/PocketPet.dir/home/ghostrunner/virtual_pet/pico-sdk/src/rp2_common/pico_double/double_aeabi.S.obj
                0x0000000010003e6c                __wrap___aeabi_d2iz
                0x0000000010003e6c                double2int_z
 .text.__wrap___aeabi_d2uiz
                0x0000000010003eb4       0x18 CMakeFiles/PocketPet.dir/home/ghostrunner/virtual_pet/pico-sdk/src/rp2_common/pico_double/double_aeabi.S.obj
                0x0000000010003eb4                double2uint
                0x0000000010003eb4                __wrap___aeabi_d2uiz
 .text.__aeabi_double_init
                0x0000000010003ecc       0xc0 CMakeFiles/PocketPet.dir/home/ghostrunner/virtual_pet/pico-sdk/src/rp2_common/pico_double/double_init_rom.c.obj
                0x0000000010003ecc                __aeabi_double_init
 .text.double_table_shim_on_use_helper
                0x0000000010003f8c       0x2c CMakeFiles/PocketPet.dir/home/ghostrunner/virtual_pet/pico-sdk/src/rp2_common/pico_double/double_v1_rom_shim.S.obj
                0x0000000010003f8c                double_table_shim_on_use_helper
 .text.__wrap___aeabi_dsub
                0x0000000010003fb8       0x10 CMakeFiles/PocketPet.dir/home/ghostrunner/virtual_pet/pico-sdk/src/rp2_common/pico_double/double_v1_rom_shim.S.obj
                0x0000000010003fb8                drsub_shim
                0x0000000010003fbe                dsub_shim
 .text.dadd_shim
                0x0000000010003fc8      0x15c CMakeFiles/PocketPet.dir/home/ghostrunner/virtual_pet/pico-sdk/src/rp2_common/pico_double/double_v1_rom_shim.S.obj
                0x0000000010003fc8                dadd_shim
 .text.dmul_shim
                0x0000000010004124      0x15c CMakeFiles/PocketPet.dir/home/ghostrunner/virtual_pet/pico-sdk/src/rp2_common/pico_double/double_v1_rom_shim.S.obj
                0x0000000010004124                dmul_shim
 .text.ddiv_shim
                0x0000000010004280      0x1b0 CMakeFiles/PocketPet.dir/home/ghostrunner/virtual_pet/pico-sdk/src/rp2_common/pico_double/double_v1_rom_shim.S.obj
                0x0000000010004280                ddiv_shim
 .text.double2uint_shim
                0x0000000010004430        0xe CMakeFiles/PocketPet.dir/home/ghostrunner/virtual_pet/pico-sdk/src/rp2_common/pico_double/double_v1_rom_shim.S.obj
                0x0000000010004430                double2uint_shim
                0x0000000010004432                double2ufix_shim
 *fill*         0x000000001000443e        0x2 
 .text.double2uint64_shim
                0x0000000010004440       0x70 CMakeFiles/PocketPet.dir/home/ghostrunner/virtual_pet/pico-sdk/src/rp2_common/pico_double/double_v1_rom_shim.S.obj
                0x0000000010004440                double2uint64_shim
                0x0000000010004442                double2ufix64_shim
                0x0000000010004462                d2fix_a
 .text.dunpacks
                0x00000000100044b0       0x3c CMakeFiles/PocketPet.dir/home/ghostrunner/virtual_pet/pico-sdk/src/rp2_common/pico_double/double_v1_rom_shim.S.obj
                0x00000000100044b0                dunpacks
 .text.__aeabi_lmul
                0x00000000100044ec       0x32 CMakeFiles/PocketPet.dir/home/ghostrunner/virtual_pet/pico-sdk/src/rp2_common/pico_int64_ops/pico_int64_ops_aeabi.S.obj
                0x00000000100044ec                __wrap___aeabi_lmul
 *fill*         0x000000001000451e        0x2 
 .text.__aeabi_float_init
                0x0000000010004520       0x64 CMakeFiles/PocketPet.dir/home/ghostrunner/virtual_pet/pico-sdk/src/rp2_common/pico_float/float_init_rom.c.obj
                0x0000000010004520                __aeabi_float_init
 .text.float_table_shim_on_use_helper
                0x0000000010004584       0x2c CMakeFiles/PocketPet.dir/home/ghostrunner/virtual_pet/pico-sdk/src/rp2_common/pico_float/float_v1_rom_shim.S.obj
                0x0000000010004584                float_table_shim_on_use_helper
 .text.__wrap_malloc
                0x00000000100045b0       0x24 CMakeFiles/PocketPet.dir/home/ghostrunner/virtual_pet/pico-sdk/src/rp2_common/pico_malloc/pico_malloc.c.obj
                0x00000000100045b0                __wrap_malloc
 .text.__wrap_free
                0x00000000100045d4        0x8 CMakeFiles/PocketPet.dir/home/ghostrunner/virtual_pet/pico-sdk/src/rp2_common/pico_malloc/pico_malloc.c.obj
                0x00000000100045d4                __wrap_free
 .text          0x00000000100045dc       0x10 CMakeFiles/PocketPet.dir/home/ghostrunner/virtual_pet/pico-sdk/src/rp2_common/pico_mem_ops/mem_ops_aeabi.S.obj
                0x00000000100045dc                __aeabi_mem_init
 .text.memset   0x00000000100045ec        0xc CMakeFiles/PocketPet.dir/home/ghostrunner/virtual_pet/pico-sdk/src/rp2_common/pico_mem_ops/mem_ops_aeabi.S.obj
                0x00000000100045ec                __wrap_memset
 .text.memcpy   0x00000000100045f8        0xc CMakeFiles/PocketPet.dir/home/ghostrunner/virtual_pet/pico-sdk/src/rp2_common/pico_mem_ops/mem_ops_aeabi.S.obj
                0x00000000100045f8                __wrap___aeabi_memcpy
                0x00000000100045f8                __wrap_memcpy
 .text.stdio_out_chars_no_crlf
                0x0000000010004604       0x10 CMakeFiles/PocketPet.dir/home/ghostrunner/virtual_pet/pico-sdk/src/rp2_common/pico_stdio/stdio.c.obj
 .text.stdio_out_chars_crlf
                0x0000000010004614       0x94 CMakeFiles/PocketPet.dir/home/ghostrunner/virtual_pet/pico-sdk/src/rp2_common/pico_stdio/stdio.c.obj
 .text.stdio_buffered_printer
                0x00000000100046a8       0x64 CMakeFiles/PocketPet.dir/home/ghostrunner/virtual_pet/pico-sdk/src/rp2_common/pico_stdio/stdio.c.obj
 .text.stdio_put_string
                0x000000001000470c      0x104 CMakeFiles/PocketPet.dir/home/ghostrunner/virtual_pet/pico-sdk/src/rp2_common/pico_stdio/stdio.c.obj
 .text.__wrap_putchar
                0x0000000010004810       0x98 CMakeFiles/PocketPet.dir/home/ghostrunner/virtual_pet/pico-sdk/src/rp2_common/pico_stdio/stdio.c.obj
                0x0000000010004810                __wrap_putchar
 .text.__wrap_puts
                0x00000000100048a8       0x3c CMakeFiles/PocketPet.dir/home/ghostrunner/virtual_pet/pico-sdk/src/rp2_common/pico_stdio/stdio.c.obj
                0x00000000100048a8                __wrap_puts
 .text.stdio_set_driver_enabled
                0x00000000100048e4       0x30 CMakeFiles/PocketPet.dir/home/ghostrunner/virtual_pet/pico-sdk/src/rp2_common/pico_stdio/stdio.c.obj
                0x00000000100048e4                stdio_set_driver_enabled
 .text.__wrap_vprintf
                0x0000000010004914       0xd8 CMakeFiles/PocketPet.dir/home/ghostrunner/virtual_pet/pico-sdk/src/rp2_common/pico_stdio/stdio.c.obj
                0x0000000010004914                __wrap_vprintf
 .text.__wrap_printf
                0x00000000100049ec       0x18 CMakeFiles/PocketPet.dir/home/ghostrunner/virtual_pet/pico-sdk/src/rp2_common/pico_stdio/stdio.c.obj
                0x00000000100049ec                __wrap_printf
 .text.stdio_init_all
                0x0000000010004a04       0x10 CMakeFiles/PocketPet.dir/home/ghostrunner/virtual_pet/pico-sdk/src/rp2_common/pico_stdio/stdio.c.obj
                0x0000000010004a04                stdio_init_all
 .text.stdio_uart_out_chars
                0x0000000010004a14       0x4c CMakeFiles/PocketPet.dir/home/ghostrunner/virtual_pet/pico-sdk/src/rp2_common/pico_stdio_uart/stdio_uart.c.obj
 .text.stdio_uart_in_chars
                0x0000000010004a60       0x84 CMakeFiles/PocketPet.dir/home/ghostrunner/virtual_pet/pico-sdk/src/rp2_common/pico_stdio_uart/stdio_uart.c.obj
                0x0000000010004a60                stdio_uart_in_chars
 .text.on_uart_rx
                0x0000000010004ae4       0x28 CMakeFiles/PocketPet.dir/home/ghostrunner/virtual_pet/pico-sdk/src/rp2_common/pico_stdio_uart/stdio_uart.c.obj
 .text.stdio_uart_set_chars_available_callback
                0x0000000010004b0c       0x8c CMakeFiles/PocketPet.dir/home/ghostrunner/virtual_pet/pico-sdk/src/rp2_common/pico_stdio_uart/stdio_uart.c.obj
 .text.stdio_uart_init
                0x0000000010004b98       0x48 CMakeFiles/PocketPet.dir/home/ghostrunner/virtual_pet/pico-sdk/src/rp2_common/pico_stdio_uart/stdio_uart.c.obj
                0x0000000010004b98                stdio_uart_init
 .text.resetd_init
                0x0000000010004be0        0x4 CMakeFiles/PocketPet.dir/home/ghostrunner/virtual_pet/pico-sdk/src/rp2_common/pico_stdio_usb/reset_interface.c.obj
 .text.resetd_reset
                0x0000000010004be4        0xc CMakeFiles/PocketPet.dir/home/ghostrunner/virtual_pet/pico-sdk/src/rp2_common/pico_stdio_usb/reset_interface.c.obj
 .text.resetd_open
                0x0000000010004bf0       0x28 CMakeFiles/PocketPet.dir/home/ghostrunner/virtual_pet/pico-sdk/src/rp2_common/pico_stdio_usb/reset_interface.c.obj
 .text.resetd_xfer_cb
                0x0000000010004c18        0x4 CMakeFiles/PocketPet.dir/home/ghostrunner/virtual_pet/pico-sdk/src/rp2_common/pico_stdio_usb/reset_interface.c.obj
 .text.resetd_control_xfer_cb
                0x0000000010004c1c       0x64 CMakeFiles/PocketPet.dir/home/ghostrunner/virtual_pet/pico-sdk/src/rp2_common/pico_stdio_usb/reset_interface.c.obj
 .text.usbd_app_driver_get_cb
                0x0000000010004c80        0xc CMakeFiles/PocketPet.dir/home/ghostrunner/virtual_pet/pico-sdk/src/rp2_common/pico_stdio_usb/reset_interface.c.obj
                0x0000000010004c80                usbd_app_driver_get_cb
 .text.tud_cdc_line_coding_cb
                0x0000000010004c8c       0x34 CMakeFiles/PocketPet.dir/home/ghostrunner/virtual_pet/pico-sdk/src/rp2_common/pico_stdio_usb/reset_interface.c.obj
                0x0000000010004c8c                tud_cdc_line_coding_cb
 .text.stdio_usb_set_chars_available_callback
                0x0000000010004cc0       0x14 CMakeFiles/PocketPet.dir/home/ghostrunner/virtual_pet/pico-sdk/src/rp2_common/pico_stdio_usb/stdio_usb.c.obj
                0x0000000010004cc0                stdio_usb_set_chars_available_callback
 .text.usb_irq  0x0000000010004cd4       0x10 CMakeFiles/PocketPet.dir/home/ghostrunner/virtual_pet/pico-sdk/src/rp2_common/pico_stdio_usb/stdio_usb.c.obj
 .text.timer_task
                0x0000000010004ce4       0x54 CMakeFiles/PocketPet.dir/home/ghostrunner/virtual_pet/pico-sdk/src/rp2_common/pico_stdio_usb/stdio_usb.c.obj
 .text.stdio_usb_in_chars
                0x0000000010004d38       0x90 CMakeFiles/PocketPet.dir/home/ghostrunner/virtual_pet/pico-sdk/src/rp2_common/pico_stdio_usb/stdio_usb.c.obj
                0x0000000010004d38                stdio_usb_in_chars
 .text.stdio_usb_out_chars
                0x0000000010004dc8      0x100 CMakeFiles/PocketPet.dir/home/ghostrunner/virtual_pet/pico-sdk/src/rp2_common/pico_stdio_usb/stdio_usb.c.obj
 .text.low_priority_worker_irq
                0x0000000010004ec8       0xa8 CMakeFiles/PocketPet.dir/home/ghostrunner/virtual_pet/pico-sdk/src/rp2_common/pico_stdio_usb/stdio_usb.c.obj
 .text.tud_cdc_rx_cb
                0x0000000010004f70       0x20 CMakeFiles/PocketPet.dir/home/ghostrunner/virtual_pet/pico-sdk/src/rp2_common/pico_stdio_usb/stdio_usb.c.obj
                0x0000000010004f70                tud_cdc_rx_cb
 .text.stdio_usb_init
                0x0000000010004f90       0xdc CMakeFiles/PocketPet.dir/home/ghostrunner/virtual_pet/pico-sdk/src/rp2_common/pico_stdio_usb/stdio_usb.c.obj
                0x0000000010004f90                stdio_usb_init
 .text.tud_descriptor_device_cb
                0x000000001000506c        0x8 CMakeFiles/PocketPet.dir/home/ghostrunner/virtual_pet/pico-sdk/src/rp2_common/pico_stdio_usb/stdio_usb_descriptors.c.obj
                0x000000001000506c                tud_descriptor_device_cb
 .text.tud_descriptor_configuration_cb
                0x0000000010005074        0x8 CMakeFiles/PocketPet.dir/home/ghostrunner/virtual_pet/pico-sdk/src/rp2_common/pico_stdio_usb/stdio_usb_descriptors.c.obj
                0x0000000010005074                tud_descriptor_configuration_cb
 .text.tud_descriptor_string_cb
                0x000000001000507c       0x70 CMakeFiles/PocketPet.dir/home/ghostrunner/virtual_pet/pico-sdk/src/rp2_common/pico_stdio_usb/stdio_usb_descriptors.c.obj
                0x000000001000507c                tud_descriptor_string_cb
 .text.startup._retrieve_unique_id_on_boot
                0x00000000100050ec       0x10 CMakeFiles/PocketPet.dir/home/ghostrunner/virtual_pet/pico-sdk/src/rp2_common/pico_unique_id/unique_id.c.obj
 .text.pico_get_unique_board_id_string
                0x00000000100050fc      0x1bc CMakeFiles/PocketPet.dir/home/ghostrunner/virtual_pet/pico-sdk/src/rp2_common/pico_unique_id/unique_id.c.obj
                0x00000000100050fc                pico_get_unique_board_id_string
 .text.flash_get_unique_id
                0x00000000100052b8       0x40 CMakeFiles/PocketPet.dir/home/ghostrunner/virtual_pet/pico-sdk/src/rp2_common/hardware_flash/flash.c.obj
                0x00000000100052b8                flash_get_unique_id
 .text.dcd_int_enable
                0x00000000100052f8        0xc CMakeFiles/PocketPet.dir/home/ghostrunner/virtual_pet/pico-sdk/lib/tinyusb/src/portable/raspberrypi/rp2040/dcd_rp2040.c.obj
                0x00000000100052f8                dcd_int_enable
 .text.dcd_set_address
                0x0000000010005304       0x14 CMakeFiles/PocketPet.dir/home/ghostrunner/virtual_pet/pico-sdk/lib/tinyusb/src/portable/raspberrypi/rp2040/dcd_rp2040.c.obj
                0x0000000010005304                dcd_set_address
 .text.dcd_connect
                0x0000000010005318       0x10 CMakeFiles/PocketPet.dir/home/ghostrunner/virtual_pet/pico-sdk/lib/tinyusb/src/portable/raspberrypi/rp2040/dcd_rp2040.c.obj
                0x0000000010005318                dcd_connect
 .text.dcd_init
                0x0000000010005328       0x9c CMakeFiles/PocketPet.dir/home/ghostrunner/virtual_pet/pico-sdk/lib/tinyusb/src/portable/raspberrypi/rp2040/dcd_rp2040.c.obj
                0x0000000010005328                dcd_init
 .text.dcd_edpt0_status_complete
                0x00000000100053c4       0x1c CMakeFiles/PocketPet.dir/home/ghostrunner/virtual_pet/pico-sdk/lib/tinyusb/src/portable/raspberrypi/rp2040/dcd_rp2040.c.obj
                0x00000000100053c4                dcd_edpt0_status_complete
 .text.dcd_edpt_open
                0x00000000100053e0      0x108 CMakeFiles/PocketPet.dir/home/ghostrunner/virtual_pet/pico-sdk/lib/tinyusb/src/portable/raspberrypi/rp2040/dcd_rp2040.c.obj
                0x00000000100053e0                dcd_edpt_open
 .text.dcd_edpt_close_all
                0x00000000100054e8        0x8 CMakeFiles/PocketPet.dir/home/ghostrunner/virtual_pet/pico-sdk/lib/tinyusb/src/portable/raspberrypi/rp2040/dcd_rp2040.c.obj
                0x00000000100054e8                dcd_edpt_close_all
 .text.dcd_edpt_xfer
                0x00000000100054f0       0x24 CMakeFiles/PocketPet.dir/home/ghostrunner/virtual_pet/pico-sdk/lib/tinyusb/src/portable/raspberrypi/rp2040/dcd_rp2040.c.obj
                0x00000000100054f0                dcd_edpt_xfer
 .text.dcd_edpt_stall
                0x0000000010005514       0x38 CMakeFiles/PocketPet.dir/home/ghostrunner/virtual_pet/pico-sdk/lib/tinyusb/src/portable/raspberrypi/rp2040/dcd_rp2040.c.obj
                0x0000000010005514                dcd_edpt_stall
 .text.dcd_edpt_clear_stall
                0x000000001000554c       0x30 CMakeFiles/PocketPet.dir/home/ghostrunner/virtual_pet/pico-sdk/lib/tinyusb/src/portable/raspberrypi/rp2040/dcd_rp2040.c.obj
                0x000000001000554c                dcd_edpt_clear_stall
 .text.rp2040_usb_init
                0x000000001000557c       0x4c CMakeFiles/PocketPet.dir/home/ghostrunner/virtual_pet/pico-sdk/lib/tinyusb/src/portable/raspberrypi/rp2040/rp2040_usb.c.obj
                0x000000001000557c                rp2040_usb_init
 .text.hw_endpoint_xfer_start
                0x00000000100055c8       0x54 CMakeFiles/PocketPet.dir/home/ghostrunner/virtual_pet/pico-sdk/lib/tinyusb/src/portable/raspberrypi/rp2040/rp2040_usb.c.obj
                0x00000000100055c8                hw_endpoint_xfer_start
 .text.tud_mounted
                0x000000001000561c       0x10 CMakeFiles/PocketPet.dir/home/ghostrunner/virtual_pet/pico-sdk/lib/tinyusb/src/device/usbd.c.obj
                0x000000001000561c                tud_mounted
 .text.tud_suspended
                0x000000001000562c       0x10 CMakeFiles/PocketPet.dir/home/ghostrunner/virtual_pet/pico-sdk/lib/tinyusb/src/device/usbd.c.obj
                0x000000001000562c                tud_suspended
 .text.tud_inited
                0x000000001000563c       0x14 CMakeFiles/PocketPet.dir/home/ghostrunner/virtual_pet/pico-sdk/lib/tinyusb/src/device/usbd.c.obj
                0x000000001000563c                tud_inited
 .text.tud_init
                0x0000000010005650       0xe4 CMakeFiles/PocketPet.dir/home/ghostrunner/virtual_pet/pico-sdk/lib/tinyusb/src/device/usbd.c.obj
                0x0000000010005650                tud_init
 .text.tud_task_ext
                0x0000000010005734      0x858 CMakeFiles/PocketPet.dir/home/ghostrunner/virtual_pet/pico-sdk/lib/tinyusb/src/device/usbd.c.obj
                0x0000000010005734                tud_task_ext
 .text.usbd_open_edpt_pair
                0x0000000010005f8c       0x9c CMakeFiles/PocketPet.dir/home/ghostrunner/virtual_pet/pico-sdk/lib/tinyusb/src/device/usbd.c.obj
                0x0000000010005f8c                usbd_open_edpt_pair
 .text.usbd_defer_func
                0x0000000010006028       0x4c CMakeFiles/PocketPet.dir/home/ghostrunner/virtual_pet/pico-sdk/lib/tinyusb/src/device/usbd.c.obj
                0x0000000010006028                usbd_defer_func
 .text.usbd_edpt_open
                0x0000000010006074       0x34 CMakeFiles/PocketPet.dir/home/ghostrunner/virtual_pet/pico-sdk/lib/tinyusb/src/device/usbd.c.obj
                0x0000000010006074                usbd_edpt_open
 .text.usbd_edpt_claim
                0x00000000100060a8       0x28 CMakeFiles/PocketPet.dir/home/ghostrunner/virtual_pet/pico-sdk/lib/tinyusb/src/device/usbd.c.obj
                0x00000000100060a8                usbd_edpt_claim
 .text.usbd_edpt_release
                0x00000000100060d0       0x28 CMakeFiles/PocketPet.dir/home/ghostrunner/virtual_pet/pico-sdk/lib/tinyusb/src/device/usbd.c.obj
                0x00000000100060d0                usbd_edpt_release
 .text.usbd_edpt_xfer
                0x00000000100060f8       0x4c CMakeFiles/PocketPet.dir/home/ghostrunner/virtual_pet/pico-sdk/lib/tinyusb/src/device/usbd.c.obj
                0x00000000100060f8                usbd_edpt_xfer
 .text.tud_control_status
                0x0000000010006144       0x30 CMakeFiles/PocketPet.dir/home/ghostrunner/virtual_pet/pico-sdk/lib/tinyusb/src/device/usbd_control.c.obj
                0x0000000010006144                tud_control_status
 .text.tud_control_xfer
                0x0000000010006174       0xb8 CMakeFiles/PocketPet.dir/home/ghostrunner/virtual_pet/pico-sdk/lib/tinyusb/src/device/usbd_control.c.obj
                0x0000000010006174                tud_control_xfer
 .text.usbd_control_reset
                0x000000001000622c       0x14 CMakeFiles/PocketPet.dir/home/ghostrunner/virtual_pet/pico-sdk/lib/tinyusb/src/device/usbd_control.c.obj
                0x000000001000622c                usbd_control_reset
 .text.usbd_control_set_complete_callback
                0x0000000010006240        0xc CMakeFiles/PocketPet.dir/home/ghostrunner/virtual_pet/pico-sdk/lib/tinyusb/src/device/usbd_control.c.obj
                0x0000000010006240                usbd_control_set_complete_callback
 .text.usbd_control_set_request
                0x000000001000624c       0x1c CMakeFiles/PocketPet.dir/home/ghostrunner/virtual_pet/pico-sdk/lib/tinyusb/src/device/usbd_control.c.obj
                0x000000001000624c                usbd_control_set_request
 .text.usbd_control_xfer_cb
                0x0000000010006268       0xf8 CMakeFiles/PocketPet.dir/home/ghostrunner/virtual_pet/pico-sdk/lib/tinyusb/src/device/usbd_control.c.obj
                0x0000000010006268                usbd_control_xfer_cb
 .text.tud_cdc_n_connected
                0x0000000010006360       0x30 CMakeFiles/PocketPet.dir/home/ghostrunner/virtual_pet/pico-sdk/lib/tinyusb/src/class/cdc/cdc_device.c.obj
                0x0000000010006360                tud_cdc_n_connected
 .text.tud_cdc_n_available
                0x0000000010006390       0x18 CMakeFiles/PocketPet.dir/home/ghostrunner/virtual_pet/pico-sdk/lib/tinyusb/src/class/cdc/cdc_device.c.obj
                0x0000000010006390                tud_cdc_n_available
 .text.tud_cdc_n_read
                0x00000000100063a8       0x70 CMakeFiles/PocketPet.dir/home/ghostrunner/virtual_pet/pico-sdk/lib/tinyusb/src/class/cdc/cdc_device.c.obj
                0x00000000100063a8                tud_cdc_n_read
 .text.tud_cdc_n_write_flush
                0x0000000010006418       0x78 CMakeFiles/PocketPet.dir/home/ghostrunner/virtual_pet/pico-sdk/lib/tinyusb/src/class/cdc/cdc_device.c.obj
                0x0000000010006418                tud_cdc_n_write_flush
 .text.tud_cdc_n_write
                0x0000000010006490       0x34 CMakeFiles/PocketPet.dir/home/ghostrunner/virtual_pet/pico-sdk/lib/tinyusb/src/class/cdc/cdc_device.c.obj
                0x0000000010006490                tud_cdc_n_write
 .text.tud_cdc_n_write_available
                0x00000000100064c4       0x18 CMakeFiles/PocketPet.dir/home/ghostrunner/virtual_pet/pico-sdk/lib/tinyusb/src/class/cdc/cdc_device.c.obj
                0x00000000100064c4                tud_cdc_n_write_available
 .text.cdcd_init
                0x00000000100064dc       0x7c CMakeFiles/PocketPet.dir/home/ghostrunner/virtual_pet/pico-sdk/lib/tinyusb/src/class/cdc/cdc_device.c.obj
                0x00000000100064dc                cdcd_init
 .text.cdcd_reset
                0x0000000010006558       0x2c CMakeFiles/PocketPet.dir/home/ghostrunner/virtual_pet/pico-sdk/lib/tinyusb/src/class/cdc/cdc_device.c.obj
                0x0000000010006558                cdcd_reset
 .text.cdcd_open
                0x0000000010006584       0xe8 CMakeFiles/PocketPet.dir/home/ghostrunner/virtual_pet/pico-sdk/lib/tinyusb/src/class/cdc/cdc_device.c.obj
                0x0000000010006584                cdcd_open
 .text.cdcd_control_xfer_cb
                0x000000001000666c       0xe4 CMakeFiles/PocketPet.dir/home/ghostrunner/virtual_pet/pico-sdk/lib/tinyusb/src/class/cdc/cdc_device.c.obj
                0x000000001000666c                cdcd_control_xfer_cb
 .text.cdcd_xfer_cb
                0x0000000010006750      0x198 CMakeFiles/PocketPet.dir/home/ghostrunner/virtual_pet/pico-sdk/lib/tinyusb/src/class/cdc/cdc_device.c.obj
                0x0000000010006750                cdcd_xfer_cb
 .text.tusb_init
                0x00000000100068e8        0xc CMakeFiles/PocketPet.dir/home/ghostrunner/virtual_pet/pico-sdk/lib/tinyusb/src/tusb.c.obj
                0x00000000100068e8                tusb_init
 .text.tusb_inited
                0x00000000100068f4        0x8 CMakeFiles/PocketPet.dir/home/ghostrunner/virtual_pet/pico-sdk/lib/tinyusb/src/tusb.c.obj
                0x00000000100068f4                tusb_inited
 .text.tu_edpt_claim
                0x00000000100068fc       0x50 CMakeFiles/PocketPet.dir/home/ghostrunner/virtual_pet/pico-sdk/lib/tinyusb/src/tusb.c.obj
                0x00000000100068fc                tu_edpt_claim
 .text.tu_edpt_release
                0x000000001000694c       0x38 CMakeFiles/PocketPet.dir/home/ghostrunner/virtual_pet/pico-sdk/lib/tinyusb/src/tusb.c.obj
                0x000000001000694c                tu_edpt_release
 .text.tu_edpt_validate
                0x0000000010006984       0x78 CMakeFiles/PocketPet.dir/home/ghostrunner/virtual_pet/pico-sdk/lib/tinyusb/src/tusb.c.obj
                0x0000000010006984                tu_edpt_validate
 .text.tu_edpt_bind_driver
                0x00000000100069fc       0x34 CMakeFiles/PocketPet.dir/home/ghostrunner/virtual_pet/pico-sdk/lib/tinyusb/src/tusb.c.obj
                0x00000000100069fc                tu_edpt_bind_driver
 .text.tu_fifo_config
                0x0000000010006a30       0x70 CMakeFiles/PocketPet.dir/home/ghostrunner/virtual_pet/pico-sdk/lib/tinyusb/src/common/tusb_fifo.c.obj
                0x0000000010006a30                tu_fifo_config
 .text.tu_fifo_count
                0x0000000010006aa0       0x2c CMakeFiles/PocketPet.dir/home/ghostrunner/virtual_pet/pico-sdk/lib/tinyusb/src/common/tusb_fifo.c.obj
                0x0000000010006aa0                tu_fifo_count
 .text.tu_fifo_empty
                0x0000000010006acc       0x10 CMakeFiles/PocketPet.dir/home/ghostrunner/virtual_pet/pico-sdk/lib/tinyusb/src/common/tusb_fifo.c.obj
                0x0000000010006acc                tu_fifo_empty
 .text.tu_fifo_remaining
                0x0000000010006adc       0x2c CMakeFiles/PocketPet.dir/home/ghostrunner/virtual_pet/pico-sdk/lib/tinyusb/src/common/tusb_fifo.c.obj
                0x0000000010006adc                tu_fifo_remaining
 .text.tu_fifo_read
                0x0000000010006b08       0x9c CMakeFiles/PocketPet.dir/home/ghostrunner/virtual_pet/pico-sdk/lib/tinyusb/src/common/tusb_fifo.c.obj
                0x0000000010006b08                tu_fifo_read
 .text.tu_fifo_read_n
                0x0000000010006ba4       0xf0 CMakeFiles/PocketPet.dir/home/ghostrunner/virtual_pet/pico-sdk/lib/tinyusb/src/common/tusb_fifo.c.obj
                0x0000000010006ba4                tu_fifo_read_n
 .text.tu_fifo_write
                0x0000000010006c94       0x88 CMakeFiles/PocketPet.dir/home/ghostrunner/virtual_pet/pico-sdk/lib/tinyusb/src/common/tusb_fifo.c.obj
                0x0000000010006c94                tu_fifo_write
 .text.tu_fifo_write_n
                0x0000000010006d1c      0x158 CMakeFiles/PocketPet.dir/home/ghostrunner/virtual_pet/pico-sdk/lib/tinyusb/src/common/tusb_fifo.c.obj
                0x0000000010006d1c                tu_fifo_write_n
 .text.tu_fifo_clear
                0x0000000010006e74       0x40 CMakeFiles/PocketPet.dir/home/ghostrunner/virtual_pet/pico-sdk/lib/tinyusb/src/common/tusb_fifo.c.obj
                0x0000000010006e74                tu_fifo_clear
 .text.tu_fifo_set_overwritable
                0x0000000010006eb4       0x48 CMakeFiles/PocketPet.dir/home/ghostrunner/virtual_pet/pico-sdk/lib/tinyusb/src/common/tusb_fifo.c.obj
                0x0000000010006eb4                tu_fifo_set_overwritable
 .text.spi_init
                0x0000000010006efc       0xf4 CMakeFiles/PocketPet.dir/home/ghostrunner/virtual_pet/pico-sdk/src/rp2_common/hardware_spi/spi.c.obj
                0x0000000010006efc                spi_init
 .text.i2c_set_baudrate
                0x0000000010006ff0       0xc4 CMakeFiles/PocketPet.dir/home/ghostrunner/virtual_pet/pico-sdk/src/rp2_common/hardware_i2c/i2c.c.obj
                0x0000000010006ff0                i2c_set_baudrate
 .text.i2c_init
                0x00000000100070b4       0x54 CMakeFiles/PocketPet.dir/home/ghostrunner/virtual_pet/pico-sdk/src/rp2_common/hardware_i2c/i2c.c.obj
                0x00000000100070b4                i2c_init
 .text.LCD_1IN8_Init
                0x0000000010007108      0x98c lib/LCD/libLCD.a(LCD_1in8.c.obj)
                0x0000000010007108                LCD_1IN8_Init
 .text.LCD_1IN8_Clear
                0x0000000010007a94      0x1d0 lib/LCD/libLCD.a(LCD_1in8.c.obj)
                0x0000000010007a94                LCD_1IN8_Clear
 .text.LCD_1IN8_Display
                0x0000000010007c64      0x1b0 lib/LCD/libLCD.a(LCD_1in8.c.obj)
                0x0000000010007c64                LCD_1IN8_Display
 .text.Paint_SetPixel.part.0
                0x0000000010007e14      0x12c lib/GUI/libGUI.a(GUI_Paint.c.obj)
 .text.Paint_DrawChar.part.0
                0x0000000010007f40       0xe4 lib/GUI/libGUI.a(GUI_Paint.c.obj)
 .text.Paint_DrawLine.constprop.0
                0x0000000010008024      0x374 lib/GUI/libGUI.a(GUI_Paint.c.obj)
 .text.Paint_DrawPoint.constprop.1
                0x0000000010008398      0x298 lib/GUI/libGUI.a(GUI_Paint.c.obj)
 .text.Paint_NewImage
                0x0000000010008630       0x44 lib/GUI/libGUI.a(GUI_Paint.c.obj)
                0x0000000010008630                Paint_NewImage
 .text.Paint_SetRotate
                0x0000000010008674       0x20 lib/GUI/libGUI.a(GUI_Paint.c.obj)
                0x0000000010008674                Paint_SetRotate
 .text.Paint_SetScale
                0x0000000010008694       0x6c lib/GUI/libGUI.a(GUI_Paint.c.obj)
                0x0000000010008694                Paint_SetScale
 .text.Paint_Clear
                0x0000000010008700       0xd8 lib/GUI/libGUI.a(GUI_Paint.c.obj)
                0x0000000010008700                Paint_Clear
 .text.Paint_DrawPoint
                0x00000000100087d8      0x278 lib/GUI/libGUI.a(GUI_Paint.c.obj)
                0x00000000100087d8                Paint_DrawPoint
 .text.Paint_DrawLine
                0x0000000010008a50      0x3b4 lib/GUI/libGUI.a(GUI_Paint.c.obj)
                0x0000000010008a50                Paint_DrawLine
 .text.Paint_DrawRectangle
                0x0000000010008e04      0x3c4 lib/GUI/libGUI.a(GUI_Paint.c.obj)
                0x0000000010008e04                Paint_DrawRectangle
 .text.Paint_DrawCircle
                0x00000000100091c8      0x578 lib/GUI/libGUI.a(GUI_Paint.c.obj)
                0x00000000100091c8                Paint_DrawCircle
 .text.Paint_DrawString_EN
                0x0000000010009740       0xa4 lib/GUI/libGUI.a(GUI_Paint.c.obj)
                0x0000000010009740                Paint_DrawString_EN
 .text.Paint_DrawString_CN
                0x00000000100097e4      0x248 lib/GUI/libGUI.a(GUI_Paint.c.obj)
                0x00000000100097e4                Paint_DrawString_CN
 .text.Paint_DrawImage
                0x0000000010009a2c       0x98 lib/GUI/libGUI.a(GUI_Paint.c.obj)
                0x0000000010009a2c                Paint_DrawImage
 .text.DEV_Digital_Write
                0x0000000010009ac4       0x14 lib/Config/libConfig.a(DEV_Config.c.obj)
                0x0000000010009ac4                DEV_Digital_Write
 .text.DEV_SPI_WriteByte
                0x0000000010009ad8       0x1c lib/Config/libConfig.a(DEV_Config.c.obj)
                0x0000000010009ad8                DEV_SPI_WriteByte
 .text.DEV_SPI_Write_nByte
                0x0000000010009af4       0x14 lib/Config/libConfig.a(DEV_Config.c.obj)
                0x0000000010009af4                DEV_SPI_Write_nByte
 .text.DEV_Delay_ms
                0x0000000010009b08        0x8 lib/Config/libConfig.a(DEV_Config.c.obj)
                0x0000000010009b08                DEV_Delay_ms
 .text.DEV_Module_Init
                0x0000000010009b10      0x104 lib/Config/libConfig.a(DEV_Config.c.obj)
                0x0000000010009b10                DEV_Module_Init
 .text.DEV_SET_PWM
                0x0000000010009c14       0x40 lib/Config/libConfig.a(DEV_Config.c.obj)
                0x0000000010009c14                DEV_SET_PWM
 .text.DEV_Module_Exit
                0x0000000010009c54        0x4 lib/Config/libConfig.a(DEV_Config.c.obj)
                0x0000000010009c54                DEV_Module_Exit
 .text          0x0000000010009c58       0x28 /usr/lib/gcc/arm-none-eabi/9.2.1/../../../arm-none-eabi/lib/thumb/v6-m/nofp/libc.a(lib_a-malloc.o)
                0x0000000010009c58                malloc
                0x0000000010009c6c                free
 .text          0x0000000010009c80      0x58c /usr/lib/gcc/arm-none-eabi/9.2.1/../../../arm-none-eabi/lib/thumb/v6-m/nofp/libc.a(lib_a-mallocr.o)
                0x0000000010009c80                _malloc_r
 .text          0x000000001000a20c        0x8 /usr/lib/gcc/arm-none-eabi/9.2.1/../../../arm-none-eabi/lib/thumb/v6-m/nofp/libc.a(lib_a-mlock.o)
                0x000000001000a20c                __malloc_lock
                0x000000001000a210                __malloc_unlock
 .text          0x000000001000a214       0x24 /usr/lib/gcc/arm-none-eabi/9.2.1/../../../arm-none-eabi/lib/thumb/v6-m/nofp/libc.a(lib_a-sbrkr.o)
                0x000000001000a214                _sbrk_r
 .text          0x000000001000a238       0x68 /usr/lib/gcc/arm-none-eabi/9.2.1/../../../arm-none-eabi/lib/thumb/v6-m/nofp/libc.a(lib_a-strlen-stub.o)
                0x000000001000a238                strlen
 .text          0x000000001000a2a0      0x27c /usr/lib/gcc/arm-none-eabi/9.2.1/../../../arm-none-eabi/lib/thumb/v6-m/nofp/libc.a(lib_a-freer.o)
                0x000000001000a2a0                _malloc_trim_r
                0x000000001000a340                _free_r
 *(.fini)
 .fini          0x000000001000a51c        0x4 /usr/lib/gcc/arm-none-eabi/9.2.1/thumb/v6-m/nofp/crti.o
                0x000000001000a51c                _fini
 .fini.__stub   0x000000001000a520       0xe0 linker stubs
 *crtbegin.o(.ctors)
 *crtbegin?.o(.ctors)
 *(EXCLUDE_FILE(*crtend.o *crtend?.o) .ctors)
 *(SORT_BY_NAME(.ctors.*))
 *(.ctors)
 *crtbegin.o(.dtors)
 *crtbegin?.o(.dtors)
 *(EXCLUDE_FILE(*crtend.o *crtend?.o) .dtors)
 *(SORT_BY_NAME(.dtors.*))
 *(.dtors)
 *(.eh_frame*)
 .eh_frame      0x000000001000a600        0x0 /usr/lib/gcc/arm-none-eabi/9.2.1/thumb/v6-m/nofp/crtbegin.o
                0x000000001000a600                . = ALIGN (0x4)

.glue_7         0x000000001000a600        0x0
 .glue_7        0x000000001000a600        0x0 linker stubs

.glue_7t        0x000000001000a600        0x0
 .glue_7t       0x000000001000a600        0x0 linker stubs

.vfp11_veneer   0x000000001000a600        0x0
 .vfp11_veneer  0x000000001000a600        0x0 linker stubs

.v4_bx          0x000000001000a600        0x0
 .v4_bx         0x000000001000a600        0x0 linker stubs

.iplt           0x000000001000a600        0x0
 .iplt          0x000000001000a600        0x0 /usr/lib/gcc/arm-none-eabi/9.2.1/thumb/v6-m/nofp/crtbegin.o

.rodata         0x000000001000a600     0xbf54
 *(EXCLUDE_FILE(*libm.a: *libc.a:*lib_a-mem*.o *libgcc.a:) .rodata*)
 .rodata.main.str1.4
                0x000000001000a600       0xa7 CMakeFiles/PocketPet.dir/PocketPet.c.obj
 *fill*         0x000000001000a6a7        0x1 
 .rodata.spin_lock_claim_unused.str1.4
                0x000000001000a6a8       0x1b CMakeFiles/PocketPet.dir/home/ghostrunner/virtual_pet/pico-sdk/src/rp2_common/hardware_sync/sync.c.obj
 *fill*         0x000000001000a6c3        0x1 
 .rodata.user_irq_claim_unused.str1.4
                0x000000001000a6c4       0x1b CMakeFiles/PocketPet.dir/home/ghostrunner/virtual_pet/pico-sdk/src/rp2_common/hardware_irq/irq.c.obj
 *fill*         0x000000001000a6df        0x1 
 .rodata.hardware_alarm_claim.str1.4
                0x000000001000a6e0       0x22 CMakeFiles/PocketPet.dir/home/ghostrunner/virtual_pet/pico-sdk/src/rp2_common/hardware_timer/timer.c.obj
 *fill*         0x000000001000a702        0x2 
 .rodata.panic.str1.4
                0x000000001000a704       0x12 CMakeFiles/PocketPet.dir/home/ghostrunner/virtual_pet/pico-sdk/src/rp2_common/pico_runtime/runtime.c.obj
 *fill*         0x000000001000a716        0x2 
 .rodata.hard_assertion_failure.str1.4
                0x000000001000a718        0xc CMakeFiles/PocketPet.dir/home/ghostrunner/virtual_pet/pico-sdk/src/rp2_common/pico_runtime/runtime.c.obj
 .rodata._ftoa.str1.4
                0x000000001000a724       0x15 CMakeFiles/PocketPet.dir/home/ghostrunner/virtual_pet/pico-sdk/src/rp2_common/pico_printf/printf.c.obj
 *fill*         0x000000001000a739        0x3 
 .rodata._vsnprintf
                0x000000001000a73c      0x1e0 CMakeFiles/PocketPet.dir/home/ghostrunner/virtual_pet/pico-sdk/src/rp2_common/pico_printf/printf.c.obj
 *fill*         0x000000001000a91c        0x4 
 .rodata.pow10.5452
                0x000000001000a920       0x50 CMakeFiles/PocketPet.dir/home/ghostrunner/virtual_pet/pico-sdk/src/rp2_common/pico_printf/printf.c.obj
 .rodata.__wrap_malloc.str1.4
                0x000000001000a970        0xe CMakeFiles/PocketPet.dir/home/ghostrunner/virtual_pet/pico-sdk/src/rp2_common/pico_malloc/pico_malloc.c.obj
 *fill*         0x000000001000a97e        0x2 
 .rodata.str1.4
                0x000000001000a980       0x40 CMakeFiles/PocketPet.dir/home/ghostrunner/virtual_pet/pico-sdk/src/rp2_common/pico_standard_link/binary_info.c.obj
 .rodata.__bi_44
                0x000000001000a9c0        0xc CMakeFiles/PocketPet.dir/home/ghostrunner/virtual_pet/pico-sdk/src/rp2_common/pico_standard_link/binary_info.c.obj
 .rodata.__bi_75
                0x000000001000a9cc        0xc CMakeFiles/PocketPet.dir/home/ghostrunner/virtual_pet/pico-sdk/src/rp2_common/pico_standard_link/binary_info.c.obj
 .rodata.__bi_81
                0x000000001000a9d8        0xc CMakeFiles/PocketPet.dir/home/ghostrunner/virtual_pet/pico-sdk/src/rp2_common/pico_standard_link/binary_info.c.obj
 .rodata.crlf_str.6238
                0x000000001000a9e4        0x2 CMakeFiles/PocketPet.dir/home/ghostrunner/virtual_pet/pico-sdk/src/rp2_common/pico_stdio/stdio.c.obj
 *fill*         0x000000001000a9e6        0x2 
 .rodata.str1.4
                0x000000001000a9e8       0x2c CMakeFiles/PocketPet.dir/home/ghostrunner/virtual_pet/pico-sdk/src/rp2_common/pico_stdio_uart/stdio_uart.c.obj
 .rodata.__bi_33.4878
                0x000000001000aa14        0xc CMakeFiles/PocketPet.dir/home/ghostrunner/virtual_pet/pico-sdk/src/rp2_common/pico_stdio_uart/stdio_uart.c.obj
 .rodata.__bi_34.4882
                0x000000001000aa20        0x8 CMakeFiles/PocketPet.dir/home/ghostrunner/virtual_pet/pico-sdk/src/rp2_common/pico_stdio_uart/stdio_uart.c.obj
 .rodata._resetd_driver
                0x000000001000aa28       0x18 CMakeFiles/PocketPet.dir/home/ghostrunner/virtual_pet/pico-sdk/src/rp2_common/pico_stdio_usb/reset_interface.c.obj
 .rodata.str1.4
                0x000000001000aa40       0x13 CMakeFiles/PocketPet.dir/home/ghostrunner/virtual_pet/pico-sdk/src/rp2_common/pico_stdio_usb/stdio_usb.c.obj
 *fill*         0x000000001000aa53        0x1 
 .rodata.__bi_188.7657
                0x000000001000aa54        0xc CMakeFiles/PocketPet.dir/home/ghostrunner/virtual_pet/pico-sdk/src/rp2_common/pico_stdio_usb/stdio_usb.c.obj
 .rodata.str1.4
                0x000000001000aa60       0x2a CMakeFiles/PocketPet.dir/home/ghostrunner/virtual_pet/pico-sdk/src/rp2_common/pico_stdio_usb/stdio_usb_descriptors.c.obj
 *fill*         0x000000001000aa8a        0x2 
 .rodata.usbd_desc_cfg
                0x000000001000aa8c       0x54 CMakeFiles/PocketPet.dir/home/ghostrunner/virtual_pet/pico-sdk/src/rp2_common/pico_stdio_usb/stdio_usb_descriptors.c.obj
 .rodata.usbd_desc_device
                0x000000001000aae0       0x12 CMakeFiles/PocketPet.dir/home/ghostrunner/virtual_pet/pico-sdk/src/rp2_common/pico_stdio_usb/stdio_usb_descriptors.c.obj
 *fill*         0x000000001000aaf2        0x2 
 .rodata.usbd_desc_str
                0x000000001000aaf4       0x18 CMakeFiles/PocketPet.dir/home/ghostrunner/virtual_pet/pico-sdk/src/rp2_common/pico_stdio_usb/stdio_usb_descriptors.c.obj
 .rodata.str1.4
                0x000000001000ab0c       0x14 CMakeFiles/PocketPet.dir/home/ghostrunner/virtual_pet/pico-sdk/lib/tinyusb/src/portable/raspberrypi/rp2040/dcd_rp2040.c.obj
 .rodata.str1.4
                0x000000001000ab20       0x49 CMakeFiles/PocketPet.dir/home/ghostrunner/virtual_pet/pico-sdk/lib/tinyusb/src/portable/raspberrypi/rp2040/rp2040_usb.c.obj
                                         0x53 (size before relaxing)
 *fill*         0x000000001000ab69        0x3 
 .rodata.tud_task_ext
                0x000000001000ab6c       0x8c CMakeFiles/PocketPet.dir/home/ghostrunner/virtual_pet/pico-sdk/lib/tinyusb/src/device/usbd.c.obj
 .rodata._usbd_driver
                0x000000001000abf8       0x18 CMakeFiles/PocketPet.dir/home/ghostrunner/virtual_pet/pico-sdk/lib/tinyusb/src/device/usbd.c.obj
 .rodata.gImage_1inch8_1
                0x000000001000ac10     0xa000 examples/libexamples.a(ImageData.c.obj)
                0x000000001000ac10                gImage_1inch8_1
 .rodata.Paint_DrawLine.constprop.0.str1.4
                0x0000000010014c10       0x49 lib/GUI/libGUI.a(GUI_Paint.c.obj)
 *fill*         0x0000000010014c59        0x3 
 .rodata        0x0000000010014c5c      0x474 lib/Fonts/libFonts.a(font12.c.obj)
                0x0000000010014c5c                Font12_Table
 .rodata        0x00000000100150d0     0x1458 lib/Fonts/libFonts.a(font24CN.c.obj)
                0x00000000100150d0                Font24CN_Table
 .rodata.DEV_Module_Init.str1.4
                0x0000000010016528       0x15 lib/Config/libConfig.a(DEV_Config.c.obj)
 *fill*         0x000000001001653d        0x3 
 .rodata.DEV_SET_PWM.str1.4
                0x0000000010016540       0x14 lib/Config/libConfig.a(DEV_Config.c.obj)
                0x0000000010016554                . = ALIGN (0x4)
 *(SORT_BY_ALIGNMENT(SORT_BY_NAME(.flashdata*)))
                0x0000000010016554                . = ALIGN (0x4)

.rel.dyn        0x0000000010016554        0x0
 .rel.iplt      0x0000000010016554        0x0 /usr/lib/gcc/arm-none-eabi/9.2.1/thumb/v6-m/nofp/crtbegin.o

.ARM.extab
 *(.ARM.extab* .gnu.linkonce.armextab.*)
                0x0000000010016554                __exidx_start = .

.ARM.exidx
 *(.ARM.exidx* .gnu.linkonce.armexidx.*)
                0x0000000010016554                __exidx_end = .
                0x0000000010016554                . = ALIGN (0x4)
                0x0000000010016554                __binary_info_start = .

.binary_info    0x0000000010016554       0x28
 *(.binary_info.keep.*)
 .binary_info.keep.__bi_ptr22
                0x0000000010016554        0x4 CMakeFiles/PocketPet.dir/home/ghostrunner/virtual_pet/pico-sdk/src/rp2_common/pico_standard_link/binary_info.c.obj
 .binary_info.keep.__bi_ptr30
                0x0000000010016558        0x4 CMakeFiles/PocketPet.dir/home/ghostrunner/virtual_pet/pico-sdk/src/rp2_common/pico_standard_link/binary_info.c.obj
 .binary_info.keep.__bi_ptr38
                0x000000001001655c        0x4 CMakeFiles/PocketPet.dir/home/ghostrunner/virtual_pet/pico-sdk/src/rp2_common/pico_standard_link/binary_info.c.obj
 .binary_info.keep.__bi_ptr44
                0x0000000010016560        0x4 CMakeFiles/PocketPet.dir/home/ghostrunner/virtual_pet/pico-sdk/src/rp2_common/pico_standard_link/binary_info.c.obj
 .binary_info.keep.__bi_ptr50
                0x0000000010016564        0x4 CMakeFiles/PocketPet.dir/home/ghostrunner/virtual_pet/pico-sdk/src/rp2_common/pico_standard_link/binary_info.c.obj
 .binary_info.keep.__bi_ptr75
                0x0000000010016568        0x4 CMakeFiles/PocketPet.dir/home/ghostrunner/virtual_pet/pico-sdk/src/rp2_common/pico_standard_link/binary_info.c.obj
 .binary_info.keep.__bi_ptr81
                0x000000001001656c        0x4 CMakeFiles/PocketPet.dir/home/ghostrunner/virtual_pet/pico-sdk/src/rp2_common/pico_standard_link/binary_info.c.obj
 *(.binary_info.*)
 .binary_info.__bi_ptr33
                0x0000000010016570        0x4 CMakeFiles/PocketPet.dir/home/ghostrunner/virtual_pet/pico-sdk/src/rp2_common/pico_stdio_uart/stdio_uart.c.obj
 .binary_info.__bi_ptr34
                0x0000000010016574        0x4 CMakeFiles/PocketPet.dir/home/ghostrunner/virtual_pet/pico-sdk/src/rp2_common/pico_stdio_uart/stdio_uart.c.obj
 .binary_info.__bi_ptr188
                0x0000000010016578        0x4 CMakeFiles/PocketPet.dir/home/ghostrunner/virtual_pet/pico-sdk/src/rp2_common/pico_stdio_usb/stdio_usb.c.obj
                0x000000001001657c                __binary_info_end = .
                0x000000001001657c                . = ALIGN (0x4)
                0x000000001001657c                __etext = .

.ram_vector_table
                0x0000000020000000       0xc0
 *(.ram_vector_table)
 .ram_vector_table
                0x0000000020000000       0xc0 CMakeFiles/PocketPet.dir/home/ghostrunner/virtual_pet/pico-sdk/src/rp2_common/pico_runtime/runtime.c.obj
                0x0000000020000000                ram_vector_table

.data           0x00000000200000c0     0x1760 load address 0x000000001001657c
                0x00000000200000c0                __data_start__ = .
 *(vtable)
 *(.time_critical*)
 .time_critical.mutex_try_enter
                0x00000000200000c0       0x48 CMakeFiles/PocketPet.dir/home/ghostrunner/virtual_pet/pico-sdk/src/common/pico_sync/mutex.c.obj
                0x00000000200000c0                mutex_try_enter
 .time_critical.mutex_try_enter_block_until
                0x0000000020000108       0xb0 CMakeFiles/PocketPet.dir/home/ghostrunner/virtual_pet/pico-sdk/src/common/pico_sync/mutex.c.obj
                0x0000000020000108                mutex_try_enter_block_until
 .time_critical.mutex_enter_timeout_ms
                0x00000000200001b8       0x90 CMakeFiles/PocketPet.dir/home/ghostrunner/virtual_pet/pico-sdk/src/common/pico_sync/mutex.c.obj
                0x00000000200001b8                mutex_enter_timeout_ms
 .time_critical.mutex_exit
                0x0000000020000248       0x28 CMakeFiles/PocketPet.dir/home/ghostrunner/virtual_pet/pico-sdk/src/common/pico_sync/mutex.c.obj
                0x0000000020000248                mutex_exit
 .time_critical.flash_init_boot2_copyout
                0x0000000020000270       0x30 CMakeFiles/PocketPet.dir/home/ghostrunner/virtual_pet/pico-sdk/src/rp2_common/hardware_flash/flash.c.obj
 .time_critical.flash_enable_xip_via_boot2
                0x00000000200002a0       0x10 CMakeFiles/PocketPet.dir/home/ghostrunner/virtual_pet/pico-sdk/src/rp2_common/hardware_flash/flash.c.obj
 .time_critical.flash_cs_force
                0x00000000200002b0       0x38 CMakeFiles/PocketPet.dir/home/ghostrunner/virtual_pet/pico-sdk/src/rp2_common/hardware_flash/flash.c.obj
 .time_critical.flash_do_cmd
                0x00000000200002e8       0xc4 CMakeFiles/PocketPet.dir/home/ghostrunner/virtual_pet/pico-sdk/src/rp2_common/hardware_flash/flash.c.obj
                0x00000000200002e8                flash_do_cmd
 .time_critical.reset_non_control_endpoints
                0x00000000200003ac       0xbc CMakeFiles/PocketPet.dir/home/ghostrunner/virtual_pet/pico-sdk/lib/tinyusb/src/portable/raspberrypi/rp2040/dcd_rp2040.c.obj
 .time_critical.hw_handle_buff_status
                0x0000000020000468       0xb4 CMakeFiles/PocketPet.dir/home/ghostrunner/virtual_pet/pico-sdk/lib/tinyusb/src/portable/raspberrypi/rp2040/dcd_rp2040.c.obj
 .time_critical.dcd_rp2040_irq
                0x000000002000051c      0x4f4 CMakeFiles/PocketPet.dir/home/ghostrunner/virtual_pet/pico-sdk/lib/tinyusb/src/portable/raspberrypi/rp2040/dcd_rp2040.c.obj
 .time_critical.prepare_ep_buffer
                0x0000000020000a10       0x70 CMakeFiles/PocketPet.dir/home/ghostrunner/virtual_pet/pico-sdk/lib/tinyusb/src/portable/raspberrypi/rp2040/rp2040_usb.c.obj
 .time_critical.sync_ep_buffer
                0x0000000020000a80       0x4c CMakeFiles/PocketPet.dir/home/ghostrunner/virtual_pet/pico-sdk/lib/tinyusb/src/portable/raspberrypi/rp2040/rp2040_usb.c.obj
 .time_critical._hw_endpoint_xfer_sync
                0x0000000020000acc       0x28 CMakeFiles/PocketPet.dir/home/ghostrunner/virtual_pet/pico-sdk/lib/tinyusb/src/portable/raspberrypi/rp2040/rp2040_usb.c.obj
 .time_critical.e15_is_bulkin_ep
                0x0000000020000af4       0x28 CMakeFiles/PocketPet.dir/home/ghostrunner/virtual_pet/pico-sdk/lib/tinyusb/src/portable/raspberrypi/rp2040/rp2040_usb.c.obj
 .time_critical.e15_is_critical_frame_period
                0x0000000020000b1c       0x38 CMakeFiles/PocketPet.dir/home/ghostrunner/virtual_pet/pico-sdk/lib/tinyusb/src/portable/raspberrypi/rp2040/rp2040_usb.c.obj
 .time_critical.hw_endpoint_reset_transfer
                0x0000000020000b54        0xc CMakeFiles/PocketPet.dir/home/ghostrunner/virtual_pet/pico-sdk/lib/tinyusb/src/portable/raspberrypi/rp2040/rp2040_usb.c.obj
                0x0000000020000b54                hw_endpoint_reset_transfer
 .time_critical._hw_endpoint_buffer_control_update32
                0x0000000020000b60       0x58 CMakeFiles/PocketPet.dir/home/ghostrunner/virtual_pet/pico-sdk/lib/tinyusb/src/portable/raspberrypi/rp2040/rp2040_usb.c.obj
                0x0000000020000b60                _hw_endpoint_buffer_control_update32
 .time_critical.hw_endpoint_start_next_buffer
                0x0000000020000bb8       0x6c CMakeFiles/PocketPet.dir/home/ghostrunner/virtual_pet/pico-sdk/lib/tinyusb/src/portable/raspberrypi/rp2040/rp2040_usb.c.obj
                0x0000000020000bb8                hw_endpoint_start_next_buffer
 .time_critical.hw_endpoint_xfer_continue
                0x0000000020000c24       0x50 CMakeFiles/PocketPet.dir/home/ghostrunner/virtual_pet/pico-sdk/lib/tinyusb/src/portable/raspberrypi/rp2040/rp2040_usb.c.obj
                0x0000000020000c24                hw_endpoint_xfer_continue
 .time_critical.tinyusb
                0x0000000020000c74      0x170 CMakeFiles/PocketPet.dir/home/ghostrunner/virtual_pet/pico-sdk/lib/tinyusb/src/device/usbd.c.obj
                0x0000000020000c74                dcd_event_handler
 .time_critical.spi_write_blocking
                0x0000000020000de4       0x4c CMakeFiles/PocketPet.dir/home/ghostrunner/virtual_pet/pico-sdk/src/rp2_common/hardware_spi/spi.c.obj
                0x0000000020000de4                spi_write_blocking
 *(.text*)
 .text          0x0000000020000e30        0x4 /usr/lib/gcc/arm-none-eabi/9.2.1/thumb/v6-m/nofp/libgcc.a(_dvmd_tls.o)
                0x0000000020000e30                __aeabi_ldiv0
                0x0000000020000e30                __aeabi_idiv0
 *fill*         0x0000000020000e34        0x4 
 .text.__stub   0x0000000020000e38       0x70 linker stubs
                0x0000000020000ea8                . = ALIGN (0x4)
 *(.rodata*)
                0x0000000020000ea8                . = ALIGN (0x4)
 *(.data*)
 .data.striped_spin_lock_num
                0x0000000020000ea8        0x1 CMakeFiles/PocketPet.dir/home/ghostrunner/virtual_pet/pico-sdk/src/rp2_common/hardware_sync/sync.c.obj
 *fill*         0x0000000020000ea9        0x3 
 .data          0x0000000020000eac       0x48 CMakeFiles/PocketPet.dir/home/ghostrunner/virtual_pet/pico-sdk/src/rp2_common/hardware_irq/irq_handler_chain.S.obj
                0x0000000020000eac                irq_handler_chain_slots
                0x0000000020000edc                irq_handler_chain_first_slot
                0x0000000020000ee6                irq_handler_chain_remove_tail
 .data.default_alarm_pool
                0x0000000020000ef4       0x18 CMakeFiles/PocketPet.dir/home/ghostrunner/virtual_pet/pico-sdk/src/common/pico_time/time.c.obj
 .data.default_alarm_pool_heap
                0x0000000020000f0c       0x10 CMakeFiles/PocketPet.dir/home/ghostrunner/virtual_pet/pico-sdk/src/common/pico_time/time.c.obj
 *fill*         0x0000000020000f1c        0x4 
 .data.aeabi_bits_funcs
                0x0000000020000f20       0x10 CMakeFiles/PocketPet.dir/home/ghostrunner/virtual_pet/pico-sdk/src/rp2_common/pico_bit_ops/bit_ops_aeabi.S.obj
                0x0000000020000f20                aeabi_bits_funcs
                0x0000000020000f30                aeabi_bits_funcs_end
 .data.aeabi_mem_funcs
                0x0000000020000f30       0x10 CMakeFiles/PocketPet.dir/home/ghostrunner/virtual_pet/pico-sdk/src/rp2_common/pico_mem_ops/mem_ops_aeabi.S.obj
                0x0000000020000f30                aeabi_mem_funcs
                0x0000000020000f40                aeabi_mem_funcs_end
 .data.stdio_uart
                0x0000000020000f40       0x18 CMakeFiles/PocketPet.dir/home/ghostrunner/virtual_pet/pico-sdk/src/rp2_common/pico_stdio_uart/stdio_uart.c.obj
                0x0000000020000f40                stdio_uart
 .data.stdio_usb
                0x0000000020000f58       0x18 CMakeFiles/PocketPet.dir/home/ghostrunner/virtual_pet/pico-sdk/src/rp2_common/pico_stdio_usb/stdio_usb.c.obj
                0x0000000020000f58                stdio_usb
 .data.ep_dir_string
                0x0000000020000f70        0x8 CMakeFiles/PocketPet.dir/home/ghostrunner/virtual_pet/pico-sdk/lib/tinyusb/src/portable/raspberrypi/rp2040/rp2040_usb.c.obj
                0x0000000020000f70                ep_dir_string
 .data._usbd_qdef
                0x0000000020000f78       0x1c CMakeFiles/PocketPet.dir/home/ghostrunner/virtual_pet/pico-sdk/lib/tinyusb/src/device/usbd.c.obj
                0x0000000020000f78                _usbd_qdef
 .data._usbd_rhport
                0x0000000020000f94        0x1 CMakeFiles/PocketPet.dir/home/ghostrunner/virtual_pet/pico-sdk/lib/tinyusb/src/device/usbd.c.obj
 *fill*         0x0000000020000f95        0x3 
 .data.i2c0_inst
                0x0000000020000f98        0x8 CMakeFiles/PocketPet.dir/home/ghostrunner/virtual_pet/pico-sdk/src/rp2_common/hardware_i2c/i2c.c.obj
                0x0000000020000f98                i2c0_inst
 .data.i2c1_inst
                0x0000000020000fa0        0x8 CMakeFiles/PocketPet.dir/home/ghostrunner/virtual_pet/pico-sdk/src/rp2_common/hardware_i2c/i2c.c.obj
                0x0000000020000fa0                i2c1_inst
 .data          0x0000000020000fa8        0x8 lib/Fonts/libFonts.a(font12.c.obj)
                0x0000000020000fa8                Font12
 .data          0x0000000020000fb0        0xc lib/Fonts/libFonts.a(font24CN.c.obj)
                0x0000000020000fb0                Font24CN
 *fill*         0x0000000020000fbc        0x4 
 .data          0x0000000020000fc0      0x430 /usr/lib/gcc/arm-none-eabi/9.2.1/../../../arm-none-eabi/lib/thumb/v6-m/nofp/libc.a(lib_a-impure.o)
                0x0000000020000fc0                _impure_ptr
 .data          0x00000000200013f0      0x410 /usr/lib/gcc/arm-none-eabi/9.2.1/../../../arm-none-eabi/lib/thumb/v6-m/nofp/libc.a(lib_a-mallocr.o)
                0x00000000200013f0                __malloc_sbrk_base
                0x00000000200013f4                __malloc_trim_threshold
                0x00000000200013f8                __malloc_av_
                0x0000000020001800                . = ALIGN (0x4)
 *(.after_data.*)
                0x0000000020001800                . = ALIGN (0x4)
                0x0000000020001800                PROVIDE (__mutex_array_start = .)
 *(SORT_BY_NAME(.mutex_array.*))
 *(.mutex_array)
 .mutex_array   0x0000000020001800        0x8 CMakeFiles/PocketPet.dir/home/ghostrunner/virtual_pet/pico-sdk/src/rp2_common/pico_stdio/stdio.c.obj
                0x0000000020001808                PROVIDE (__mutex_array_end = .)
                0x0000000020001808                . = ALIGN (0x4)
                0x0000000020001808                PROVIDE (__preinit_array_start = .)
 *(SORT_BY_NAME(.preinit_array.*))
 .preinit_array.00001
                0x0000000020001808        0x4 CMakeFiles/PocketPet.dir/home/ghostrunner/virtual_pet/pico-sdk/src/rp2_common/pico_mem_ops/mem_ops_aeabi.S.obj
 .preinit_array.00010
                0x000000002000180c        0x4 CMakeFiles/PocketPet.dir/home/ghostrunner/virtual_pet/pico-sdk/src/rp2_common/pico_bit_ops/bit_ops_aeabi.S.obj
 .preinit_array.00020
                0x0000000020001810        0x4 CMakeFiles/PocketPet.dir/home/ghostrunner/virtual_pet/pico-sdk/src/rp2_common/pico_double/double_aeabi.S.obj
 .preinit_array.00020
                0x0000000020001814        0x4 CMakeFiles/PocketPet.dir/home/ghostrunner/virtual_pet/pico-sdk/src/rp2_common/pico_float/float_aeabi.S.obj
 *(.preinit_array)
                0x0000000020001818                PROVIDE (__preinit_array_end = .)
                0x0000000020001818                . = ALIGN (0x4)
                0x0000000020001818                PROVIDE (__init_array_start = .)
 *(SORT_BY_NAME(.init_array.*))
 *(.init_array)
 .init_array    0x0000000020001818        0x4 /usr/lib/gcc/arm-none-eabi/9.2.1/thumb/v6-m/nofp/crtbegin.o
 .init_array    0x000000002000181c        0x4 CMakeFiles/PocketPet.dir/home/ghostrunner/virtual_pet/pico-sdk/src/rp2_common/pico_unique_id/unique_id.c.obj
                0x0000000020001820                PROVIDE (__init_array_end = .)
                0x0000000020001820                . = ALIGN (0x4)
                0x0000000020001820                PROVIDE (__fini_array_start = .)
 *(SORT_BY_NAME(.fini_array.*))
 *(.fini_array)
                0x0000000020001820                PROVIDE (__fini_array_end = .)
 *(.jcr)
                0x0000000020001820                . = ALIGN (0x4)
                0x0000000020001820                __data_end__ = .

.tm_clone_table
                0x0000000020001820        0x0 load address 0x0000000010017cdc
 .tm_clone_table
                0x0000000020001820        0x0 /usr/lib/gcc/arm-none-eabi/9.2.1/thumb/v6-m/nofp/crtbegin.o
 .tm_clone_table
                0x0000000020001820        0x0 /usr/lib/gcc/arm-none-eabi/9.2.1/thumb/v6-m/nofp/crtend.o

.igot.plt       0x0000000020001820        0x0 load address 0x0000000010017cdc
 .igot.plt      0x0000000020001820        0x0 /usr/lib/gcc/arm-none-eabi/9.2.1/thumb/v6-m/nofp/crtbegin.o

.uninitialized_data
                0x0000000020001820        0x0 load address 0x0000000010017cdc
                0x0000000020001820                . = ALIGN (0x4)
 *(.uninitialized_data*)

.scratch_x      0x0000000020040000        0x0 load address 0x0000000010017cdc
                0x0000000020040000                __scratch_x_start__ = .
 *(.scratch_x.*)
                0x0000000020040000                . = ALIGN (0x4)
                0x0000000020040000                __scratch_x_end__ = .
                0x0000000010017cdc                __scratch_x_source__ = LOADADDR (.scratch_x)

.scratch_y      0x0000000020041000        0x0 load address 0x0000000010017cdc
                0x0000000020041000                __scratch_y_start__ = .
 *(.scratch_y.*)
                0x0000000020041000                . = ALIGN (0x4)
                0x0000000020041000                __scratch_y_end__ = .
                0x0000000010017cdc                __scratch_y_source__ = LOADADDR (.scratch_y)

.bss            0x0000000020001820      0xdf8
                0x0000000020001820                . = ALIGN (0x4)
                0x0000000020001820                __bss_start__ = .
 *(SORT_BY_ALIGNMENT(SORT_BY_NAME(.bss*)))
 .bss.default_alarm_pool_entries
                0x0000000020001820      0x100 CMakeFiles/PocketPet.dir/home/ghostrunner/virtual_pet/pico-sdk/src/common/pico_time/time.c.obj
 .bss.last_avail_time.7630
                0x0000000020001920        0x8 CMakeFiles/PocketPet.dir/home/ghostrunner/virtual_pet/pico-sdk/src/rp2_common/pico_stdio_usb/stdio_usb.c.obj
 .bss           0x0000000020001928       0x1c /usr/lib/gcc/arm-none-eabi/9.2.1/thumb/v6-m/nofp/crtbegin.o
 .bss           0x0000000020001944       0x34 /usr/lib/gcc/arm-none-eabi/9.2.1/../../../arm-none-eabi/lib/thumb/v6-m/nofp/libc.a(lib_a-mallocr.o)
                0x0000000020001944                __malloc_top_pad
                0x0000000020001948                __malloc_current_mallinfo
                0x0000000020001970                __malloc_max_sbrked_mem
                0x0000000020001974                __malloc_max_total_mem
 .bss._app_driver
                0x0000000020001978        0x4 CMakeFiles/PocketPet.dir/home/ghostrunner/virtual_pet/pico-sdk/lib/tinyusb/src/device/usbd.c.obj
 .bss._cdcd_itf
                0x000000002000197c      0x2c8 CMakeFiles/PocketPet.dir/home/ghostrunner/virtual_pet/pico-sdk/lib/tinyusb/src/class/cdc/cdc_device.c.obj
 .bss._ctrl_xfer
                0x0000000020001c44       0x14 CMakeFiles/PocketPet.dir/home/ghostrunner/virtual_pet/pico-sdk/lib/tinyusb/src/device/usbd_control.c.obj
 .bss._ubsd_mutexdef
                0x0000000020001c58        0x8 CMakeFiles/PocketPet.dir/home/ghostrunner/virtual_pet/pico-sdk/lib/tinyusb/src/device/usbd.c.obj
 .bss._usbd_ctrl_buf
                0x0000000020001c60       0x40 CMakeFiles/PocketPet.dir/home/ghostrunner/virtual_pet/pico-sdk/lib/tinyusb/src/device/usbd_control.c.obj
 .bss._usbd_dev
                0x0000000020001ca0       0x53 CMakeFiles/PocketPet.dir/home/ghostrunner/virtual_pet/pico-sdk/lib/tinyusb/src/device/usbd.c.obj
 *fill*         0x0000000020001cf3        0x1 
 .bss._usbd_mutex
                0x0000000020001cf4        0x4 CMakeFiles/PocketPet.dir/home/ghostrunner/virtual_pet/pico-sdk/lib/tinyusb/src/device/usbd.c.obj
 .bss._usbd_q   0x0000000020001cf8        0x4 CMakeFiles/PocketPet.dir/home/ghostrunner/virtual_pet/pico-sdk/lib/tinyusb/src/device/usbd.c.obj
 .bss.alarm_callbacks
                0x0000000020001cfc       0x10 CMakeFiles/PocketPet.dir/home/ghostrunner/virtual_pet/pico-sdk/src/rp2_common/hardware_timer/timer.c.obj
 .bss.boot2_copyout
                0x0000000020001d0c      0x100 CMakeFiles/PocketPet.dir/home/ghostrunner/virtual_pet/pico-sdk/src/rp2_common/hardware_flash/flash.c.obj
 .bss.chars_available_callback
                0x0000000020001e0c        0x4 CMakeFiles/PocketPet.dir/home/ghostrunner/virtual_pet/pico-sdk/src/rp2_common/pico_stdio_uart/stdio_uart.c.obj
 .bss.chars_available_callback
                0x0000000020001e10        0x4 CMakeFiles/PocketPet.dir/home/ghostrunner/virtual_pet/pico-sdk/src/rp2_common/pico_stdio_usb/stdio_usb.c.obj
 .bss.chars_available_param
                0x0000000020001e14        0x4 CMakeFiles/PocketPet.dir/home/ghostrunner/virtual_pet/pico-sdk/src/rp2_common/pico_stdio_uart/stdio_uart.c.obj
 .bss.chars_available_param
                0x0000000020001e18        0x4 CMakeFiles/PocketPet.dir/home/ghostrunner/virtual_pet/pico-sdk/src/rp2_common/pico_stdio_usb/stdio_usb.c.obj
 .bss.claimed   0x0000000020001e1c        0x4 CMakeFiles/PocketPet.dir/home/ghostrunner/virtual_pet/pico-sdk/src/rp2_common/hardware_sync/sync.c.obj
 .bss.configured_freq
                0x0000000020001e20       0x28 CMakeFiles/PocketPet.dir/home/ghostrunner/virtual_pet/pico-sdk/src/rp2_common/hardware_clocks/clocks.c.obj
 .bss.default_alarm_pool_entry_ids_high
                0x0000000020001e48       0x10 CMakeFiles/PocketPet.dir/home/ghostrunner/virtual_pet/pico-sdk/src/common/pico_time/time.c.obj
 .bss.default_alarm_pool_heap_nodes
                0x0000000020001e58       0x30 CMakeFiles/PocketPet.dir/home/ghostrunner/virtual_pet/pico-sdk/src/common/pico_time/time.c.obj
 .bss.desc_str.7422
                0x0000000020001e88       0x28 CMakeFiles/PocketPet.dir/home/ghostrunner/virtual_pet/pico-sdk/src/rp2_common/pico_stdio_usb/stdio_usb_descriptors.c.obj
 .bss.drivers   0x0000000020001eb0        0x4 CMakeFiles/PocketPet.dir/home/ghostrunner/virtual_pet/pico-sdk/src/rp2_common/pico_stdio/stdio.c.obj
 .bss.e15_last_sof
                0x0000000020001eb4        0x4 CMakeFiles/PocketPet.dir/home/ghostrunner/virtual_pet/pico-sdk/lib/tinyusb/src/portable/raspberrypi/rp2040/rp2040_usb.c.obj
                0x0000000020001eb4                e15_last_sof
 .bss.filter    0x0000000020001eb8        0x4 CMakeFiles/PocketPet.dir/home/ghostrunner/virtual_pet/pico-sdk/src/rp2_common/pico_stdio/stdio.c.obj
 .bss.heap_end.6415
                0x0000000020001ebc        0x4 CMakeFiles/PocketPet.dir/home/ghostrunner/virtual_pet/pico-sdk/src/rp2_common/pico_runtime/runtime.c.obj
 .bss.hw_endpoints
                0x0000000020001ec0      0x400 CMakeFiles/PocketPet.dir/home/ghostrunner/virtual_pet/pico-sdk/lib/tinyusb/src/portable/raspberrypi/rp2040/dcd_rp2040.c.obj
 .bss.lazy_vsnprintf
                0x00000000200022c0        0x4 CMakeFiles/PocketPet.dir/home/ghostrunner/virtual_pet/pico-sdk/src/rp2_common/pico_printf/printf.c.obj
 .bss.load_value
                0x00000000200022c4        0x4 CMakeFiles/PocketPet.dir/home/ghostrunner/virtual_pet/pico-sdk/src/rp2_common/hardware_watchdog/watchdog.c.obj
 .bss.next_buffer_ptr
                0x00000000200022c8        0x4 CMakeFiles/PocketPet.dir/home/ghostrunner/virtual_pet/pico-sdk/lib/tinyusb/src/portable/raspberrypi/rp2040/dcd_rp2040.c.obj
 .bss.one_shot_timer_crit_sec
                0x00000000200022cc        0x8 CMakeFiles/PocketPet.dir/home/ghostrunner/virtual_pet/pico-sdk/src/rp2_common/pico_stdio_usb/stdio_usb.c.obj
 .bss.pools     0x00000000200022d4       0x10 CMakeFiles/PocketPet.dir/home/ghostrunner/virtual_pet/pico-sdk/src/common/pico_time/time.c.obj
 .bss.retrieved_id
                0x00000000200022e4        0x8 CMakeFiles/PocketPet.dir/home/ghostrunner/virtual_pet/pico-sdk/src/rp2_common/pico_unique_id/unique_id.c.obj
 .bss.sf_clz_func
                0x00000000200022ec        0x4 CMakeFiles/PocketPet.dir/home/ghostrunner/virtual_pet/pico-sdk/src/rp2_common/pico_double/double_init_rom.c.obj
                0x00000000200022ec                sf_clz_func
 .bss.sleep_notifier
                0x00000000200022f0        0x4 CMakeFiles/PocketPet.dir/home/ghostrunner/virtual_pet/pico-sdk/src/common/pico_time/time.c.obj
 .bss.stdio_usb_mutex
                0x00000000200022f4        0x8 CMakeFiles/PocketPet.dir/home/ghostrunner/virtual_pet/pico-sdk/src/rp2_common/pico_stdio_usb/stdio_usb.c.obj
 .bss.target_hi
                0x00000000200022fc       0x10 CMakeFiles/PocketPet.dir/home/ghostrunner/virtual_pet/pico-sdk/src/rp2_common/hardware_timer/timer.c.obj
 .bss.uart_instance
                0x000000002000230c        0x4 CMakeFiles/PocketPet.dir/home/ghostrunner/virtual_pet/pico-sdk/src/rp2_common/pico_stdio_uart/stdio_uart.c.obj
 .bss.usbd_serial_str
                0x0000000020002310       0x11 CMakeFiles/PocketPet.dir/home/ghostrunner/virtual_pet/pico-sdk/src/rp2_common/pico_stdio_usb/stdio_usb_descriptors.c.obj
 .bss._app_driver_count
                0x0000000020002321        0x1 CMakeFiles/PocketPet.dir/home/ghostrunner/virtual_pet/pico-sdk/lib/tinyusb/src/device/usbd.c.obj
 .bss._sof_enable
                0x0000000020002322        0x1 CMakeFiles/PocketPet.dir/home/ghostrunner/virtual_pet/pico-sdk/lib/tinyusb/src/portable/raspberrypi/rp2040/dcd_rp2040.c.obj
 .bss.boot2_copyout_valid
                0x0000000020002323        0x1 CMakeFiles/PocketPet.dir/home/ghostrunner/virtual_pet/pico-sdk/src/rp2_common/hardware_flash/flash.c.obj
 .bss.claimed   0x0000000020002324        0x1 CMakeFiles/PocketPet.dir/home/ghostrunner/virtual_pet/pico-sdk/src/rp2_common/hardware_timer/timer.c.obj
 .bss.irq_hander_chain_free_slot_head
                0x0000000020002325        0x1 CMakeFiles/PocketPet.dir/home/ghostrunner/virtual_pet/pico-sdk/src/rp2_common/hardware_irq/irq.c.obj
 .bss.itf_num   0x0000000020002326        0x1 CMakeFiles/PocketPet.dir/home/ghostrunner/virtual_pet/pico-sdk/src/rp2_common/pico_stdio_usb/reset_interface.c.obj
 .bss.low_priority_irq_num
                0x0000000020002327        0x1 CMakeFiles/PocketPet.dir/home/ghostrunner/virtual_pet/pico-sdk/src/rp2_common/pico_stdio_usb/stdio_usb.c.obj
 .bss.one_shot_timer_pending
                0x0000000020002328        0x1 CMakeFiles/PocketPet.dir/home/ghostrunner/virtual_pet/pico-sdk/src/rp2_common/pico_stdio_usb/stdio_usb.c.obj
 .bss.timer_callbacks_pending
                0x0000000020002329        0x1 CMakeFiles/PocketPet.dir/home/ghostrunner/virtual_pet/pico-sdk/src/rp2_common/hardware_timer/timer.c.obj
 .bss.user_irq_claimed
                0x000000002000232a        0x1 CMakeFiles/PocketPet.dir/home/ghostrunner/virtual_pet/pico-sdk/src/rp2_common/hardware_irq/irq.c.obj
 *(COMMON)
 *fill*         0x000000002000232b        0x1 
 COMMON         0x000000002000232c        0x4 CMakeFiles/PocketPet.dir/home/ghostrunner/virtual_pet/pico-sdk/src/rp2_common/hardware_uart/uart.c.obj
                0x000000002000232c                uart_char_to_line_feed
 COMMON         0x0000000020002330      0x100 CMakeFiles/PocketPet.dir/home/ghostrunner/virtual_pet/pico-sdk/src/rp2_common/pico_double/double_init_rom.c.obj
                0x0000000020002330                sd_table
 COMMON         0x0000000020002430      0x100 CMakeFiles/PocketPet.dir/home/ghostrunner/virtual_pet/pico-sdk/src/rp2_common/pico_float/float_init_rom.c.obj
                0x0000000020002430                sf_table